Archive member included to satisfy reference by file (symbol)

C:/devkitPro/libnx/lib\libnx.a(console.o)
                              main.o (consoleInit)
C:/devkitPro/libnx/lib\libnx.a(applet.o)
                              main.o (appletMainLoop)
C:/devkitPro/libnx/lib\libnx.a(hid.o)
                              main.o (hidKeysDown)
C:/devkitPro/libnx/lib\libnx.a(sm.o)
                              C:/devkitPro/libnx/lib\libnx.a(applet.o) (smGetService)
C:/devkitPro/libnx/lib\libnx.a(apm.o)
                              C:/devkitPro/libnx/lib\libnx.a(applet.o) (apmExit)
C:/devkitPro/libnx/lib\libnx.a(fatal.o)
                              C:/devkitPro/libnx/lib\libnx.a(applet.o) (fatalSimple)
C:/devkitPro/libnx/lib\libnx.a(gfx.o)
                              C:/devkitPro/libnx/lib\libnx.a(console.o) (g_gfx_framebuf_display_height)
C:/devkitPro/libnx/lib\libnx.a(nvgfx.o)
                              C:/devkitPro/libnx/lib\libnx.a(gfx.o) (nvgfxInitialize)
C:/devkitPro/libnx/lib\libnx.a(channel.o)
                              C:/devkitPro/libnx/lib\libnx.a(nvgfx.o) (nvioctlChannel_SetNvmapFd)
C:/devkitPro/libnx/lib\libnx.a(nvhost-ctrl.o)
                              C:/devkitPro/libnx/lib\libnx.a(nvgfx.o) (nvioctlNvhostCtrl_EventWait)
C:/devkitPro/libnx/lib\libnx.a(nvhost-ctrl-gpu.o)
                              C:/devkitPro/libnx/lib\libnx.a(nvgfx.o) (nvioctlNvhostCtrlGpu_ZCullGetCtxSize)
C:/devkitPro/libnx/lib\libnx.a(nvhost-as-gpu.o)
                              C:/devkitPro/libnx/lib\libnx.a(nvgfx.o) (nvioctlNvhostAsGpu_BindChannel)
C:/devkitPro/libnx/lib\libnx.a(nvmap.o)
                              C:/devkitPro/libnx/lib\libnx.a(nvgfx.o) (nvioctlNvmap_Create)
C:/devkitPro/libnx/lib\libnx.a(cache.o)
                              C:/devkitPro/libnx/lib\libnx.a(gfx.o) (armDCacheFlush)
C:/devkitPro/libnx/lib\libnx.a(switch_crt0.o)
                              (_start)
C:/devkitPro/libnx/lib\libnx.a(svc.o)
                              C:/devkitPro/libnx/lib\libnx.a(applet.o) (svcSleepThread)
C:/devkitPro/libnx/lib\libnx.a(default_font.bin.o)
                              C:/devkitPro/libnx/lib\libnx.a(console.o) (default_font_bin)
C:/devkitPro/libnx/lib\libnx.a(dynamic.o)
                              C:/devkitPro/libnx/lib\libnx.a(switch_crt0.o) (__nx_dynamic)
C:/devkitPro/libnx/lib\libnx.a(init.o)
                              C:/devkitPro/libnx/lib\libnx.a(switch_crt0.o) (__libnx_init)
C:/devkitPro/libnx/lib\libnx.a(env.o)
                              C:/devkitPro/libnx/lib\libnx.a(init.o) (envSetup)
C:/devkitPro/libnx/lib\libnx.a(newlib.o)
                              C:/devkitPro/libnx/lib\libnx.a(init.o) (newlibSetup)
C:/devkitPro/libnx/lib\libnx.a(argv.o)
                              C:/devkitPro/libnx/lib\libnx.a(init.o) (argvSetup)
C:/devkitPro/libnx/lib\libnx.a(detect.o)
                              C:/devkitPro/libnx/lib\libnx.a(applet.o) (kernelAbove200)
C:/devkitPro/libnx/lib\libnx.a(shmem.o)
                              C:/devkitPro/libnx/lib\libnx.a(hid.o) (shmemLoadRemote)
C:/devkitPro/libnx/lib\libnx.a(rwlock.o)
                              C:/devkitPro/libnx/lib\libnx.a(hid.o) (rwlockReadLock)
C:/devkitPro/libnx/lib\libnx.a(mutex.o)
                              C:/devkitPro/libnx/lib\libnx.a(newlib.o) (mutexLock)
C:/devkitPro/libnx/lib\libnx.a(virtmem.o)
                              C:/devkitPro/libnx/lib\libnx.a(init.o) (virtmemSetup)
C:/devkitPro/libnx/lib\libnx.a(fs_dev.o)
                              C:/devkitPro/libnx/lib\libnx.a(init.o) (fsdevMountSdmc)
C:/devkitPro/libnx/lib\libnx.a(time.o)
                              C:/devkitPro/libnx/lib\libnx.a(init.o) (timeExit)
C:/devkitPro/libnx/lib\libnx.a(vi.o)
                              C:/devkitPro/libnx/lib\libnx.a(gfx.o) (viExit)
C:/devkitPro/libnx/lib\libnx.a(nv.o)
                              C:/devkitPro/libnx/lib\libnx.a(gfx.o) (nvExit)
C:/devkitPro/libnx/lib\libnx.a(fs.o)
                              C:/devkitPro/libnx/lib\libnx.a(init.o) (fsInitialize)
C:/devkitPro/libnx/lib\libnx.a(buffer_producer.o)
                              C:/devkitPro/libnx/lib\libnx.a(gfx.o) (bufferProducerInitialize)
C:/devkitPro/libnx/lib\libnx.a(binder.o)
                              C:/devkitPro/libnx/lib\libnx.a(gfx.o) (binderCreateSession)
C:/devkitPro/libnx/lib\libnx.a(parcel.o)
                              C:/devkitPro/libnx/lib\libnx.a(buffer_producer.o) (parcelInitialize)
C:/devkitPro/libnx/lib\libnx.a(decode_utf8.o)
                              C:/devkitPro/libnx/lib\libnx.a(fs_dev.o) (decode_utf8)
C:/devkitPro/libnx/lib\libnx.a(readtp.o)
                              C:/devkitPro/libnx/lib\libnx.a(fs_dev.o) (__aarch64_read_tp)
C:/devkitPro/libnx/lib\libnx.a(nxlink.o)
                              C:/devkitPro/libnx/lib\libnx.a(argv.o) (nxlinkSetup)
C:/devkitPro/libnx/lib\libnx.a(tmem.o)
                              C:/devkitPro/libnx/lib\libnx.a(nv.o) (tmemCreate)
[...]
Memory Configuration

Name             Origin             Length             Attributes
*default*        0x0000000000000000 0xffffffffffffffff

Linker script and memory map

                0x0000000000000000                PROVIDE (__start__ = 0x0)
                0x0000000000000000                . = __start__

.crt0           0x0000000000000000      0x118
 *(.crt0)
 .crt0          0x0000000000000000      0x114 C:/devkitPro/libnx/lib\libnx.a(switch_crt0.o)
                0x0000000000000000                _start
                0x0000000000000104                __nx_exit
                0x0000000000000118                . = ALIGN (0x8)
 *fill*         0x0000000000000114        0x4 

.init           0x0000000000000118       0x38
 *(.init)
 .init          0x0000000000000118       0x18 c:/devkitpro/devkita64/bin/../lib/gcc/aarch64-none-elf/8.1.0/pic/crti.o
                0x0000000000000118                _init
 .init          0x0000000000000130       0x1c c:/devkitpro/devkita64/bin/../lib/gcc/aarch64-none-elf/8.1.0/pic/crtn.o
                0x0000000000000150                . = ALIGN (0x8)
 *fill*         0x000000000000014c        0x4 

.plt            0x0000000000000150        0x0
 *(.plt)
 .plt           0x0000000000000150        0x0 c:/devkitpro/devkita64/bin/../lib/gcc/aarch64-none-elf/8.1.0/pic/crti.o
 *(.iplt)
                0x0000000000000150                . = ALIGN (0x8)

.text           0x0000000000000180    0x23dd0
 *(.text.unlikely .text.*_unlikely .text.unlikely.*)
 *(.text.exit .text.exit.*)
 *(.text.startup .text.startup.*)
 .text.startup.main
                0x0000000000000180      0x20c main.o
                0x0000000000000180                main
 *(.text.hot .text.hot.*)
 *(.text .stub .text.* .gnu.linkonce.t.*)
 *fill*         0x000000000000038c        0x4 
 .text.deregister_tm_clones
                0x0000000000000390       0x2c c:/devkitpro/devkita64/bin/../lib/gcc/aarch64-none-elf/8.1.0/pic/crtbegin.o
 *fill*         0x00000000000003bc        0x4 
 .text.register_tm_clones
                0x00000000000003c0       0x38 c:/devkitpro/devkita64/bin/../lib/gcc/aarch64-none-elf/8.1.0/pic/crtbegin.o
 .text.__do_global_dtors_aux
                0x00000000000003f8       0x48 c:/devkitpro/devkita64/bin/../lib/gcc/aarch64-none-elf/8.1.0/pic/crtbegin.o
 .text.frame_dummy
                0x0000000000000440       0x34 c:/devkitpro/devkita64/bin/../lib/gcc/aarch64-none-elf/8.1.0/pic/crtbegin.o
 *fill*         0x0000000000000474        0xc 
 .text.noise2d  0x0000000000000480      0x10c perlin2d.o
                0x0000000000000480                noise2d
 *fill*         0x000000000000058c        0x4 
 .text.perlin2d
                0x0000000000000590       0xa8 perlin2d.o
                0x0000000000000590                perlin2d
 *fill*         0x0000000000000638        0x8 
 .text.printNx  0x0000000000000640       0x10 rogueIO.o
                0x0000000000000640                printNx
 .text.drawBox  0x0000000000000650      0x13c rogueIO.o
                0x0000000000000650                drawBox
 *fill*         0x000000000000078c        0x4 
 .text.printMenu
                0x0000000000000790      0x124 rogueIO.o
                0x0000000000000790                printMenu
 *fill*         0x00000000000008b4        0xc 
 .text.printNotif
                0x00000000000008c0       0x60 rogueIO.o
                0x00000000000008c0                printNotif
 .text.printStats
                0x0000000000000920      0x10c rogueIO.o
                0x0000000000000920                printStats
 *fill*         0x0000000000000a2c        0x4 
 .text.printInventory
                0x0000000000000a30      0x100 rogueIO.o
                0x0000000000000a30                printInventory
 .text.printGameBorder
                0x0000000000000b30       0x3c rogueIO.o
                0x0000000000000b30                printGameBorder
 *fill*         0x0000000000000b6c        0x4 
 .text.printGameMap
                0x0000000000000b70      0x12c rogueIO.o
                0x0000000000000b70                printGameMap
 *fill*         0x0000000000000c9c        0x4 
 .text.printCharacter
                0x0000000000000ca0       0x4c rogueIO.o
                0x0000000000000ca0                printCharacter
 *fill*         0x0000000000000cec        0x4 
 .text.consoleDrawChar
                0x0000000000000cf0      0x294 C:/devkitPro/libnx/lib\libnx.a(console.o)
                0x0000000000000cf0                consoleDrawChar
 *fill*         0x0000000000000f84        0xc 
 .text.consolePrintChar
                0x0000000000000f90      0x164 C:/devkitPro/libnx/lib\libnx.a(console.o)
                0x0000000000000f90                consolePrintChar
 *fill*         0x00000000000010f4        0xc 
 .text.consoleClearLine
                0x0000000000001100      0x170 C:/devkitPro/libnx/lib\libnx.a(console.o)
 .text.newRow   0x0000000000001270      0x1c4 C:/devkitPro/libnx/lib\libnx.a(console.o)
 *fill*         0x0000000000001434        0xc 
 .text.consoleCls
                0x0000000000001440      0x18c C:/devkitPro/libnx/lib\libnx.a(console.o)
 *fill*         0x00000000000015cc        0x4 
 .text.consoleInit
                0x00000000000015d0       0xf8 C:/devkitPro/libnx/lib\libnx.a(console.o)
                0x00000000000015d0                consoleInit
 *fill*         0x00000000000016c8        0x8 
 .text.con_write
                0x00000000000016d0      0x854 C:/devkitPro/libnx/lib\libnx.a(console.o)
 *fill*         0x0000000000001f24        0xc 
 .text.ipcCloseObjectById
                0x0000000000001f30       0x34 C:/devkitPro/libnx/lib\libnx.a(applet.o)
 *fill*         0x0000000000001f64        0xc 
 .text._appletGetHandle
                0x0000000000001f70      0x124 C:/devkitPro/libnx/lib\libnx.a(applet.o)
 *fill*         0x0000000000002094        0xc 
 .text._appletGetOperationMode.constprop.13
                0x00000000000020a0       0xe0 C:/devkitPro/libnx/lib\libnx.a(applet.o)
 .text._appletGetCurrentFocusState.constprop.15
                0x0000000000002180       0xe0 C:/devkitPro/libnx/lib\libnx.a(applet.o)
 .text._appletReceiveMessage
                0x0000000000002260       0xec C:/devkitPro/libnx/lib\libnx.a(applet.o)
 *fill*         0x000000000000234c        0x4 
 .text._appletGetPerformanceMode.constprop.14
                0x0000000000002350       0xe0 C:/devkitPro/libnx/lib\libnx.a(applet.o)
 .text._appletAcquireForegroundRights
                0x0000000000002430       0xcc C:/devkitPro/libnx/lib\libnx.a(applet.o)
 *fill*         0x00000000000024fc        0x4 
 .text._appletSetOperationModeChangedNotification.constprop.16
                0x0000000000002500       0xd4 C:/devkitPro/libnx/lib\libnx.a(applet.o)
 *fill*         0x00000000000025d4        0xc 
 .text._appletSetPerformanceModeChangedNotification.constprop.17
                0x00000000000025e0       0xd4 C:/devkitPro/libnx/lib\libnx.a(applet.o)
 *fill*         0x00000000000026b4        0xc 
 .text._appletSetOutOfFocusSuspendingEnabled
                0x00000000000026c0       0xd0 C:/devkitPro/libnx/lib\libnx.a(applet.o)
 .text._appletSetFocusHandlingMode
                0x0000000000002790       0xd8 C:/devkitPro/libnx/lib\libnx.a(applet.o)
 *fill*         0x0000000000002868        0x8 
 .text._appletGetAppletResourceUserId.constprop.11
                0x0000000000002870       0xe0 C:/devkitPro/libnx/lib\libnx.a(applet.o)
 .text._appletGetSessionProxy.constprop.10
                0x0000000000002950      0x13c C:/devkitPro/libnx/lib\libnx.a(applet.o)
 *fill*         0x0000000000002a8c        0x4 
 .text.appletExit
                0x0000000000002a90      0x48c C:/devkitPro/libnx/lib\libnx.a(applet.o)
                0x0000000000002a90                appletExit
 *fill*         0x0000000000002f1c        0x4 
 .text.appletHook
                0x0000000000002f20       0x28 C:/devkitPro/libnx/lib\libnx.a(applet.o)
                0x0000000000002f20                appletHook
 *fill*         0x0000000000002f48        0x8 
 .text.appletUnhook
                0x0000000000002f50       0x34 C:/devkitPro/libnx/lib\libnx.a(applet.o)
                0x0000000000002f50                appletUnhook
 *fill*         0x0000000000002f84        0xc 
 .text.appletGetAppletResourceUserId
                0x0000000000002f90       0x28 C:/devkitPro/libnx/lib\libnx.a(applet.o)
                0x0000000000002f90                appletGetAppletResourceUserId
 *fill*         0x0000000000002fb8        0x8 
 .text.appletNotifyRunning
                0x0000000000002fc0      0x120 C:/devkitPro/libnx/lib\libnx.a(applet.o)
                0x0000000000002fc0                appletNotifyRunning
 .text.appletInitialize
                0x00000000000030e0      0x4dc C:/devkitPro/libnx/lib\libnx.a(applet.o)
                0x00000000000030e0                appletInitialize
 *fill*         0x00000000000035bc        0x4 
 .text.appletCreateManagedDisplayLayer
                0x00000000000035c0       0xec C:/devkitPro/libnx/lib\libnx.a(applet.o)
                0x00000000000035c0                appletCreateManagedDisplayLayer
 *fill*         0x00000000000036ac        0x4 
 .text.appletGetOperationMode
                0x00000000000036b0        0xc C:/devkitPro/libnx/lib\libnx.a(applet.o)
                0x00000000000036b0                appletGetOperationMode
 *fill*         0x00000000000036bc        0x4 
 .text.appletMainLoop
                0x00000000000036c0      0x144 C:/devkitPro/libnx/lib\libnx.a(applet.o)
                0x00000000000036c0                appletMainLoop
 *fill*         0x0000000000003804        0xc 
 .text.ipcCloseObjectById
                0x0000000000003810       0x34 C:/devkitPro/libnx/lib\libnx.a(hid.o)
 *fill*         0x0000000000003844        0xc 
 .text._hidGetSharedMemoryHandle.constprop.8
                0x0000000000003850      0x124 C:/devkitPro/libnx/lib\libnx.a(hid.o)
 *fill*         0x0000000000003974        0xc 
 .text._hidCreateAppletResource.constprop.7
                0x0000000000003980      0x134 C:/devkitPro/libnx/lib\libnx.a(hid.o)
 *fill*         0x0000000000003ab4        0xc 
 .text.hidReset
                0x0000000000003ac0      0x1b0 C:/devkitPro/libnx/lib\libnx.a(hid.o)
                0x0000000000003ac0                hidReset
 .text.hidGetSharedmemAddr
                0x0000000000003c70        0xc C:/devkitPro/libnx/lib\libnx.a(hid.o)
                0x0000000000003c70                hidGetSharedmemAddr
 *fill*         0x0000000000003c7c        0x4 
 .text.hidKeysDown
                0x0000000000003c80       0x6c C:/devkitPro/libnx/lib\libnx.a(hid.o)
                0x0000000000003c80                hidKeysDown
 *fill*         0x0000000000003cec        0x4 
 .text.hidTouchCount
                0x0000000000003cf0        0xc C:/devkitPro/libnx/lib\libnx.a(hid.o)
                0x0000000000003cf0                hidTouchCount
 *fill*         0x0000000000003cfc        0x4 
 .text.hidScanInput
                0x0000000000003d00      0x49c C:/devkitPro/libnx/lib\libnx.a(hid.o)
                0x0000000000003d00                hidScanInput
 *fill*         0x000000000000419c        0x4 
 .text.hidSetNpadJoyAssignmentModeDual
                0x00000000000041a0      0x108 C:/devkitPro/libnx/lib\libnx.a(hid.o)
                0x00000000000041a0                hidSetNpadJoyAssignmentModeDual
 *fill*         0x00000000000042a8        0x8 
 .text.hidExit  0x00000000000042b0      0x120 C:/devkitPro/libnx/lib\libnx.a(hid.o)
                0x00000000000042b0                hidExit
 .text.hidInitialize
                0x00000000000043d0       0xec C:/devkitPro/libnx/lib\libnx.a(hid.o)
                0x00000000000043d0                hidInitialize
 *fill*         0x00000000000044bc        0x4 
 .text.smAddOverrideHandle
                0x00000000000044c0       0x44 C:/devkitPro/libnx/lib\libnx.a(sm.o)
                0x00000000000044c0                smAddOverrideHandle
 *fill*         0x0000000000004504        0xc 
 .text.smGetServiceOverride
                0x0000000000004510       0x60 C:/devkitPro/libnx/lib\libnx.a(sm.o)
                0x0000000000004510                smGetServiceOverride
 .text.smHasInitialized
                0x0000000000004570       0x14 C:/devkitPro/libnx/lib\libnx.a(sm.o)
                0x0000000000004570                smHasInitialized
 *fill*         0x0000000000004584        0xc 
 .text.smExit   0x0000000000004590       0x48 C:/devkitPro/libnx/lib\libnx.a(sm.o)
                0x0000000000004590                smExit
 *fill*         0x00000000000045d8        0x8 
 .text.smEncodeName
                0x00000000000045e0       0x38 C:/devkitPro/libnx/lib\libnx.a(sm.o)
                0x00000000000045e0                smEncodeName
 *fill*         0x0000000000004618        0x8 
 .text.smGetServiceOriginal
                0x0000000000004620      0x12c C:/devkitPro/libnx/lib\libnx.a(sm.o)
                0x0000000000004620                smGetServiceOriginal
 *fill*         0x000000000000474c        0x4 
 .text.smInitialize
                0x0000000000004750      0x158 C:/devkitPro/libnx/lib\libnx.a(sm.o)
                0x0000000000004750                smInitialize
 *fill*         0x00000000000048a8        0x8 
 .text.smGetService
                0x00000000000048b0       0x74 C:/devkitPro/libnx/lib\libnx.a(sm.o)
                0x00000000000048b0                smGetService
 *fill*         0x0000000000004924        0xc 
 .text.ipcCloseObjectById
                0x0000000000004930       0x34 C:/devkitPro/libnx/lib\libnx.a(apm.o)
 *fill*         0x0000000000004964        0xc 
 .text._apmGetSession.constprop.4
                0x0000000000004970      0x124 C:/devkitPro/libnx/lib\libnx.a(apm.o)
 *fill*         0x0000000000004a94        0xc 
 .text.apmExit  0x0000000000004aa0       0xf0 C:/devkitPro/libnx/lib\libnx.a(apm.o)
                0x0000000000004aa0                apmExit
 .text.apmInitialize
                0x0000000000004b90       0x8c C:/devkitPro/libnx/lib\libnx.a(apm.o)
                0x0000000000004b90                apmInitialize
 *fill*         0x0000000000004c1c        0x4 
 .text.apmSetPerformanceConfiguration
                0x0000000000004c20       0xcc C:/devkitPro/libnx/lib\libnx.a(apm.o)
                0x0000000000004c20                apmSetPerformanceConfiguration
 *fill*         0x0000000000004cec        0x4 
 .text.fatalSimple
                0x0000000000004cf0       0xc0 C:/devkitPro/libnx/lib\libnx.a(fatal.o)
                0x0000000000004cf0                fatalSimple
 .text._gfxDequeueBuffer.part.0
                0x0000000000004db0       0xc8 C:/devkitPro/libnx/lib\libnx.a(gfx.o)
 *fill*         0x0000000000004e78        0x8 
 .text._gfxQueueBuffer.part.1
                0x0000000000004e80       0x38 C:/devkitPro/libnx/lib\libnx.a(gfx.o)
 *fill*         0x0000000000004eb8        0x8 
 .text.gfxConfigureCrop
                0x0000000000004ec0       0xe8 C:/devkitPro/libnx/lib\libnx.a(gfx.o)
                0x0000000000004ec0                gfxConfigureCrop
 *fill*         0x0000000000004fa8        0x8 
 .text.gfxConfigureResolution
                0x0000000000004fb0       0x14 C:/devkitPro/libnx/lib\libnx.a(gfx.o)
                0x0000000000004fb0                gfxConfigureResolution
 *fill*         0x0000000000004fc4        0xc 
 .text._gfxAutoResolutionAppletHook
                0x0000000000004fd0       0x60 C:/devkitPro/libnx/lib\libnx.a(gfx.o)
 .text.gfxConfigureAutoResolution
                0x0000000000005030      0x11c C:/devkitPro/libnx/lib\libnx.a(gfx.o)
                0x0000000000005030                gfxConfigureAutoResolution
 *fill*         0x000000000000514c        0x4 
 .text.gfxExit  0x0000000000005150      0x178 C:/devkitPro/libnx/lib\libnx.a(gfx.o)
                0x0000000000005150                gfxExit
 *fill*         0x00000000000052c8        0x8 
 .text._gfxGraphicBufferInit
                0x00000000000052d0       0x54 C:/devkitPro/libnx/lib\libnx.a(gfx.o)
                0x00000000000052d0                _gfxGraphicBufferInit
 *fill*         0x0000000000005324        0xc 
 .text.gfxWaitForVsync
                0x0000000000005330       0x80 C:/devkitPro/libnx/lib\libnx.a(gfx.o)
                0x0000000000005330                gfxWaitForVsync
 .text.gfxInitDefault
                0x00000000000053b0      0x588 C:/devkitPro/libnx/lib\libnx.a(gfx.o)
                0x00000000000053b0                gfxInitDefault
 *fill*         0x0000000000005938        0x8 
 .text.gfxSwapBuffers
                0x0000000000005940       0x5c C:/devkitPro/libnx/lib\libnx.a(gfx.o)
                0x0000000000005940                gfxSwapBuffers
 *fill*         0x000000000000599c        0x4 
 .text.gfxGetFramebuffer
                0x00000000000059a0       0x68 C:/devkitPro/libnx/lib\libnx.a(gfx.o)
                0x00000000000059a0                gfxGetFramebuffer
 *fill*         0x0000000000005a08        0x8 
 .text.gfxSetMode
                0x0000000000005a10        0xc C:/devkitPro/libnx/lib\libnx.a(gfx.o)
                0x0000000000005a10                gfxSetMode
 *fill*         0x0000000000005a1c        0x4 
 .text.gfxFlushBuffers
                0x0000000000005a20      0x144 C:/devkitPro/libnx/lib\libnx.a(gfx.o)
                0x0000000000005a20                gfxFlushBuffers
 *fill*         0x0000000000005b64        0xc 
 .text.nvmapobjClose
                0x0000000000005b70       0x3c C:/devkitPro/libnx/lib\libnx.a(nvgfx.o)
 *fill*         0x0000000000005bac        0x4 
 .text.nvmapobjInitialize.part.0
                0x0000000000005bb0       0x6c C:/devkitPro/libnx/lib\libnx.a(nvgfx.o)
 *fill*         0x0000000000005c1c        0x4 
 .text.nvmapobjSetup.constprop.2
                0x0000000000005c20       0x70 C:/devkitPro/libnx/lib\libnx.a(nvgfx.o)
 .text.nvgfxInitialize
                0x0000000000005c90      0xbd8 C:/devkitPro/libnx/lib\libnx.a(nvgfx.o)
                0x0000000000005c90                nvgfxInitialize
 *fill*         0x0000000000006868        0x8 
 .text.nvgfxExit
                0x0000000000006870      0x128 C:/devkitPro/libnx/lib\libnx.a(nvgfx.o)
                0x0000000000006870                nvgfxExit
 *fill*         0x0000000000006998        0x8 
 .text.nvgfxEventWait
                0x00000000000069a0       0x68 C:/devkitPro/libnx/lib\libnx.a(nvgfx.o)
                0x00000000000069a0                nvgfxEventWait
 *fill*         0x0000000000006a08        0x8 
 .text.nvgfxGetFramebuffer
                0x0000000000006a10       0x3c C:/devkitPro/libnx/lib\libnx.a(nvgfx.o)
                0x0000000000006a10                nvgfxGetFramebuffer
 *fill*         0x0000000000006a4c        0x4 
 .text.nvioctlChannel_SetNvmapFd
                0x0000000000006a50       0x24 C:/devkitPro/libnx/lib\libnx.a(channel.o)
                0x0000000000006a50                nvioctlChannel_SetNvmapFd
 *fill*         0x0000000000006a74        0xc 
 .text.nvioctlChannel_AllocObjCtx
                0x0000000000006a80       0x30 C:/devkitPro/libnx/lib\libnx.a(channel.o)
                0x0000000000006a80                nvioctlChannel_AllocObjCtx
 .text.nvioctlChannel_ZCullBind
                0x0000000000006ab0       0x28 C:/devkitPro/libnx/lib\libnx.a(channel.o)
                0x0000000000006ab0                nvioctlChannel_ZCullBind
 *fill*         0x0000000000006ad8        0x8 
 .text.nvioctlChannel_SetErrorNotifier
                0x0000000000006ae0       0x28 C:/devkitPro/libnx/lib\libnx.a(channel.o)
                0x0000000000006ae0                nvioctlChannel_SetErrorNotifier
 *fill*         0x0000000000006b08        0x8 
 .text.nvioctlChannel_SetPriority
                0x0000000000006b10       0x24 C:/devkitPro/libnx/lib\libnx.a(channel.o)
                0x0000000000006b10                nvioctlChannel_SetPriority
 *fill*         0x0000000000006b34        0xc 
 .text.nvioctlChannel_AllocGpfifoEx2
                0x0000000000006b40       0x54 C:/devkitPro/libnx/lib\libnx.a(channel.o)
                0x0000000000006b40                nvioctlChannel_AllocGpfifoEx2
 *fill*         0x0000000000006b94        0xc 
 .text.nvioctlChannel_SetUserData
                0x0000000000006ba0       0x24 C:/devkitPro/libnx/lib\libnx.a(channel.o)
                0x0000000000006ba0                nvioctlChannel_SetUserData
 *fill*         0x0000000000006bc4        0xc 
 .text.nvioctlNvhostCtrl_EventWait
                0x0000000000006bd0       0x40 C:/devkitPro/libnx/lib\libnx.a(nvhost-ctrl.o)
                0x0000000000006bd0                nvioctlNvhostCtrl_EventWait
 .text.nvioctlNvhostCtrlGpu_ZCullGetCtxSize
                0x0000000000006c10       0x3c C:/devkitPro/libnx/lib\libnx.a(nvhost-ctrl-gpu.o)
                0x0000000000006c10                nvioctlNvhostCtrlGpu_ZCullGetCtxSize
 *fill*         0x0000000000006c4c        0x4 
 .text.nvioctlNvhostCtrlGpu_ZCullGetInfo
                0x0000000000006c50       0x60 C:/devkitPro/libnx/lib\libnx.a(nvhost-ctrl-gpu.o)
                0x0000000000006c50                nvioctlNvhostCtrlGpu_ZCullGetInfo
 .text.nvioctlNvhostCtrlGpu_GetCharacteristics
                0x0000000000006cb0       0x9c C:/devkitPro/libnx/lib\libnx.a(nvhost-ctrl-gpu.o)
                0x0000000000006cb0                nvioctlNvhostCtrlGpu_GetCharacteristics
 *fill*         0x0000000000006d4c        0x4 
 .text.nvioctlNvhostCtrlGpu_GetTpcMasks
                0x0000000000006d50       0x5c C:/devkitPro/libnx/lib\libnx.a(nvhost-ctrl-gpu.o)
                0x0000000000006d50                nvioctlNvhostCtrlGpu_GetTpcMasks
 *fill*         0x0000000000006dac        0x4 
 .text.nvioctlNvhostCtrlGpu_GetL2State
                0x0000000000006db0       0x3c C:/devkitPro/libnx/lib\libnx.a(nvhost-ctrl-gpu.o)
                0x0000000000006db0                nvioctlNvhostCtrlGpu_GetL2State
 *fill*         0x0000000000006dec        0x4 
 .text.nvioctlNvhostAsGpu_BindChannel
                0x0000000000006df0       0x24 C:/devkitPro/libnx/lib\libnx.a(nvhost-as-gpu.o)
                0x0000000000006df0                nvioctlNvhostAsGpu_BindChannel
 *fill*         0x0000000000006e14        0xc 
 .text.nvioctlNvhostAsGpu_AllocSpace
                0x0000000000006e20       0x44 C:/devkitPro/libnx/lib\libnx.a(nvhost-as-gpu.o)
                0x0000000000006e20                nvioctlNvhostAsGpu_AllocSpace
 *fill*         0x0000000000006e64        0xc 
 .text.nvioctlNvhostAsGpu_MapBufferEx
                0x0000000000006e70       0x50 C:/devkitPro/libnx/lib\libnx.a(nvhost-as-gpu.o)
                0x0000000000006e70                nvioctlNvhostAsGpu_MapBufferEx
 .text.nvioctlNvhostAsGpu_GetVARegions
                0x0000000000006ec0       0x70 C:/devkitPro/libnx/lib\libnx.a(nvhost-as-gpu.o)
                0x0000000000006ec0                nvioctlNvhostAsGpu_GetVARegions
 .text.nvioctlNvhostAsGpu_InitializeEx
                0x0000000000006f30       0x3c C:/devkitPro/libnx/lib\libnx.a(nvhost-as-gpu.o)
                0x0000000000006f30                nvioctlNvhostAsGpu_InitializeEx
 *fill*         0x0000000000006f6c        0x4 
 .text.nvioctlNvmap_Create
                0x0000000000006f70       0x3c C:/devkitPro/libnx/lib\libnx.a(nvmap.o)
                0x0000000000006f70                nvioctlNvmap_Create
 *fill*         0x0000000000006fac        0x4 
 .text.nvioctlNvmap_FromId
                0x0000000000006fb0       0x3c C:/devkitPro/libnx/lib\libnx.a(nvmap.o)
                0x0000000000006fb0                nvioctlNvmap_FromId
 *fill*         0x0000000000006fec        0x4 
 .text.nvioctlNvmap_Alloc
                0x0000000000006ff0       0x30 C:/devkitPro/libnx/lib\libnx.a(nvmap.o)
                0x0000000000006ff0                nvioctlNvmap_Alloc
 .text.nvioctlNvmap_GetId
                0x0000000000007020       0x3c C:/devkitPro/libnx/lib\libnx.a(nvmap.o)
                0x0000000000007020                nvioctlNvmap_GetId
 .text.armDCacheFlush
                0x000000000000705c       0x3c C:/devkitPro/libnx/lib\libnx.a(cache.o)
                0x000000000000705c                armDCacheFlush
 .text.svcSetHeapSize
                0x0000000000007098       0x14 C:/devkitPro/libnx/lib\libnx.a(svc.o)
                0x0000000000007098                svcSetHeapSize
 .text.svcUnmapMemory
                0x00000000000070ac        0x8 C:/devkitPro/libnx/lib\libnx.a(svc.o)
                0x00000000000070ac                svcUnmapMemory
 .text.svcQueryMemory
                0x00000000000070b4       0x14 C:/devkitPro/libnx/lib\libnx.a(svc.o)
                0x00000000000070b4                svcQueryMemory
 .text.svcExitProcess
                0x00000000000070c8        0x8 C:/devkitPro/libnx/lib\libnx.a(svc.o)
                0x00000000000070c8                svcExitProcess
 .text.svcSleepThread
                0x00000000000070d0        0x8 C:/devkitPro/libnx/lib\libnx.a(svc.o)
                0x00000000000070d0                svcSleepThread
 .text.svcMapSharedMemory
                0x00000000000070d8        0x8 C:/devkitPro/libnx/lib\libnx.a(svc.o)
                0x00000000000070d8                svcMapSharedMemory
 .text.svcUnmapSharedMemory
                0x00000000000070e0        0x8 C:/devkitPro/libnx/lib\libnx.a(svc.o)
                0x00000000000070e0                svcUnmapSharedMemory
 .text.svcCreateTransferMemory
                0x00000000000070e8       0x14 C:/devkitPro/libnx/lib\libnx.a(svc.o)
                0x00000000000070e8                svcCreateTransferMemory
 .text.svcCloseHandle
                0x00000000000070fc        0x8 C:/devkitPro/libnx/lib\libnx.a(svc.o)
                0x00000000000070fc                svcCloseHandle
 .text.svcResetSignal
                0x0000000000007104        0x8 C:/devkitPro/libnx/lib\libnx.a(svc.o)
                0x0000000000007104                svcResetSignal
 .text.svcWaitSynchronization
                0x000000000000710c       0x14 C:/devkitPro/libnx/lib\libnx.a(svc.o)
                0x000000000000710c                svcWaitSynchronization
 .text.svcArbitrateLock
                0x0000000000007120        0x8 C:/devkitPro/libnx/lib\libnx.a(svc.o)
                0x0000000000007120                svcArbitrateLock
 .text.svcArbitrateUnlock
                0x0000000000007128        0x8 C:/devkitPro/libnx/lib\libnx.a(svc.o)
                0x0000000000007128                svcArbitrateUnlock
 .text.svcGetSystemTick
                0x0000000000007130        0x8 C:/devkitPro/libnx/lib\libnx.a(svc.o)
                0x0000000000007130                svcGetSystemTick
 .text.svcConnectToNamedPort
                0x0000000000007138       0x14 C:/devkitPro/libnx/lib\libnx.a(svc.o)
                0x0000000000007138                svcConnectToNamedPort
 .text.svcSendSyncRequest
                0x000000000000714c        0x8 C:/devkitPro/libnx/lib\libnx.a(svc.o)
                0x000000000000714c                svcSendSyncRequest
 .text.svcBreak
                0x0000000000007154        0x8 C:/devkitPro/libnx/lib\libnx.a(svc.o)
                0x0000000000007154                svcBreak
 .text.svcGetInfo
                0x000000000000715c       0x14 C:/devkitPro/libnx/lib\libnx.a(svc.o)
                0x000000000000715c                svcGetInfo
 .text.svcUnmapTransferMemory
                0x0000000000007170        0x8 C:/devkitPro/libnx/lib\libnx.a(svc.o)
                0x0000000000007170                svcUnmapTransferMemory
 *fill*         0x0000000000007178        0x8 
 .text.__nx_dynamic
                0x0000000000007180       0xa0 C:/devkitPro/libnx/lib\libnx.a(dynamic.o)
                0x0000000000007180                __nx_dynamic
 .text.__libnx_initheap
                0x0000000000007220       0xd8 C:/devkitPro/libnx/lib\libnx.a(init.o)
                0x0000000000007220                __libnx_initheap
 *fill*         0x00000000000072f8        0x8 
 .text.__appInit
                0x0000000000007300       0x74 C:/devkitPro/libnx/lib\libnx.a(init.o)
                0x0000000000007300                __appInit
 *fill*         0x0000000000007374        0xc 
 .text.__appExit
                0x0000000000007380       0x24 C:/devkitPro/libnx/lib\libnx.a(init.o)
                0x0000000000007380                __appExit
 *fill*         0x00000000000073a4        0xc 
 .text.__libnx_init
                0x00000000000073b0       0x28 C:/devkitPro/libnx/lib\libnx.a(init.o)
                0x00000000000073b0                __libnx_init
 *fill*         0x00000000000073d8        0x8 
 .text.__libnx_exit
                0x00000000000073e0       0x20 C:/devkitPro/libnx/lib\libnx.a(init.o)
                0x00000000000073e0                __libnx_exit
 .text.envSetup
                0x0000000000007400      0x1b0 C:/devkitPro/libnx/lib\libnx.a(env.o)
                0x0000000000007400                envSetup
 .text.envGetMainThreadHandle
                0x00000000000075b0       0x20 C:/devkitPro/libnx/lib\libnx.a(env.o)
                0x00000000000075b0                envGetMainThreadHandle
 .text.envIsNso
                0x00000000000075d0        0xc C:/devkitPro/libnx/lib\libnx.a(env.o)
                0x00000000000075d0                envIsNso
 *fill*         0x00000000000075dc        0x4 
 .text.envHasHeapOverride
                0x00000000000075e0       0x14 C:/devkitPro/libnx/lib\libnx.a(env.o)
                0x00000000000075e0                envHasHeapOverride
 *fill*         0x00000000000075f4        0xc 
 .text.envGetHeapOverrideAddr
                0x0000000000007600        0xc C:/devkitPro/libnx/lib\libnx.a(env.o)
                0x0000000000007600                envGetHeapOverrideAddr
 *fill*         0x000000000000760c        0x4 
 .text.envGetHeapOverrideSize
                0x0000000000007610        0xc C:/devkitPro/libnx/lib\libnx.a(env.o)
                0x0000000000007610                envGetHeapOverrideSize
 *fill*         0x000000000000761c        0x4 
 .text.envHasArgv
                0x0000000000007620       0x14 C:/devkitPro/libnx/lib\libnx.a(env.o)
                0x0000000000007620                envHasArgv
 *fill*         0x0000000000007634        0xc 
 .text.envGetArgv
                0x0000000000007640        0xc C:/devkitPro/libnx/lib\libnx.a(env.o)
                0x0000000000007640                envGetArgv
 *fill*         0x000000000000764c        0x4 
 .text.envGetExitFuncPtr
                0x0000000000007650        0xc C:/devkitPro/libnx/lib\libnx.a(env.o)
                0x0000000000007650                envGetExitFuncPtr
 *fill*         0x000000000000765c        0x4 
 .text.mutexInit
                0x0000000000007660        0x8 C:/devkitPro/libnx/lib\libnx.a(newlib.o)
 *fill*         0x0000000000007668        0x8 
 .text.rmutexInit
                0x0000000000007670        0xc C:/devkitPro/libnx/lib\libnx.a(newlib.o)
 *fill*         0x000000000000767c        0x4 
 .text.__libnx_gtod
                0x0000000000007680       0x80 C:/devkitPro/libnx/lib\libnx.a(newlib.o)
                0x0000000000007680                __libnx_gtod
 .text.__libnx_get_reent
                0x0000000000007700       0x34 C:/devkitPro/libnx/lib\libnx.a(newlib.o)
 *fill*         0x0000000000007734        0xc 
 .text.newlibSetup
                0x0000000000007740       0xec C:/devkitPro/libnx/lib\libnx.a(newlib.o)
                0x0000000000007740                newlibSetup
 *fill*         0x000000000000782c        0x4 
 .text.argvSetup
                0x0000000000007830      0x368 C:/devkitPro/libnx/lib\libnx.a(argv.o)
                0x0000000000007830                argvSetup
 *fill*         0x0000000000007b98        0x8 
 .text._CacheValues
                0x0000000000007ba0      0x140 C:/devkitPro/libnx/lib\libnx.a(detect.o)
 .text.kernelAbove200
                0x0000000000007ce0       0x1c C:/devkitPro/libnx/lib\libnx.a(detect.o)
                0x0000000000007ce0                kernelAbove200
 *fill*         0x0000000000007cfc        0x4 
 .text.kernelAbove300
                0x0000000000007d00       0x1c C:/devkitPro/libnx/lib\libnx.a(detect.o)
                0x0000000000007d00                kernelAbove300
 *fill*         0x0000000000007d1c        0x4 
 .text.detectDebugger
                0x0000000000007d20       0x30 C:/devkitPro/libnx/lib\libnx.a(detect.o)
                0x0000000000007d20                detectDebugger
 .text.shmemLoadRemote
                0x0000000000007d50       0x14 C:/devkitPro/libnx/lib\libnx.a(shmem.o)
                0x0000000000007d50                shmemLoadRemote
 *fill*         0x0000000000007d64        0xc 
 .text.shmemMap
                0x0000000000007d70       0x84 C:/devkitPro/libnx/lib\libnx.a(shmem.o)
                0x0000000000007d70                shmemMap
 *fill*         0x0000000000007df4        0xc 
 .text.shmemUnmap
                0x0000000000007e00       0x58 C:/devkitPro/libnx/lib\libnx.a(shmem.o)
                0x0000000000007e00                shmemUnmap
 *fill*         0x0000000000007e58        0x8 
 .text.shmemClose
                0x0000000000007e60       0x44 C:/devkitPro/libnx/lib\libnx.a(shmem.o)
                0x0000000000007e60                shmemClose
 *fill*         0x0000000000007ea4        0xc 
 .text.rwlockReadLock
                0x0000000000007eb0       0x4c C:/devkitPro/libnx/lib\libnx.a(rwlock.o)
                0x0000000000007eb0                rwlockReadLock
 *fill*         0x0000000000007efc        0x4 
 .text.rwlockReadUnlock
                0x0000000000007f00       0x4c C:/devkitPro/libnx/lib\libnx.a(rwlock.o)
                0x0000000000007f00                rwlockReadUnlock
 *fill*         0x0000000000007f4c        0x4 
 .text.rwlockWriteLock
                0x0000000000007f50        0x8 C:/devkitPro/libnx/lib\libnx.a(rwlock.o)
                0x0000000000007f50                rwlockWriteLock
 *fill*         0x0000000000007f58        0x8 
 .text.rwlockWriteUnlock
                0x0000000000007f60        0x8 C:/devkitPro/libnx/lib\libnx.a(rwlock.o)
                0x0000000000007f60                rwlockWriteUnlock
 *fill*         0x0000000000007f68        0x8 
 .text.mutexLock
                0x0000000000007f70       0x94 C:/devkitPro/libnx/lib\libnx.a(mutex.o)
                0x0000000000007f70                mutexLock
 *fill*         0x0000000000008004        0xc 
 .text.mutexUnlock
                0x0000000000008010       0x24 C:/devkitPro/libnx/lib\libnx.a(mutex.o)
                0x0000000000008010                mutexUnlock
 *fill*         0x0000000000008034        0xc 
 .text.rmutexLock
                0x0000000000008040       0x4c C:/devkitPro/libnx/lib\libnx.a(mutex.o)
                0x0000000000008040                rmutexLock
 *fill*         0x000000000000808c        0x4 
 .text.rmutexUnlock
                0x0000000000008090       0x1c C:/devkitPro/libnx/lib\libnx.a(mutex.o)
                0x0000000000008090                rmutexUnlock
 *fill*         0x00000000000080ac        0x4 
 .text._GetRegionFromInfo.isra.1
                0x00000000000080b0       0x7c C:/devkitPro/libnx/lib\libnx.a(virtmem.o)
 *fill*         0x000000000000812c        0x4 
 .text.virtmemSetup
                0x0000000000008130       0xe4 C:/devkitPro/libnx/lib\libnx.a(virtmem.o)
                0x0000000000008130                virtmemSetup
 *fill*         0x0000000000008214        0xc 
 .text.virtmemReserve
                0x0000000000008220      0x13c C:/devkitPro/libnx/lib\libnx.a(virtmem.o)
                0x0000000000008220                virtmemReserve
 *fill*         0x000000000000835c        0x4 
 .text.virtmemFree
                0x0000000000008360        0x4 C:/devkitPro/libnx/lib\libnx.a(virtmem.o)
                0x0000000000008360                virtmemFree
 *fill*         0x0000000000008364        0xc 
 .text.fsdev_link
                0x0000000000008370       0x10 C:/devkitPro/libnx/lib\libnx.a(fs_dev.o)
 .text.fsdev_dirreset
                0x0000000000008380       0x10 C:/devkitPro/libnx/lib\libnx.a(fs_dev.o)
 .text.fsdev_chmod
                0x0000000000008390       0x10 C:/devkitPro/libnx/lib\libnx.a(fs_dev.o)
 .text.error_cmp
                0x00000000000083a0       0x1c C:/devkitPro/libnx/lib\libnx.a(fs_dev.o)
 *fill*         0x00000000000083bc        0x4 
 .text.fsdev_translate_error
                0x00000000000083c0       0x58 C:/devkitPro/libnx/lib\libnx.a(fs_dev.o)
 *fill*         0x0000000000008418        0x8 
 .text.fsdev_fsync
                0x0000000000008420       0x40 C:/devkitPro/libnx/lib\libnx.a(fs_dev.o)
 .text.fsdev_ftruncate
                0x0000000000008460       0x60 C:/devkitPro/libnx/lib\libnx.a(fs_dev.o)
 .text.fsdev_dirclose
                0x00000000000084c0       0x20 C:/devkitPro/libnx/lib\libnx.a(fs_dev.o)
 .text.fsdev_dirnext
                0x00000000000084e0      0x16c C:/devkitPro/libnx/lib\libnx.a(fs_dev.o)
 *fill*         0x000000000000864c        0x4 
 .text.fsdev_close
                0x0000000000008650       0x1c C:/devkitPro/libnx/lib\libnx.a(fs_dev.o)
 *fill*         0x000000000000866c        0x4 
 .text.fsdev_fstat
                0x0000000000008670       0x80 C:/devkitPro/libnx/lib\libnx.a(fs_dev.o)
 .text.fsdev_seek
                0x00000000000086f0       0xb0 C:/devkitPro/libnx/lib\libnx.a(fs_dev.o)
 .text.fsdev_read
                0x00000000000087a0      0x198 C:/devkitPro/libnx/lib\libnx.a(fs_dev.o)
 *fill*         0x0000000000008938        0x8 
 .text.fsdev_write
                0x0000000000008940      0x1a0 C:/devkitPro/libnx/lib\libnx.a(fs_dev.o)
 .text.fsdevFindDevice
                0x0000000000008ae0      0x118 C:/devkitPro/libnx/lib\libnx.a(fs_dev.o)
 *fill*         0x0000000000008bf8        0x8 
 .text._fsdevMountDevice
                0x0000000000008c00      0x168 C:/devkitPro/libnx/lib\libnx.a(fs_dev.o)
 *fill*         0x0000000000008d68        0x8 
 .text.fsdev_getfspath
                0x0000000000008d70      0x1fc C:/devkitPro/libnx/lib\libnx.a(fs_dev.o)
 *fill*         0x0000000000008f6c        0x4 
 .text.fsdev_rmdir
                0x0000000000008f70       0x70 C:/devkitPro/libnx/lib\libnx.a(fs_dev.o)
 .text.fsdev_statvfs
                0x0000000000008fe0       0xd4 C:/devkitPro/libnx/lib\libnx.a(fs_dev.o)
 *fill*         0x00000000000090b4        0xc 
 .text.fsdev_diropen
                0x00000000000090c0       0xec C:/devkitPro/libnx/lib\libnx.a(fs_dev.o)
 *fill*         0x00000000000091ac        0x4 
 .text.fsdev_mkdir
                0x00000000000091b0       0x70 C:/devkitPro/libnx/lib\libnx.a(fs_dev.o)
 .text.fsdev_rename
                0x0000000000009220      0x114 C:/devkitPro/libnx/lib\libnx.a(fs_dev.o)
 *fill*         0x0000000000009334        0xc 
 .text.fsdev_chdir
                0x0000000000009340       0xc4 C:/devkitPro/libnx/lib\libnx.a(fs_dev.o)
 *fill*         0x0000000000009404        0xc 
 .text.fsdev_unlink
                0x0000000000009410       0x70 C:/devkitPro/libnx/lib\libnx.a(fs_dev.o)
 .text.fsdev_stat
                0x0000000000009480      0x168 C:/devkitPro/libnx/lib\libnx.a(fs_dev.o)
 *fill*         0x00000000000095e8        0x8 
 .text.fsdev_open
                0x00000000000095f0      0x180 C:/devkitPro/libnx/lib\libnx.a(fs_dev.o)
 .text._fsdevUnmountDeviceStruct.part.4
                0x0000000000009770       0xb8 C:/devkitPro/libnx/lib\libnx.a(fs_dev.o)
 *fill*         0x0000000000009828        0x8 
 .text.fsdev_fchmod
                0x0000000000009830       0x10 C:/devkitPro/libnx/lib\libnx.a(fs_dev.o)
 .text.fsdevMountSdmc
                0x0000000000009840      0x158 C:/devkitPro/libnx/lib\libnx.a(fs_dev.o)
                0x0000000000009840                fsdevMountSdmc
 *fill*         0x0000000000009998        0x8 
 .text.fsdevUnmountAll
                0x00000000000099a0       0x64 C:/devkitPro/libnx/lib\libnx.a(fs_dev.o)
                0x00000000000099a0                fsdevUnmountAll
 *fill*         0x0000000000009a04        0xc 
 .text.ipcCloseObjectById
                0x0000000000009a10       0x34 C:/devkitPro/libnx/lib\libnx.a(time.o)
 *fill*         0x0000000000009a44        0xc 
 .text._timeGetSession
                0x0000000000009a50      0x12c C:/devkitPro/libnx/lib\libnx.a(time.o)
 *fill*         0x0000000000009b7c        0x4 
 .text.timeExit
                0x0000000000009b80      0x1ec C:/devkitPro/libnx/lib\libnx.a(time.o)
                0x0000000000009b80                timeExit
 *fill*         0x0000000000009d6c        0x4 
 .text.timeInitialize
                0x0000000000009d70       0xd8 C:/devkitPro/libnx/lib\libnx.a(time.o)
                0x0000000000009d70                timeInitialize
 *fill*         0x0000000000009e48        0x8 
 .text.timeGetCurrentTime
                0x0000000000009e50      0x124 C:/devkitPro/libnx/lib\libnx.a(time.o)
                0x0000000000009e50                timeGetCurrentTime
 *fill*         0x0000000000009f74        0xc 
 .text.ipcCloseObjectById
                0x0000000000009f80       0x34 C:/devkitPro/libnx/lib\libnx.a(vi.o)
 *fill*         0x0000000000009fb4        0xc 
 .text._viCreatestray_layer.isra.4
                0x0000000000009fc0      0x130 C:/devkitPro/libnx/lib\libnx.a(vi.o)
 .text._viGetSession.constprop.6
                0x000000000000a0f0      0x134 C:/devkitPro/libnx/lib\libnx.a(vi.o)
 *fill*         0x000000000000a224        0xc 
 .text._viOpenLayer
                0x000000000000a230      0x140 C:/devkitPro/libnx/lib\libnx.a(vi.o)
 .text.viExit   0x000000000000a370      0x1d8 C:/devkitPro/libnx/lib\libnx.a(vi.o)
                0x000000000000a370                viExit
 *fill*         0x000000000000a548        0x8 
 .text.viInitialize
                0x000000000000a550      0x26c C:/devkitPro/libnx/lib\libnx.a(vi.o)
                0x000000000000a550                viInitialize
 *fill*         0x000000000000a7bc        0x4 
 .text.viGetSession_IHOSBinderDriverRelay
                0x000000000000a7c0        0xc C:/devkitPro/libnx/lib\libnx.a(vi.o)
                0x000000000000a7c0                viGetSession_IHOSBinderDriverRelay
 *fill*         0x000000000000a7cc        0x4 
 .text.viOpenDisplay
                0x000000000000a7d0      0x140 C:/devkitPro/libnx/lib\libnx.a(vi.o)
                0x000000000000a7d0                viOpenDisplay
 .text.viCloseDisplay
                0x000000000000a910       0xf0 C:/devkitPro/libnx/lib\libnx.a(vi.o)
                0x000000000000a910                viCloseDisplay
 .text.viOpenLayer
                0x000000000000aa00       0xd0 C:/devkitPro/libnx/lib\libnx.a(vi.o)
                0x000000000000aa00                viOpenLayer
 .text.viCloseLayer
                0x000000000000aad0      0x100 C:/devkitPro/libnx/lib\libnx.a(vi.o)
                0x000000000000aad0                viCloseLayer
 .text.viSetLayerScalingMode
                0x000000000000abd0       0xe8 C:/devkitPro/libnx/lib\libnx.a(vi.o)
                0x000000000000abd0                viSetLayerScalingMode
 *fill*         0x000000000000acb8        0x8 
 .text.viGetDisplayVsyncEvent
                0x000000000000acc0      0x12c C:/devkitPro/libnx/lib\libnx.a(vi.o)
                0x000000000000acc0                viGetDisplayVsyncEvent
 *fill*         0x000000000000adec        0x4 
 .text.ipcCloseObjectById
                0x000000000000adf0       0x34 C:/devkitPro/libnx/lib\libnx.a(nv.o)
 *fill*         0x000000000000ae24        0xc 
 .text.ipcQueryPointerBufferSize.constprop.6
                0x000000000000ae30       0xc8 C:/devkitPro/libnx/lib\libnx.a(nv.o)
 *fill*         0x000000000000aef8        0x8 
 .text._nvSetClientPID
                0x000000000000af00       0xd8 C:/devkitPro/libnx/lib\libnx.a(nv.o)
 *fill*         0x000000000000afd8        0x8 
 .text._nvInitialize.constprop.5
                0x000000000000afe0       0xf0 C:/devkitPro/libnx/lib\libnx.a(nv.o)
 .text.nvExit   0x000000000000b0d0       0xa8 C:/devkitPro/libnx/lib\libnx.a(nv.o)
                0x000000000000b0d0                nvExit
 *fill*         0x000000000000b178        0x8 
 .text.nvInitialize
                0x000000000000b180      0x1a4 C:/devkitPro/libnx/lib\libnx.a(nv.o)
                0x000000000000b180                nvInitialize
 *fill*         0x000000000000b324        0xc 
 .text.nvConvertError
                0x000000000000b330      0x12c C:/devkitPro/libnx/lib\libnx.a(nv.o)
                0x000000000000b330                nvConvertError
 *fill*         0x000000000000b45c        0x4 
 .text.nvOpen   0x000000000000b460      0x12c C:/devkitPro/libnx/lib\libnx.a(nv.o)
                0x000000000000b460                nvOpen
 *fill*         0x000000000000b58c        0x4 
 .text.nvIoctl  0x000000000000b590      0x218 C:/devkitPro/libnx/lib\libnx.a(nv.o)
                0x000000000000b590                nvIoctl
 *fill*         0x000000000000b7a8        0x8 
 .text.nvClose  0x000000000000b7b0       0xdc C:/devkitPro/libnx/lib\libnx.a(nv.o)
                0x000000000000b7b0                nvClose
 *fill*         0x000000000000b88c        0x4 
 .text.nvQueryEvent
                0x000000000000b890      0x13c C:/devkitPro/libnx/lib\libnx.a(nv.o)
                0x000000000000b890                nvQueryEvent
 *fill*         0x000000000000b9cc        0x4 
 .text.ipcCloseObjectById
                0x000000000000b9d0       0x34 C:/devkitPro/libnx/lib\libnx.a(fs.o)
 *fill*         0x000000000000ba04        0xc 
 .text.fsInitialize
                0x000000000000ba10      0x124 C:/devkitPro/libnx/lib\libnx.a(fs.o)
                0x000000000000ba10                fsInitialize
 *fill*         0x000000000000bb34        0xc 
 .text.fsExit   0x000000000000bb40       0x9c C:/devkitPro/libnx/lib\libnx.a(fs.o)
                0x000000000000bb40                fsExit
 *fill*         0x000000000000bbdc        0x4 
 .text.fsMountSdcard
                0x000000000000bbe0      0x134 C:/devkitPro/libnx/lib\libnx.a(fs.o)
                0x000000000000bbe0                fsMountSdcard
 *fill*         0x000000000000bd14        0xc 
 .text.fsFsCreateFile
                0x000000000000bd20       0xf4 C:/devkitPro/libnx/lib\libnx.a(fs.o)
                0x000000000000bd20                fsFsCreateFile
 *fill*         0x000000000000be14        0xc 
 .text.fsFsDeleteFile
                0x000000000000be20       0xf0 C:/devkitPro/libnx/lib\libnx.a(fs.o)
                0x000000000000be20                fsFsDeleteFile
 .text.fsFsCreateDirectory
                0x000000000000bf10       0xf0 C:/devkitPro/libnx/lib\libnx.a(fs.o)
                0x000000000000bf10                fsFsCreateDirectory
 .text.fsFsDeleteDirectory
                0x000000000000c000       0xf0 C:/devkitPro/libnx/lib\libnx.a(fs.o)
                0x000000000000c000                fsFsDeleteDirectory
 .text.fsFsRenameFile
                0x000000000000c0f0      0x11c C:/devkitPro/libnx/lib\libnx.a(fs.o)
                0x000000000000c0f0                fsFsRenameFile
 *fill*         0x000000000000c20c        0x4 
 .text.fsFsRenameDirectory
                0x000000000000c210      0x11c C:/devkitPro/libnx/lib\libnx.a(fs.o)
                0x000000000000c210                fsFsRenameDirectory
 *fill*         0x000000000000c32c        0x4 
 .text.fsFsGetEntryType
                0x000000000000c330      0x104 C:/devkitPro/libnx/lib\libnx.a(fs.o)
                0x000000000000c330                fsFsGetEntryType
 *fill*         0x000000000000c434        0xc 
 .text.fsFsOpenFile
                0x000000000000c440      0x154 C:/devkitPro/libnx/lib\libnx.a(fs.o)
                0x000000000000c440                fsFsOpenFile
 *fill*         0x000000000000c594        0xc 
 .text.fsFsOpenDirectory
                0x000000000000c5a0      0x14c C:/devkitPro/libnx/lib\libnx.a(fs.o)
                0x000000000000c5a0                fsFsOpenDirectory
 *fill*         0x000000000000c6ec        0x4 
 .text.fsFsGetFreeSpace
                0x000000000000c6f0      0x104 C:/devkitPro/libnx/lib\libnx.a(fs.o)
                0x000000000000c6f0                fsFsGetFreeSpace
 *fill*         0x000000000000c7f4        0xc 
 .text.fsFsGetTotalSpace
                0x000000000000c800      0x104 C:/devkitPro/libnx/lib\libnx.a(fs.o)
                0x000000000000c800                fsFsGetTotalSpace
 *fill*         0x000000000000c904        0xc 
 .text.fsFsClose
                0x000000000000c910       0x6c C:/devkitPro/libnx/lib\libnx.a(fs.o)
                0x000000000000c910                fsFsClose
 *fill*         0x000000000000c97c        0x4 
 .text.fsFileRead
                0x000000000000c980      0x108 C:/devkitPro/libnx/lib\libnx.a(fs.o)
                0x000000000000c980                fsFileRead
 *fill*         0x000000000000ca88        0x8 
 .text.fsFileWrite
                0x000000000000ca90       0xf8 C:/devkitPro/libnx/lib\libnx.a(fs.o)
                0x000000000000ca90                fsFileWrite
 *fill*         0x000000000000cb88        0x8 
 .text.fsFileFlush
                0x000000000000cb90       0xc8 C:/devkitPro/libnx/lib\libnx.a(fs.o)
                0x000000000000cb90                fsFileFlush
 *fill*         0x000000000000cc58        0x8 
 .text.fsFileSetSize
                0x000000000000cc60       0xc8 C:/devkitPro/libnx/lib\libnx.a(fs.o)
                0x000000000000cc60                fsFileSetSize
 *fill*         0x000000000000cd28        0x8 
 .text.fsFileGetSize
                0x000000000000cd30       0xec C:/devkitPro/libnx/lib\libnx.a(fs.o)
                0x000000000000cd30                fsFileGetSize
 *fill*         0x000000000000ce1c        0x4 
 .text.fsFileClose
                0x000000000000ce20       0x6c C:/devkitPro/libnx/lib\libnx.a(fs.o)
                0x000000000000ce20                fsFileClose
 *fill*         0x000000000000ce8c        0x4 
 .text.fsDirClose
                0x000000000000ce90       0x6c C:/devkitPro/libnx/lib\libnx.a(fs.o)
                0x000000000000ce90                fsDirClose
 *fill*         0x000000000000cefc        0x4 
 .text.fsDirRead
                0x000000000000cf00      0x110 C:/devkitPro/libnx/lib\libnx.a(fs.o)
                0x000000000000cf00                fsDirRead
 .text.bufferProducerInitialize
                0x000000000000d010       0x10 C:/devkitPro/libnx/lib\libnx.a(buffer_producer.o)
                0x000000000000d010                bufferProducerInitialize
 .text.bufferProducerExit
                0x000000000000d020        0xc C:/devkitPro/libnx/lib\libnx.a(buffer_producer.o)
                0x000000000000d020                bufferProducerExit
 *fill*         0x000000000000d02c        0x4 
 .text.bufferProducerRequestBuffer
                0x000000000000d030      0x11c C:/devkitPro/libnx/lib\libnx.a(buffer_producer.o)
                0x000000000000d030                bufferProducerRequestBuffer
 *fill*         0x000000000000d14c        0x4 
 .text.bufferProducerDequeueBuffer
                0x000000000000d150      0x198 C:/devkitPro/libnx/lib\libnx.a(buffer_producer.o)
                0x000000000000d150                bufferProducerDequeueBuffer
 *fill*         0x000000000000d2e8        0x8 
 .text.bufferProducerDetachBuffer
                0x000000000000d2f0       0x94 C:/devkitPro/libnx/lib\libnx.a(buffer_producer.o)
                0x000000000000d2f0                bufferProducerDetachBuffer
 *fill*         0x000000000000d384        0xc 
 .text.bufferProducerQueueBuffer
                0x000000000000d390      0x108 C:/devkitPro/libnx/lib\libnx.a(buffer_producer.o)
                0x000000000000d390                bufferProducerQueueBuffer
 *fill*         0x000000000000d498        0x8 
 .text.bufferProducerQuery
                0x000000000000d4a0       0xdc C:/devkitPro/libnx/lib\libnx.a(buffer_producer.o)
                0x000000000000d4a0                bufferProducerQuery
 *fill*         0x000000000000d57c        0x4 
 .text.bufferProducerConnect
                0x000000000000d580      0x110 C:/devkitPro/libnx/lib\libnx.a(buffer_producer.o)
                0x000000000000d580                bufferProducerConnect
 .text.bufferProducerDisconnect
                0x000000000000d690       0x94 C:/devkitPro/libnx/lib\libnx.a(buffer_producer.o)
                0x000000000000d690                bufferProducerDisconnect
 *fill*         0x000000000000d724        0xc 
 .text.bufferProducerGraphicBufferInit
                0x000000000000d730      0x100 C:/devkitPro/libnx/lib\libnx.a(buffer_producer.o)
                0x000000000000d730                bufferProducerGraphicBufferInit
 .text._binderTransactParcelAuto
                0x000000000000d830      0x248 C:/devkitPro/libnx/lib\libnx.a(binder.o)
 *fill*         0x000000000000da78        0x8 
 .text.ipcQueryPointerBufferSize
                0x000000000000da80       0xc8 C:/devkitPro/libnx/lib\libnx.a(binder.o)
 *fill*         0x000000000000db48        0x8 
 .text._binderTransactParcel
                0x000000000000db50      0x138 C:/devkitPro/libnx/lib\libnx.a(binder.o)
 *fill*         0x000000000000dc88        0x8 
 .text.binderCreateSession
                0x000000000000dc90       0x18 C:/devkitPro/libnx/lib\libnx.a(binder.o)
                0x000000000000dc90                binderCreateSession
 *fill*         0x000000000000dca8        0x8 
 .text.binderTransactParcel
                0x000000000000dcb0       0x10 C:/devkitPro/libnx/lib\libnx.a(binder.o)
                0x000000000000dcb0                binderTransactParcel
 .text.binderAdjustRefcount
                0x000000000000dcc0       0xe4 C:/devkitPro/libnx/lib\libnx.a(binder.o)
                0x000000000000dcc0                binderAdjustRefcount
 *fill*         0x000000000000dda4        0xc 
 .text.binderExitSession
                0x000000000000ddb0       0x68 C:/devkitPro/libnx/lib\libnx.a(binder.o)
                0x000000000000ddb0                binderExitSession
 *fill*         0x000000000000de18        0x8 
 .text.binderGetNativeHandle
                0x000000000000de20      0x13c C:/devkitPro/libnx/lib\libnx.a(binder.o)
                0x000000000000de20                binderGetNativeHandle
 *fill*         0x000000000000df5c        0x4 
 .text.binderInitSession
                0x000000000000df60      0x120 C:/devkitPro/libnx/lib\libnx.a(binder.o)
                0x000000000000df60                binderInitSession
 .text.parcelInitialize
                0x000000000000e080       0x28 C:/devkitPro/libnx/lib\libnx.a(parcel.o)
                0x000000000000e080                parcelInitialize
 *fill*         0x000000000000e0a8        0x8 
 .text.parcelTransact
                0x000000000000e0b0      0x190 C:/devkitPro/libnx/lib\libnx.a(parcel.o)
                0x000000000000e0b0                parcelTransact
 .text.parcelWriteData
                0x000000000000e240       0x88 C:/devkitPro/libnx/lib\libnx.a(parcel.o)
                0x000000000000e240                parcelWriteData
 *fill*         0x000000000000e2c8        0x8 
 .text.parcelReadData
                0x000000000000e2d0       0x98 C:/devkitPro/libnx/lib\libnx.a(parcel.o)
                0x000000000000e2d0                parcelReadData
 *fill*         0x000000000000e368        0x8 
 .text.parcelWriteInt32
                0x000000000000e370       0x20 C:/devkitPro/libnx/lib\libnx.a(parcel.o)
                0x000000000000e370                parcelWriteInt32
 .text.parcelWriteUInt32
                0x000000000000e390       0x20 C:/devkitPro/libnx/lib\libnx.a(parcel.o)
                0x000000000000e390                parcelWriteUInt32
 .text.parcelWriteString16
                0x000000000000e3b0       0x80 C:/devkitPro/libnx/lib\libnx.a(parcel.o)
                0x000000000000e3b0                parcelWriteString16
 .text.parcelWriteInterfaceToken
                0x000000000000e430       0x30 C:/devkitPro/libnx/lib\libnx.a(parcel.o)
                0x000000000000e430                parcelWriteInterfaceToken
 .text.parcelReadInt32
                0x000000000000e460       0x24 C:/devkitPro/libnx/lib\libnx.a(parcel.o)
                0x000000000000e460                parcelReadInt32
 *fill*         0x000000000000e484        0xc 
 .text.parcelReadFlattenedObject
                0x000000000000e490       0x68 C:/devkitPro/libnx/lib\libnx.a(parcel.o)
                0x000000000000e490                parcelReadFlattenedObject
 *fill*         0x000000000000e4f8        0x8 
 .text.parcelWriteFlattenedObject
                0x000000000000e500       0x44 C:/devkitPro/libnx/lib\libnx.a(parcel.o)
                0x000000000000e500                parcelWriteFlattenedObject
 *fill*         0x000000000000e544        0xc 
 .text.decode_utf8
                0x000000000000e550      0x12c C:/devkitPro/libnx/lib\libnx.a(decode_utf8.o)
                0x000000000000e550                decode_utf8
 .text.__aarch64_read_tp
                0x000000000000e67c        0xc C:/devkitPro/libnx/lib\libnx.a(readtp.o)
                0x000000000000e67c                __aarch64_read_tp
 *fill*         0x000000000000e688        0x8 
 .text.nxlinkSetup
                0x000000000000e690       0xc4 C:/devkitPro/libnx/lib\libnx.a(nxlink.o)
                0x000000000000e690                nxlinkSetup
 *fill*         0x000000000000e754        0xc 
 .text.tmemCreate
                0x000000000000e760       0x7c C:/devkitPro/libnx/lib\libnx.a(tmem.o)
                0x000000000000e760                tmemCreate
 *fill*         0x000000000000e7dc        0x4 
 .text.tmemUnmap
                0x000000000000e7e0       0x58 C:/devkitPro/libnx/lib\libnx.a(tmem.o)
                0x000000000000e7e0                tmemUnmap
 *fill*         0x000000000000e838        0x8 
 .text.tmemClose
                0x000000000000e840       0x68 C:/devkitPro/libnx/lib\libnx.a(tmem.o)
                0x000000000000e840                tmemClose
 .text.bsearch  0x000000000000e8a8       0xb8 c:/devkitpro/devkita64/bin/../lib/gcc/aarch64-none-elf/8.1.0/../../../../aarch64-none-elf/lib/pic\libg.a(lib_a-bsearch.o)
                0x000000000000e8a8                bsearch
 .text.__libc_fini_array
                0x000000000000e960       0x44 c:/devkitpro/devkita64/bin/../lib/gcc/aarch64-none-elf/8.1.0/../../../../aarch64-none-elf/lib/pic\libg.a(lib_a-fini.o)
                0x000000000000e960                __libc_fini_array
 *fill*         0x000000000000e9a4        0x4 
 .text.__libc_init_array
                0x000000000000e9a8       0x8c c:/devkitpro/devkita64/bin/../lib/gcc/aarch64-none-elf/8.1.0/../../../../aarch64-none-elf/lib/pic\libg.a(lib_a-init.o)
                0x000000000000e9a8                __libc_init_array
 *fill*         0x000000000000ea34        0x4 
 .text.__locale_mb_cur_max
                0x000000000000ea38       0x2c c:/devkitpro/devkita64/bin/../lib/gcc/aarch64-none-elf/8.1.0/../../../../aarch64-none-elf/lib/pic\libg.a(lib_a-locale.o)
                0x000000000000ea38                __locale_mb_cur_max
 *fill*         0x000000000000ea64        0x4 
 .text.__locale_ctype_ptr_l
                0x000000000000ea68        0x8 c:/devkitpro/devkita64/bin/../lib/gcc/aarch64-none-elf/8.1.0/../../../../aarch64-none-elf/lib/pic\libg.a(lib_a-locale.o)
                0x000000000000ea68                __locale_ctype_ptr_l
 .text.__locale_ctype_ptr
                0x000000000000ea70       0x2c c:/devkitpro/devkita64/bin/../lib/gcc/aarch64-none-elf/8.1.0/../../../../aarch64-none-elf/lib/pic\libg.a(lib_a-locale.o)
                0x000000000000ea70                __locale_ctype_ptr
 *fill*         0x000000000000ea9c        0x4 
 .text.memalign
                0x000000000000eaa0       0x30 c:/devkitpro/devkita64/bin/../lib/gcc/aarch64-none-elf/8.1.0/../../../../aarch64-none-elf/lib/pic\libg.a(lib_a-malign.o)
                0x000000000000eaa0                memalign
 .text._memalign_r
                0x000000000000ead0      0x198 c:/devkitpro/devkita64/bin/../lib/gcc/aarch64-none-elf/8.1.0/../../../../aarch64-none-elf/lib/pic\libg.a(lib_a-malignr.o)
                0x000000000000ead0                _memalign_r
 .text.malloc   0x000000000000ec68       0x1c c:/devkitpro/devkita64/bin/../lib/gcc/aarch64-none-elf/8.1.0/../../../../aarch64-none-elf/lib/pic\libg.a(lib_a-malloc.o)
                0x000000000000ec68                malloc
 *fill*         0x000000000000ec84        0x4 
 .text.free     0x000000000000ec88       0x1c c:/devkitpro/devkita64/bin/../lib/gcc/aarch64-none-elf/8.1.0/../../../../aarch64-none-elf/lib/pic\libg.a(lib_a-malloc.o)
                0x000000000000ec88                free
 *fill*         0x000000000000eca4        0x4 
 .text._malloc_r
                0x000000000000eca8      0x844 c:/devkitpro/devkita64/bin/../lib/gcc/aarch64-none-elf/8.1.0/../../../../aarch64-none-elf/lib/pic\libg.a(lib_a-mallocr.o)
                0x000000000000eca8                _malloc_r
 *fill*         0x000000000000f4ec        0x4 
 .text.__utf8_mbtowc
                0x000000000000f4f0      0x2c8 c:/devkitpro/devkita64/bin/../lib/gcc/aarch64-none-elf/8.1.0/../../../../aarch64-none-elf/lib/pic\libg.a(lib_a-mbtowc_r.o)
                0x000000000000f4f0                __utf8_mbtowc
 .text          0x000000000000f7b8       0xd8 c:/devkitpro/devkita64/bin/../lib/gcc/aarch64-none-elf/8.1.0/../../../../aarch64-none-elf/lib/pic\libg.a(lib_a-memchr.o)
                0x000000000000f7b8                memchr
 *fill*         0x000000000000f890       0x30 
 .text          0x000000000000f8c0      0x16c c:/devkitpro/devkita64/bin/../lib/gcc/aarch64-none-elf/8.1.0/../../../../aarch64-none-elf/lib/pic\libg.a(lib_a-memcpy.o)
                0x000000000000f8c0                memcpy
 *fill*         0x000000000000fa2c       0x14 
 .text          0x000000000000fa40      0x1d8 c:/devkitpro/devkita64/bin/../lib/gcc/aarch64-none-elf/8.1.0/../../../../aarch64-none-elf/lib/pic\libg.a(lib_a-memset.o)
                0x000000000000fa40                memset
 .text.__malloc_lock
                0x000000000000fc18        0xc c:/devkitpro/devkita64/bin/../lib/gcc/aarch64-none-elf/8.1.0/../../../../aarch64-none-elf/lib/pic\libg.a(lib_a-mlock.o)
                0x000000000000fc18                __malloc_lock
 *fill*         0x000000000000fc24        0x4 
 .text.__malloc_unlock
                0x000000000000fc28        0xc c:/devkitpro/devkita64/bin/../lib/gcc/aarch64-none-elf/8.1.0/../../../../aarch64-none-elf/lib/pic\libg.a(lib_a-mlock.o)
                0x000000000000fc28                __malloc_unlock
 *fill*         0x000000000000fc34        0x4 
 .text.printf   0x000000000000fc38       0x8c c:/devkitpro/devkita64/bin/../lib/gcc/aarch64-none-elf/8.1.0/../../../../aarch64-none-elf/lib/pic\libg.a(lib_a-printf.o)
                0x000000000000fc38                printf
 *fill*         0x000000000000fcc4        0x4 
 .text.setvbuf  0x000000000000fcc8      0x25c c:/devkitpro/devkita64/bin/../lib/gcc/aarch64-none-elf/8.1.0/../../../../aarch64-none-elf/lib/pic\libg.a(lib_a-setvbuf.o)
                0x000000000000fcc8                setvbuf
 *fill*         0x000000000000ff24        0x4 
 .text.sscanf   0x000000000000ff28       0xbc c:/devkitpro/devkita64/bin/../lib/gcc/aarch64-none-elf/8.1.0/../../../../aarch64-none-elf/lib/pic\libg.a(lib_a-sscanf.o)
                0x000000000000ff28                sscanf
 *fill*         0x000000000000ffe4        0x4 
 .text.__sread  0x000000000000ffe8       0x50 c:/devkitpro/devkita64/bin/../lib/gcc/aarch64-none-elf/8.1.0/../../../../aarch64-none-elf/lib/pic\libg.a(lib_a-stdio.o)
                0x000000000000ffe8                __sread
 .text.__seofread
                0x0000000000010038        0x8 c:/devkitpro/devkita64/bin/../lib/gcc/aarch64-none-elf/8.1.0/../../../../aarch64-none-elf/lib/pic\libg.a(lib_a-stdio.o)
                0x0000000000010038                __seofread
 .text.__swrite
                0x0000000000010040       0x6c c:/devkitpro/devkita64/bin/../lib/gcc/aarch64-none-elf/8.1.0/../../../../aarch64-none-elf/lib/pic\libg.a(lib_a-stdio.o)
                0x0000000000010040                __swrite
 *fill*         0x00000000000100ac        0x4 
 .text.__sseek  0x00000000000100b0       0x50 c:/devkitpro/devkita64/bin/../lib/gcc/aarch64-none-elf/8.1.0/../../../../aarch64-none-elf/lib/pic\libg.a(lib_a-stdio.o)
                0x00000000000100b0                __sseek
 .text.__sclose
                0x0000000000010100        0x8 c:/devkitpro/devkita64/bin/../lib/gcc/aarch64-none-elf/8.1.0/../../../../aarch64-none-elf/lib/pic\libg.a(lib_a-stdio.o)
                0x0000000000010100                __sclose
 .text          0x0000000000010108       0xdc c:/devkitpro/devkita64/bin/../lib/gcc/aarch64-none-elf/8.1.0/../../../../aarch64-none-elf/lib/pic\libg.a(lib_a-strchr.o)
                0x0000000000010108                strchr
 *fill*         0x00000000000101e4       0x1c 
 .text          0x0000000000010200       0xa4 c:/devkitpro/devkita64/bin/../lib/gcc/aarch64-none-elf/8.1.0/../../../../aarch64-none-elf/lib/pic\libg.a(lib_a-strcmp.o)
                0x0000000000010200                strcmp
 *fill*         0x00000000000102a4       0x1c 
 .text          0x00000000000102c0      0x140 c:/devkitpro/devkita64/bin/../lib/gcc/aarch64-none-elf/8.1.0/../../../../aarch64-none-elf/lib/pic\libg.a(lib_a-strlen.o)
                0x00000000000102c0                strlen
 .text.strncat  0x0000000000010400       0x84 c:/devkitpro/devkita64/bin/../lib/gcc/aarch64-none-elf/8.1.0/../../../../aarch64-none-elf/lib/pic\libg.a(lib_a-strncat.o)
                0x0000000000010400                strncat
 *fill*         0x0000000000010484       0x3c 
 .text          0x00000000000104c0      0x124 c:/devkitpro/devkita64/bin/../lib/gcc/aarch64-none-elf/8.1.0/../../../../aarch64-none-elf/lib/pic\libg.a(lib_a-strncmp.o)
                0x00000000000104dc                strncmp
 *fill*         0x00000000000105e4        0x4 
 .text.strncpy  0x00000000000105e8       0xa8 c:/devkitpro/devkita64/bin/../lib/gcc/aarch64-none-elf/8.1.0/../../../../aarch64-none-elf/lib/pic\libg.a(lib_a-strncpy.o)
                0x00000000000105e8                strncpy
 *fill*         0x0000000000010690       0x30 
 .text          0x00000000000106c0       0xe0 c:/devkitpro/devkita64/bin/../lib/gcc/aarch64-none-elf/8.1.0/../../../../aarch64-none-elf/lib/pic\libg.a(lib_a-strnlen.o)
                0x00000000000106e4                strnlen
 .text._strtol_l.isra.0
                0x00000000000107a0      0x1d0 c:/devkitpro/devkita64/bin/../lib/gcc/aarch64-none-elf/8.1.0/../../../../aarch64-none-elf/lib/pic\libg.a(lib_a-strtol.o)
 .text._strtol_r
                0x0000000000010970       0x48 c:/devkitpro/devkita64/bin/../lib/gcc/aarch64-none-elf/8.1.0/../../../../aarch64-none-elf/lib/pic\libg.a(lib_a-strtol.o)
                0x0000000000010970                _strtol_r
 .text._strtoul_l.isra.0
                0x00000000000109b8      0x1e0 c:/devkitpro/devkita64/bin/../lib/gcc/aarch64-none-elf/8.1.0/../../../../aarch64-none-elf/lib/pic\libg.a(lib_a-strtoul.o)
 .text._strtoul_r
                0x0000000000010b98       0x48 c:/devkitpro/devkita64/bin/../lib/gcc/aarch64-none-elf/8.1.0/../../../../aarch64-none-elf/lib/pic\libg.a(lib_a-strtoul.o)
                0x0000000000010b98                _strtoul_r
 .text.strtoul  0x0000000000010be0       0x5c c:/devkitpro/devkita64/bin/../lib/gcc/aarch64-none-elf/8.1.0/../../../../aarch64-none-elf/lib/pic\libg.a(lib_a-strtoul.o)
                0x0000000000010be0                strtoul
 .text.get_arg  0x0000000000010c3c       0x5c c:/devkitpro/devkita64/bin/../lib/gcc/aarch64-none-elf/8.1.0/../../../../aarch64-none-elf/lib/pic\libg.a(lib_a-svfscanf.o)
 .text.__ssvfscanf_r
                0x0000000000010c98     0x2f48 c:/devkitpro/devkita64/bin/../lib/gcc/aarch64-none-elf/8.1.0/../../../../aarch64-none-elf/lib/pic\libg.a(lib_a-svfscanf.o)
                0x0000000000010c98                __ssvfscanf_r
 .text.time     0x0000000000013be0       0x40 c:/devkitpro/devkita64/bin/../lib/gcc/aarch64-none-elf/8.1.0/../../../../aarch64-none-elf/lib/pic\libg.a(lib_a-time.o)
                0x0000000000013be0                time
 .text.__sprint_r
                0x0000000000013c20       0x3c c:/devkitpro/devkita64/bin/../lib/gcc/aarch64-none-elf/8.1.0/../../../../aarch64-none-elf/lib/pic\libg.a(lib_a-vfiprintf.o)
                0x0000000000013c20                __sprint_r
 .text.get_arg  0x0000000000013c5c      0x76c c:/devkitpro/devkita64/bin/../lib/gcc/aarch64-none-elf/8.1.0/../../../../aarch64-none-elf/lib/pic\libg.a(lib_a-vfprintf.o)
 .text._vfprintf_r
                0x00000000000143c8     0x3bfc c:/devkitpro/devkita64/bin/../lib/gcc/aarch64-none-elf/8.1.0/../../../../aarch64-none-elf/lib/pic\libg.a(lib_a-vfprintf.o)
                0x00000000000143c8                _vfprintf_r
 .text.__sbprintf
                0x0000000000017fc4       0xec c:/devkitpro/devkita64/bin/../lib/gcc/aarch64-none-elf/8.1.0/../../../../aarch64-none-elf/lib/pic\libg.a(lib_a-vfprintf.o)
 .text._wcrtomb_r
                0x00000000000180b0       0xd0 c:/devkitpro/devkita64/bin/../lib/gcc/aarch64-none-elf/8.1.0/../../../../aarch64-none-elf/lib/pic\libg.a(lib_a-wcrtomb.o)
                0x00000000000180b0                _wcrtomb_r
 .text._wcsrtombs_r
                0x0000000000018180       0x10 c:/devkitpro/devkita64/bin/../lib/gcc/aarch64-none-elf/8.1.0/../../../../aarch64-none-elf/lib/pic\libg.a(lib_a-wcsrtombs.o)
                0x0000000000018180                _wcsrtombs_r
 .text.__utf8_wctomb
                0x0000000000018190       0xe4 c:/devkitpro/devkita64/bin/../lib/gcc/aarch64-none-elf/8.1.0/../../../../aarch64-none-elf/lib/pic\libg.a(lib_a-wctomb_r.o)
                0x0000000000018190                __utf8_wctomb
 *fill*         0x0000000000018274        0x4 
 .text.__swsetup_r
                0x0000000000018278      0x140 c:/devkitpro/devkita64/bin/../lib/gcc/aarch64-none-elf/8.1.0/../../../../aarch64-none-elf/lib/pic\libg.a(lib_a-wsetup.o)
                0x0000000000018278                __swsetup_r
 .text.quorem   0x00000000000183b8      0x1a8 c:/devkitpro/devkita64/bin/../lib/gcc/aarch64-none-elf/8.1.0/../../../../aarch64-none-elf/lib/pic\libg.a(lib_a-dtoa.o)
 .text._dtoa_r  0x0000000000018560     0x10dc c:/devkitpro/devkita64/bin/../lib/gcc/aarch64-none-elf/8.1.0/../../../../aarch64-none-elf/lib/pic\libg.a(lib_a-dtoa.o)
                0x0000000000018560                _dtoa_r
 *fill*         0x000000000001963c        0x4 
 .text.__sflush_r
                0x0000000000019640      0x214 c:/devkitpro/devkita64/bin/../lib/gcc/aarch64-none-elf/8.1.0/../../../../aarch64-none-elf/lib/pic\libg.a(lib_a-fflush.o)
                0x0000000000019640                __sflush_r
 *fill*         0x0000000000019854        0x4 
 .text._fflush_r
                0x0000000000019858       0xb8 c:/devkitpro/devkita64/bin/../lib/gcc/aarch64-none-elf/8.1.0/../../../../aarch64-none-elf/lib/pic\libg.a(lib_a-fflush.o)
                0x0000000000019858                _fflush_r
 .text.std      0x0000000000019910       0x78 c:/devkitpro/devkita64/bin/../lib/gcc/aarch64-none-elf/8.1.0/../../../../aarch64-none-elf/lib/pic\libg.a(lib_a-findfp.o)
 .text._cleanup_r
                0x0000000000019988        0xc c:/devkitpro/devkita64/bin/../lib/gcc/aarch64-none-elf/8.1.0/../../../../aarch64-none-elf/lib/pic\libg.a(lib_a-findfp.o)
                0x0000000000019988                _cleanup_r
 *fill*         0x0000000000019994        0x4 
 .text.__sfp_lock_acquire
                0x0000000000019998        0xc c:/devkitpro/devkita64/bin/../lib/gcc/aarch64-none-elf/8.1.0/../../../../aarch64-none-elf/lib/pic\libg.a(lib_a-findfp.o)
                0x0000000000019998                __sfp_lock_acquire
 *fill*         0x00000000000199a4        0x4 
 .text.__sfp_lock_release
                0x00000000000199a8        0xc c:/devkitpro/devkita64/bin/../lib/gcc/aarch64-none-elf/8.1.0/../../../../aarch64-none-elf/lib/pic\libg.a(lib_a-findfp.o)
                0x00000000000199a8                __sfp_lock_release
 *fill*         0x00000000000199b4        0x4 
 .text.__sinit_lock_acquire
                0x00000000000199b8        0xc c:/devkitpro/devkita64/bin/../lib/gcc/aarch64-none-elf/8.1.0/../../../../aarch64-none-elf/lib/pic\libg.a(lib_a-findfp.o)
                0x00000000000199b8                __sinit_lock_acquire
 *fill*         0x00000000000199c4        0x4 
 .text.__sinit_lock_release
                0x00000000000199c8        0xc c:/devkitpro/devkita64/bin/../lib/gcc/aarch64-none-elf/8.1.0/../../../../aarch64-none-elf/lib/pic\libg.a(lib_a-findfp.o)
                0x00000000000199c8                __sinit_lock_release
 *fill*         0x00000000000199d4        0x4 
 .text.__sinit  0x00000000000199d8       0x80 c:/devkitpro/devkita64/bin/../lib/gcc/aarch64-none-elf/8.1.0/../../../../aarch64-none-elf/lib/pic\libg.a(lib_a-findfp.o)
                0x00000000000199d8                __sinit
 .text._malloc_trim_r
                0x0000000000019a58      0x118 c:/devkitpro/devkita64/bin/../lib/gcc/aarch64-none-elf/8.1.0/../../../../aarch64-none-elf/lib/pic\libg.a(lib_a-freer.o)
                0x0000000000019a58                _malloc_trim_r
 .text._free_r  0x0000000000019b70      0x2f4 c:/devkitpro/devkita64/bin/../lib/gcc/aarch64-none-elf/8.1.0/../../../../aarch64-none-elf/lib/pic\libg.a(lib_a-freer.o)
                0x0000000000019b70                _free_r
 *fill*         0x0000000000019e64        0x4 
 .text.__sfvwrite_r
                0x0000000000019e68      0x4b8 c:/devkitpro/devkita64/bin/../lib/gcc/aarch64-none-elf/8.1.0/../../../../aarch64-none-elf/lib/pic\libg.a(lib_a-fvwrite.o)
                0x0000000000019e68                __sfvwrite_r
 .text._fwalk_reent
                0x000000000001a320       0xbc c:/devkitpro/devkita64/bin/../lib/gcc/aarch64-none-elf/8.1.0/../../../../aarch64-none-elf/lib/pic\libg.a(lib_a-fwalk.o)
                0x000000000001a320                _fwalk_reent
 *fill*         0x000000000001a3dc        0x4 
 .text.iswspace
                0x000000000001a3e0       0x84 c:/devkitpro/devkita64/bin/../lib/gcc/aarch64-none-elf/8.1.0/../../../../aarch64-none-elf/lib/pic\libg.a(lib_a-iswspace.o)
                0x000000000001a3e0                iswspace
 *fill*         0x000000000001a464        0x4 
 .text.__jp2uc  0x000000000001a468      0x244 c:/devkitpro/devkita64/bin/../lib/gcc/aarch64-none-elf/8.1.0/../../../../aarch64-none-elf/lib/pic\libg.a(lib_a-jp2uc.o)
 *fill*         0x000000000001a6ac        0x4 
 .text._jp2uc   0x000000000001a6b0       0xd0 c:/devkitpro/devkita64/bin/../lib/gcc/aarch64-none-elf/8.1.0/../../../../aarch64-none-elf/lib/pic\libg.a(lib_a-jp2uc.o)
                0x000000000001a6b0                _jp2uc
 .text.__localeconv_l
                0x000000000001a780        0x8 c:/devkitpro/devkita64/bin/../lib/gcc/aarch64-none-elf/8.1.0/../../../../aarch64-none-elf/lib/pic\libg.a(lib_a-localeconv.o)
                0x000000000001a780                __localeconv_l
 .text._localeconv_r
                0x000000000001a788       0x28 c:/devkitpro/devkita64/bin/../lib/gcc/aarch64-none-elf/8.1.0/../../../../aarch64-none-elf/lib/pic\libg.a(lib_a-localeconv.o)
                0x000000000001a788                _localeconv_r
 .text.__swhatbuf_r
                0x000000000001a7b0       0xa4 c:/devkitpro/devkita64/bin/../lib/gcc/aarch64-none-elf/8.1.0/../../../../aarch64-none-elf/lib/pic\libg.a(lib_a-makebuf.o)
                0x000000000001a7b0                __swhatbuf_r
 *fill*         0x000000000001a854        0x4 
 .text.__smakebuf_r
                0x000000000001a858      0x10c c:/devkitpro/devkita64/bin/../lib/gcc/aarch64-none-elf/8.1.0/../../../../aarch64-none-elf/lib/pic\libg.a(lib_a-makebuf.o)
                0x000000000001a858                __smakebuf_r
 *fill*         0x000000000001a964        0x4 
 .text._mbrtowc_r
                0x000000000001a968       0xd8 c:/devkitpro/devkita64/bin/../lib/gcc/aarch64-none-elf/8.1.0/../../../../aarch64-none-elf/lib/pic\libg.a(lib_a-mbrtowc.o)
                0x000000000001a968                _mbrtowc_r
 .text          0x000000000001aa40       0xac c:/devkitpro/devkita64/bin/../lib/gcc/aarch64-none-elf/8.1.0/../../../../aarch64-none-elf/lib/pic\libg.a(lib_a-memmove.o)
                0x000000000001aa40                memmove
 *fill*         0x000000000001aaec        0x4 
 .text._Balloc  0x000000000001aaf0       0x90 c:/devkitpro/devkita64/bin/../lib/gcc/aarch64-none-elf/8.1.0/../../../../aarch64-none-elf/lib/pic\libg.a(lib_a-mprec.o)
                0x000000000001aaf0                _Balloc
 .text._Bfree   0x000000000001ab80       0x1c c:/devkitpro/devkita64/bin/../lib/gcc/aarch64-none-elf/8.1.0/../../../../aarch64-none-elf/lib/pic\libg.a(lib_a-mprec.o)
                0x000000000001ab80                _Bfree
 *fill*         0x000000000001ab9c        0x4 
 .text.__multadd
                0x000000000001aba0       0xe8 c:/devkitpro/devkita64/bin/../lib/gcc/aarch64-none-elf/8.1.0/../../../../aarch64-none-elf/lib/pic\libg.a(lib_a-mprec.o)
                0x000000000001aba0                __multadd
 .text.__s2b    0x000000000001ac88      0x120 c:/devkitpro/devkita64/bin/../lib/gcc/aarch64-none-elf/8.1.0/../../../../aarch64-none-elf/lib/pic\libg.a(lib_a-mprec.o)
                0x000000000001ac88                __s2b
 .text.__hi0bits
                0x000000000001ada8       0x5c c:/devkitpro/devkita64/bin/../lib/gcc/aarch64-none-elf/8.1.0/../../../../aarch64-none-elf/lib/pic\libg.a(lib_a-mprec.o)
                0x000000000001ada8                __hi0bits
 *fill*         0x000000000001ae04        0x4 
 .text.__lo0bits
                0x000000000001ae08       0xa0 c:/devkitpro/devkita64/bin/../lib/gcc/aarch64-none-elf/8.1.0/../../../../aarch64-none-elf/lib/pic\libg.a(lib_a-mprec.o)
                0x000000000001ae08                __lo0bits
 .text.__i2b    0x000000000001aea8       0x2c c:/devkitpro/devkita64/bin/../lib/gcc/aarch64-none-elf/8.1.0/../../../../aarch64-none-elf/lib/pic\libg.a(lib_a-mprec.o)
                0x000000000001aea8                __i2b
 *fill*         0x000000000001aed4        0x4 
 .text.__multiply
                0x000000000001aed8      0x1c8 c:/devkitpro/devkita64/bin/../lib/gcc/aarch64-none-elf/8.1.0/../../../../aarch64-none-elf/lib/pic\libg.a(lib_a-mprec.o)
                0x000000000001aed8                __multiply
 .text.__pow5mult
                0x000000000001b0a0      0x104 c:/devkitpro/devkita64/bin/../lib/gcc/aarch64-none-elf/8.1.0/../../../../aarch64-none-elf/lib/pic\libg.a(lib_a-mprec.o)
                0x000000000001b0a0                __pow5mult
 *fill*         0x000000000001b1a4        0x4 
 .text.__lshift
                0x000000000001b1a8      0x134 c:/devkitpro/devkita64/bin/../lib/gcc/aarch64-none-elf/8.1.0/../../../../aarch64-none-elf/lib/pic\libg.a(lib_a-mprec.o)
                0x000000000001b1a8                __lshift
 *fill*         0x000000000001b2dc        0x4 
 .text.__mcmp   0x000000000001b2e0       0x50 c:/devkitpro/devkita64/bin/../lib/gcc/aarch64-none-elf/8.1.0/../../../../aarch64-none-elf/lib/pic\libg.a(lib_a-mprec.o)
                0x000000000001b2e0                __mcmp
 .text.__mdiff  0x000000000001b330      0x14c c:/devkitpro/devkita64/bin/../lib/gcc/aarch64-none-elf/8.1.0/../../../../aarch64-none-elf/lib/pic\libg.a(lib_a-mprec.o)
                0x000000000001b330                __mdiff
 *fill*         0x000000000001b47c        0x4 
 .text.__ulp    0x000000000001b480       0x68 c:/devkitpro/devkita64/bin/../lib/gcc/aarch64-none-elf/8.1.0/../../../../aarch64-none-elf/lib/pic\libg.a(lib_a-mprec.o)
                0x000000000001b480                __ulp
 .text.__b2d    0x000000000001b4e8      0x150 c:/devkitpro/devkita64/bin/../lib/gcc/aarch64-none-elf/8.1.0/../../../../aarch64-none-elf/lib/pic\libg.a(lib_a-mprec.o)
                0x000000000001b4e8                __b2d
 .text.__d2b    0x000000000001b638      0x138 c:/devkitpro/devkita64/bin/../lib/gcc/aarch64-none-elf/8.1.0/../../../../aarch64-none-elf/lib/pic\libg.a(lib_a-mprec.o)
                0x000000000001b638                __d2b
 .text.__ratio  0x000000000001b770       0xa0 c:/devkitpro/devkita64/bin/../lib/gcc/aarch64-none-elf/8.1.0/../../../../aarch64-none-elf/lib/pic\libg.a(lib_a-mprec.o)
                0x000000000001b770                __ratio
 .text.__copybits
                0x000000000001b810       0x68 c:/devkitpro/devkita64/bin/../lib/gcc/aarch64-none-elf/8.1.0/../../../../aarch64-none-elf/lib/pic\libg.a(lib_a-mprec.o)
                0x000000000001b810                __copybits
 .text.__any_on
                0x000000000001b878       0x84 c:/devkitpro/devkita64/bin/../lib/gcc/aarch64-none-elf/8.1.0/../../../../aarch64-none-elf/lib/pic\libg.a(lib_a-mprec.o)
                0x000000000001b878                __any_on
 *fill*         0x000000000001b8fc        0x4 
 .text.realloc  0x000000000001b900       0x30 c:/devkitpro/devkita64/bin/../lib/gcc/aarch64-none-elf/8.1.0/../../../../aarch64-none-elf/lib/pic\libg.a(lib_a-realloc.o)
                0x000000000001b900                realloc
 .text._realloc_r
                0x000000000001b930      0x56c c:/devkitpro/devkita64/bin/../lib/gcc/aarch64-none-elf/8.1.0/../../../../aarch64-none-elf/lib/pic\libg.a(lib_a-reallocr.o)
                0x000000000001b930                _realloc_r
 *fill*         0x000000000001be9c        0x4 
 .text.__sccl   0x000000000001bea0       0xbc c:/devkitpro/devkita64/bin/../lib/gcc/aarch64-none-elf/8.1.0/../../../../aarch64-none-elf/lib/pic\libg.a(lib_a-sccl.o)
                0x000000000001bea0                __sccl
 *fill*         0x000000000001bf5c        0x4 
 .text.nanf     0x000000000001bf60        0xc c:/devkitpro/devkita64/bin/../lib/gcc/aarch64-none-elf/8.1.0/../../../../aarch64-none-elf/lib/pic\libg.a(lib_a-sf_nan.o)
                0x000000000001bf60                nanf
 *fill*         0x000000000001bf6c        0x4 
 .text.frexp    0x000000000001bf70       0x7c c:/devkitpro/devkita64/bin/../lib/gcc/aarch64-none-elf/8.1.0/../../../../aarch64-none-elf/lib/pic\libg.a(lib_a-s_frexp.o)
                0x000000000001bf70                frexp
 *fill*         0x000000000001bfec        0x4 
 .text.sprintf  0x000000000001bff0       0xa8 c:/devkitpro/devkita64/bin/../lib/gcc/aarch64-none-elf/8.1.0/../../../../aarch64-none-elf/lib/pic\libg.a(lib_a-sprintf.o)
                0x000000000001bff0                sprintf
 .text.stpncpy  0x000000000001c098       0xc8 c:/devkitpro/devkita64/bin/../lib/gcc/aarch64-none-elf/8.1.0/../../../../aarch64-none-elf/lib/pic\libg.a(lib_a-stpncpy.o)
                0x000000000001c098                stpncpy
 .text.sulp     0x000000000001c160       0x54 c:/devkitpro/devkita64/bin/../lib/gcc/aarch64-none-elf/8.1.0/../../../../aarch64-none-elf/lib/pic\libg.a(lib_a-strtod.o)
 *fill*         0x000000000001c1b4        0x4 
 .text._strtod_l
                0x000000000001c1b8     0x10f0 c:/devkitpro/devkita64/bin/../lib/gcc/aarch64-none-elf/8.1.0/../../../../aarch64-none-elf/lib/pic\libg.a(lib_a-strtod.o)
                0x000000000001c1b8                _strtod_l
 .text._strtod_r
                0x000000000001d2a8       0x40 c:/devkitpro/devkita64/bin/../lib/gcc/aarch64-none-elf/8.1.0/../../../../aarch64-none-elf/lib/pic\libg.a(lib_a-strtod.o)
                0x000000000001d2a8                _strtod_r
 .text._strtoll_l.isra.0
                0x000000000001d2e8      0x1d0 c:/devkitpro/devkita64/bin/../lib/gcc/aarch64-none-elf/8.1.0/../../../../aarch64-none-elf/lib/pic\libg.a(lib_a-strtoll.o)
 .text._strtoll_r
                0x000000000001d4b8       0x48 c:/devkitpro/devkita64/bin/../lib/gcc/aarch64-none-elf/8.1.0/../../../../aarch64-none-elf/lib/pic\libg.a(lib_a-strtoll.o)
                0x000000000001d4b8                _strtoll_r
 .text._strtoull_l.isra.0
                0x000000000001d500      0x1e0 c:/devkitpro/devkita64/bin/../lib/gcc/aarch64-none-elf/8.1.0/../../../../aarch64-none-elf/lib/pic\libg.a(lib_a-strtoull.o)
 .text._strtoull_r
                0x000000000001d6e0       0x48 c:/devkitpro/devkita64/bin/../lib/gcc/aarch64-none-elf/8.1.0/../../../../aarch64-none-elf/lib/pic\libg.a(lib_a-strtoull.o)
                0x000000000001d6e0                _strtoull_r
 .text.__ssprint_r
                0x000000000001d728      0x1c0 c:/devkitpro/devkita64/bin/../lib/gcc/aarch64-none-elf/8.1.0/../../../../aarch64-none-elf/lib/pic\libg.a(lib_a-svfiprintf.o)
                0x000000000001d728                __ssprint_r
 .text._sungetc_r
                0x000000000001d8e8       0xf4 c:/devkitpro/devkita64/bin/../lib/gcc/aarch64-none-elf/8.1.0/../../../../aarch64-none-elf/lib/pic\libg.a(lib_a-svfiscanf.o)
                0x000000000001d8e8                _sungetc_r
 .text.__ssrefill_r
                0x000000000001d9dc       0x70 c:/devkitpro/devkita64/bin/../lib/gcc/aarch64-none-elf/8.1.0/../../../../aarch64-none-elf/lib/pic\libg.a(lib_a-svfiscanf.o)
                0x000000000001d9dc                __ssrefill_r
 .text._sfread_r
                0x000000000001da4c       0xe0 c:/devkitpro/devkita64/bin/../lib/gcc/aarch64-none-elf/8.1.0/../../../../aarch64-none-elf/lib/pic\libg.a(lib_a-svfiscanf.o)
                0x000000000001da4c                _sfread_r
 .text.get_arg  0x000000000001db2c      0x76c c:/devkitpro/devkita64/bin/../lib/gcc/aarch64-none-elf/8.1.0/../../../../aarch64-none-elf/lib/pic\libg.a(lib_a-svfprintf.o)
 .text._svfprintf_r
                0x000000000001e298     0x3b44 c:/devkitpro/devkita64/bin/../lib/gcc/aarch64-none-elf/8.1.0/../../../../aarch64-none-elf/lib/pic\libg.a(lib_a-svfprintf.o)
                0x000000000001e298                _svfprintf_r
 *fill*         0x0000000000021ddc        0x4 
 .text.__submore
                0x0000000000021de0       0xc8 c:/devkitpro/devkita64/bin/../lib/gcc/aarch64-none-elf/8.1.0/../../../../aarch64-none-elf/lib/pic\libg.a(lib_a-ungetc.o)
                0x0000000000021de0                __submore
 .text._wcsnrtombs_l
                0x0000000000021ea8      0x1dc c:/devkitpro/devkita64/bin/../lib/gcc/aarch64-none-elf/8.1.0/../../../../aarch64-none-elf/lib/pic\libg.a(lib_a-wcsnrtombs.o)
                0x0000000000021ea8                _wcsnrtombs_l
 *fill*         0x0000000000022084        0x4 
 .text._wcsnrtombs_r
                0x0000000000022088       0x54 c:/devkitpro/devkita64/bin/../lib/gcc/aarch64-none-elf/8.1.0/../../../../aarch64-none-elf/lib/pic\libg.a(lib_a-wcsnrtombs.o)
                0x0000000000022088                _wcsnrtombs_r
 *fill*         0x00000000000220dc        0x4 
 .text._calloc_r
                0x00000000000220e0       0x94 c:/devkitpro/devkita64/bin/../lib/gcc/aarch64-none-elf/8.1.0/../../../../aarch64-none-elf/lib/pic\libg.a(lib_a-callocr.o)
                0x00000000000220e0                _calloc_r
 *fill*         0x0000000000022174        0x4 
 .text._fclose_r
                0x0000000000022178      0x15c c:/devkitpro/devkita64/bin/../lib/gcc/aarch64-none-elf/8.1.0/../../../../aarch64-none-elf/lib/pic\libg.a(lib_a-fclose.o)
                0x0000000000022178                _fclose_r
 *fill*         0x00000000000222d4        0x4 
 .text.rshift   0x00000000000222d8      0x114 c:/devkitpro/devkita64/bin/../lib/gcc/aarch64-none-elf/8.1.0/../../../../aarch64-none-elf/lib/pic\libg.a(lib_a-gdtoa-gethex.o)
 *fill*         0x00000000000223ec        0x4 
 .text.__gethex
                0x00000000000223f0      0x7e8 c:/devkitpro/devkita64/bin/../lib/gcc/aarch64-none-elf/8.1.0/../../../../aarch64-none-elf/lib/pic\libg.a(lib_a-gdtoa-gethex.o)
                0x00000000000223f0                __gethex
 .text.__match  0x0000000000022bd8       0x48 c:/devkitpro/devkita64/bin/../lib/gcc/aarch64-none-elf/8.1.0/../../../../aarch64-none-elf/lib/pic\libg.a(lib_a-gdtoa-hexnan.o)
                0x0000000000022bd8                __match
 .text.__hexnan
                0x0000000000022c20      0x22c c:/devkitpro/devkita64/bin/../lib/gcc/aarch64-none-elf/8.1.0/../../../../aarch64-none-elf/lib/pic\libg.a(lib_a-gdtoa-hexnan.o)
                0x0000000000022c20                __hexnan
 *fill*         0x0000000000022e4c        0x4 
 .text.null_write
                0x0000000000022e50        0x8 c:/devkitpro/devkita64/bin/../lib/gcc/aarch64-none-elf/8.1.0/../../../../aarch64-none-elf/lib/pic\libsysbase.a(iosupport.o)
 .text.setDefaultDevice
                0x0000000000022e58       0x18 c:/devkitpro/devkita64/bin/../lib/gcc/aarch64-none-elf/8.1.0/../../../../aarch64-none-elf/lib/pic\libsysbase.a(iosupport.o)
                0x0000000000022e58                setDefaultDevice
 .text.FindDevice
                0x0000000000022e70       0xf8 c:/devkitpro/devkita64/bin/../lib/gcc/aarch64-none-elf/8.1.0/../../../../aarch64-none-elf/lib/pic\libsysbase.a(iosupport.o)
                0x0000000000022e70                FindDevice
 .text.RemoveDevice
                0x0000000000022f68       0x34 c:/devkitpro/devkita64/bin/../lib/gcc/aarch64-none-elf/8.1.0/../../../../aarch64-none-elf/lib/pic\libsysbase.a(iosupport.o)
                0x0000000000022f68                RemoveDevice
 *fill*         0x0000000000022f9c        0x4 
 .text.AddDevice
                0x0000000000022fa0       0xd8 c:/devkitpro/devkita64/bin/../lib/gcc/aarch64-none-elf/8.1.0/../../../../aarch64-none-elf/lib/pic\libsysbase.a(iosupport.o)
                0x0000000000022fa0                AddDevice
 .text._close_r
                0x0000000000023078       0xa8 c:/devkitpro/devkita64/bin/../lib/gcc/aarch64-none-elf/8.1.0/../../../../aarch64-none-elf/lib/pic\libsysbase.a(close.o)
                0x0000000000023078                _close_r
 .text._fstat_r
                0x0000000000023120       0x80 c:/devkitpro/devkita64/bin/../lib/gcc/aarch64-none-elf/8.1.0/../../../../aarch64-none-elf/lib/pic\libsysbase.a(fstat.o)
                0x0000000000023120                _fstat_r
 .text._gettimeofday_r
                0x00000000000231a0       0x28 c:/devkitpro/devkita64/bin/../lib/gcc/aarch64-none-elf/8.1.0/../../../../aarch64-none-elf/lib/pic\libsysbase.a(gettod.o)
                0x00000000000231a0                _gettimeofday_r
 .text._isatty_r
                0x00000000000231c8        0x8 c:/devkitpro/devkita64/bin/../lib/gcc/aarch64-none-elf/8.1.0/../../../../aarch64-none-elf/lib/pic\libsysbase.a(isatty.o)
                0x00000000000231c8                _isatty_r
 .text._lseek_r
                0x00000000000231d0       0x94 c:/devkitpro/devkita64/bin/../lib/gcc/aarch64-none-elf/8.1.0/../../../../aarch64-none-elf/lib/pic\libsysbase.a(lseek.o)
                0x00000000000231d0                _lseek_r
 *fill*         0x0000000000023264        0x4 
 .text._read_r  0x0000000000023268       0xa4 c:/devkitpro/devkita64/bin/../lib/gcc/aarch64-none-elf/8.1.0/../../../../aarch64-none-elf/lib/pic\libsysbase.a(read.o)
                0x0000000000023268                _read_r
 *fill*         0x000000000002330c        0x4 
 .text._sbrk_r  0x0000000000023310       0x78 c:/devkitpro/devkita64/bin/../lib/gcc/aarch64-none-elf/8.1.0/../../../../aarch64-none-elf/lib/pic\libsysbase.a(sbrk.o)
                0x0000000000023310                _sbrk_r
 .text._write_r
                0x0000000000023388       0xa4 c:/devkitpro/devkita64/bin/../lib/gcc/aarch64-none-elf/8.1.0/../../../../aarch64-none-elf/lib/pic\libsysbase.a(write.o)
                0x0000000000023388                _write_r
 *fill*         0x000000000002342c        0x4 
 .text._concatenate_path
                0x0000000000023430      0x224 c:/devkitpro/devkita64/bin/../lib/gcc/aarch64-none-elf/8.1.0/../../../../aarch64-none-elf/lib/pic\libsysbase.a(chdir.o)
                0x0000000000023430                _concatenate_path
 *fill*         0x0000000000023654        0x4 
 .text.chdir    0x0000000000023658      0x178 c:/devkitpro/devkita64/bin/../lib/gcc/aarch64-none-elf/8.1.0/../../../../aarch64-none-elf/lib/pic\libsysbase.a(chdir.o)
                0x0000000000023658                chdir
 .text.__libc_lock_acquire
                0x00000000000237d0       0x18 c:/devkitpro/devkita64/bin/../lib/gcc/aarch64-none-elf/8.1.0/../../../../aarch64-none-elf/lib/pic\libsysbase.a(syscall_support.o)
                0x00000000000237d0                __libc_lock_acquire
 .text.__libc_lock_release
                0x00000000000237e8       0x18 c:/devkitpro/devkita64/bin/../lib/gcc/aarch64-none-elf/8.1.0/../../../../aarch64-none-elf/lib/pic\libsysbase.a(syscall_support.o)
                0x00000000000237e8                __libc_lock_release
 .text.__libc_lock_init_recursive
                0x0000000000023800       0x18 c:/devkitpro/devkita64/bin/../lib/gcc/aarch64-none-elf/8.1.0/../../../../aarch64-none-elf/lib/pic\libsysbase.a(syscall_support.o)
                0x0000000000023800                __libc_lock_init_recursive
 .text.__libc_lock_acquire_recursive
                0x0000000000023818       0x18 c:/devkitpro/devkita64/bin/../lib/gcc/aarch64-none-elf/8.1.0/../../../../aarch64-none-elf/lib/pic\libsysbase.a(syscall_support.o)
                0x0000000000023818                __libc_lock_acquire_recursive
 .text.__libc_lock_release_recursive
                0x0000000000023830       0x18 c:/devkitpro/devkita64/bin/../lib/gcc/aarch64-none-elf/8.1.0/../../../../aarch64-none-elf/lib/pic\libsysbase.a(syscall_support.o)
                0x0000000000023830                __libc_lock_release_recursive
 .text.__libc_lock_close_recursive
                0x0000000000023848       0x18 c:/devkitpro/devkita64/bin/../lib/gcc/aarch64-none-elf/8.1.0/../../../../aarch64-none-elf/lib/pic\libsysbase.a(syscall_support.o)
                0x0000000000023848                __libc_lock_close_recursive
 .text.__free_handle
                0x0000000000023860       0x3c c:/devkitpro/devkita64/bin/../lib/gcc/aarch64-none-elf/8.1.0/../../../../aarch64-none-elf/lib/pic\libsysbase.a(handle_manager.o)
                0x0000000000023860                __free_handle
 *fill*         0x000000000002389c        0x4 
 .text.__release_handle
                0x00000000000238a0       0x58 c:/devkitpro/devkita64/bin/../lib/gcc/aarch64-none-elf/8.1.0/../../../../aarch64-none-elf/lib/pic\libsysbase.a(handle_manager.o)
                0x00000000000238a0                __release_handle
 .text.__get_handle
                0x00000000000238f8       0x20 c:/devkitpro/devkita64/bin/../lib/gcc/aarch64-none-elf/8.1.0/../../../../aarch64-none-elf/lib/pic\libsysbase.a(handle_manager.o)
                0x00000000000238f8                __get_handle
 .text.__getreent
                0x0000000000023918       0x24 c:/devkitpro/devkita64/bin/../lib/gcc/aarch64-none-elf/8.1.0/../../../../aarch64-none-elf/lib/pic\libsysbase.a(getreent.o)
                0x0000000000023918                __getreent
 *fill*         0x000000000002393c        0x4 
 .text.__extenddftf2
                0x0000000000023940      0x150 c:/devkitpro/devkita64/bin/../lib/gcc/aarch64-none-elf/8.1.0/pic\libgcc.a(extenddftf2.o)
                0x0000000000023940                __extenddftf2
 .text.__trunctfdf2