Archive member included to satisfy reference by file (symbol)

C:/devkitPro/libnx/lib\libnx.a(console.o)
                              main.o (consoleInit)
C:/devkitPro/libnx/lib\libnx.a(applet.o)
                              main.o (appletMainLoop)
C:/devkitPro/libnx/lib\libnx.a(hid.o)
                              main.o (hidKeysDown)
C:/devkitPro/libnx/lib\libnx.a(sm.o)
                              C:/devkitPro/libnx/lib\libnx.a(applet.o) (smGetService)
C:/devkitPro/libnx/lib\libnx.a(apm.o)
                              C:/devkitPro/libnx/lib\libnx.a(applet.o) (apmExit)
C:/devkitPro/libnx/lib\libnx.a(fatal.o)
                              C:/devkitPro/libnx/lib\libnx.a(applet.o) (fatalSimple)
C:/devkitPro/libnx/lib\libnx.a(gfx.o)
                              C:/devkitPro/libnx/lib\libnx.a(console.o) (g_gfx_framebuf_display_height)
C:/devkitPro/libnx/lib\libnx.a(nvgfx.o)
                              C:/devkitPro/libnx/lib\libnx.a(gfx.o) (nvgfxInitialize)
C:/devkitPro/libnx/lib\libnx.a(channel.o)
                              C:/devkitPro/libnx/lib\libnx.a(nvgfx.o) (nvioctlChannel_SetNvmapFd)
C:/devkitPro/libnx/lib\libnx.a(nvhost-ctrl.o)
                              C:/devkitPro/libnx/lib\libnx.a(nvgfx.o) (nvioctlNvhostCtrl_EventWait)
C:/devkitPro/libnx/lib\libnx.a(nvhost-ctrl-gpu.o)
                              C:/devkitPro/libnx/lib\libnx.a(nvgfx.o) (nvioctlNvhostCtrlGpu_ZCullGetCtxSize)
C:/devkitPro/libnx/lib\libnx.a(nvhost-as-gpu.o)
                              C:/devkitPro/libnx/lib\libnx.a(nvgfx.o) (nvioctlNvhostAsGpu_BindChannel)
C:/devkitPro/libnx/lib\libnx.a(nvmap.o)
                              C:/devkitPro/libnx/lib\libnx.a(nvgfx.o) (nvioctlNvmap_Create)
C:/devkitPro/libnx/lib\libnx.a(cache.o)
                              C:/devkitPro/libnx/lib\libnx.a(gfx.o) (armDCacheFlush)
C:/devkitPro/libnx/lib\libnx.a(switch_crt0.o)
                              (_start)
C:/devkitPro/libnx/lib\libnx.a(svc.o)
                              C:/devkitPro/libnx/lib\libnx.a(applet.o) (svcSleepThread)
C:/devkitPro/libnx/lib\libnx.a(default_font.bin.o)
                              C:/devkitPro/libnx/lib\libnx.a(console.o) (default_font_bin)
C:/devkitPro/libnx/lib\libnx.a(dynamic.o)
                              C:/devkitPro/libnx/lib\libnx.a(switch_crt0.o) (__nx_dynamic)
C:/devkitPro/libnx/lib\libnx.a(init.o)
                              C:/devkitPro/libnx/lib\libnx.a(switch_crt0.o) (__libnx_init)
C:/devkitPro/libnx/lib\libnx.a(env.o)
                              C:/devkitPro/libnx/lib\libnx.a(init.o) (envSetup)
C:/devkitPro/libnx/lib\libnx.a(newlib.o)
                              C:/devkitPro/libnx/lib\libnx.a(init.o) (newlibSetup)
C:/devkitPro/libnx/lib\libnx.a(argv.o)
                              C:/devkitPro/libnx/lib\libnx.a(init.o) (argvSetup)
C:/devkitPro/libnx/lib\libnx.a(detect.o)
                              C:/devkitPro/libnx/lib\libnx.a(applet.o) (kernelAbove200)
C:/devkitPro/libnx/lib\libnx.a(shmem.o)
                              C:/devkitPro/libnx/lib\libnx.a(hid.o) (shmemLoadRemote)
C:/devkitPro/libnx/lib\libnx.a(rwlock.o)
                              C:/devkitPro/libnx/lib\libnx.a(hid.o) (rwlockReadLock)
C:/devkitPro/libnx/lib\libnx.a(mutex.o)
                              C:/devkitPro/libnx/lib\libnx.a(newlib.o) (mutexLock)
C:/devkitPro/libnx/lib\libnx.a(virtmem.o)
                              C:/devkitPro/libnx/lib\libnx.a(init.o) (virtmemSetup)
C:/devkitPro/libnx/lib\libnx.a(fs_dev.o)
                              C:/devkitPro/libnx/lib\libnx.a(init.o) (fsdevMountSdmc)
C:/devkitPro/libnx/lib\libnx.a(time.o)
                              C:/devkitPro/libnx/lib\libnx.a(init.o) (timeExit)
C:/devkitPro/libnx/lib\libnx.a(vi.o)
                              C:/devkitPro/libnx/lib\libnx.a(gfx.o) (viExit)
C:/devkitPro/libnx/lib\libnx.a(nv.o)
                              C:/devkitPro/libnx/lib\libnx.a(gfx.o) (nvExit)
C:/devkitPro/libnx/lib\libnx.a(fs.o)
                              C:/devkitPro/libnx/lib\libnx.a(init.o) (fsInitialize)
C:/devkitPro/libnx/lib\libnx.a(buffer_producer.o)
                              C:/devkitPro/libnx/lib\libnx.a(gfx.o) (bufferProducerInitialize)
C:/devkitPro/libnx/lib\libnx.a(binder.o)
                              C:/devkitPro/libnx/lib\libnx.a(gfx.o) (binderCreateSession)
C:/devkitPro/libnx/lib\libnx.a(parcel.o)
                              C:/devkitPro/libnx/lib\libnx.a(buffer_producer.o) (parcelInitialize)
C:/devkitPro/libnx/lib\libnx.a(decode_utf8.o)
                              C:/devkitPro/libnx/lib\libnx.a(fs_dev.o) (decode_utf8)
C:/devkitPro/libnx/lib\libnx.a(readtp.o)
                              C:/devkitPro/libnx/lib\libnx.a(fs_dev.o) (__aarch64_read_tp)
C:/devkitPro/libnx/lib\libnx.a(nxlink.o)
                              C:/devkitPro/libnx/lib\libnx.a(argv.o) (nxlinkSetup)
C:/devkitPro/libnx/lib\libnx.a(tmem.o)
                              C:/devkitPro/libnx/lib\libnx.a(nv.o) (tmemCreate)
[...]
Memory Configuration

Name             Origin             Length             Attributes
*default*        0x0000000000000000 0xffffffffffffffff

Linker script and memory map

                0x0000000000000000                PROVIDE (__start__ = 0x0)
                0x0000000000000000                . = __start__

.crt0           0x0000000000000000      0x118
 *(.crt0)
 .crt0          0x0000000000000000      0x114 C:/devkitPro/libnx/lib\libnx.a(switch_crt0.o)
                0x0000000000000000                _start
                0x0000000000000104                __nx_exit
                0x0000000000000118                . = ALIGN (0x8)
 *fill*         0x0000000000000114        0x4 

.init           0x0000000000000118       0x38
 *(.init)
 .init          0x0000000000000118       0x18 c:/devkitpro/devkita64/bin/../lib/gcc/aarch64-none-elf/8.1.0/pic/crti.o
                0x0000000000000118                _init
 .init          0x0000000000000130       0x1c c:/devkitpro/devkita64/bin/../lib/gcc/aarch64-none-elf/8.1.0/pic/crtn.o
                0x0000000000000150                . = ALIGN (0x8)
 *fill*         0x000000000000014c        0x4 

.plt            0x0000000000000150        0x0
 *(.plt)
 .plt           0x0000000000000150        0x0 c:/devkitpro/devkita64/bin/../lib/gcc/aarch64-none-elf/8.1.0/pic/crti.o
 *(.iplt)
                0x0000000000000150                . = ALIGN (0x8)

.text           0x0000000000000180    0x236a8
 *(.text.unlikely .text.*_unlikely .text.unlikely.*)
 *(.text.exit .text.exit.*)
 *(.text.startup .text.startup.*)
 .text.startup.main
                0x0000000000000180      0x1ac main.o
                0x0000000000000180                main
 *(.text.hot .text.hot.*)
 *(.text .stub .text.* .gnu.linkonce.t.*)
 *fill*         0x000000000000032c        0x4 
 .text.deregister_tm_clones
                0x0000000000000330       0x2c c:/devkitpro/devkita64/bin/../lib/gcc/aarch64-none-elf/8.1.0/pic/crtbegin.o
 *fill*         0x000000000000035c        0x4 
 .text.register_tm_clones
                0x0000000000000360       0x38 c:/devkitpro/devkita64/bin/../lib/gcc/aarch64-none-elf/8.1.0/pic/crtbegin.o
 .text.__do_global_dtors_aux
                0x0000000000000398       0x48 c:/devkitpro/devkita64/bin/../lib/gcc/aarch64-none-elf/8.1.0/pic/crtbegin.o
 .text.frame_dummy
                0x00000000000003e0       0x34 c:/devkitpro/devkita64/bin/../lib/gcc/aarch64-none-elf/8.1.0/pic/crtbegin.o
 *fill*         0x0000000000000414        0xc 
 .text.printNx  0x0000000000000420       0x10 rogueIO.o
                0x0000000000000420                printNx
 .text.printMenu
                0x0000000000000430      0x1cc rogueIO.o
                0x0000000000000430                printMenu
 *fill*         0x00000000000005fc        0x4 
 .text.printCharacter
                0x0000000000000600       0x4c rogueIO.o
                0x0000000000000600                printCharacter
 *fill*         0x000000000000064c        0x4 
 .text.consoleDrawChar
                0x0000000000000650      0x294 C:/devkitPro/libnx/lib\libnx.a(console.o)
                0x0000000000000650                consoleDrawChar
 *fill*         0x00000000000008e4        0xc 
 .text.consolePrintChar
                0x00000000000008f0      0x164 C:/devkitPro/libnx/lib\libnx.a(console.o)
                0x00000000000008f0                consolePrintChar
 *fill*         0x0000000000000a54        0xc 
 .text.consoleClearLine
                0x0000000000000a60      0x170 C:/devkitPro/libnx/lib\libnx.a(console.o)
 .text.newRow   0x0000000000000bd0      0x1c4 C:/devkitPro/libnx/lib\libnx.a(console.o)
 *fill*         0x0000000000000d94        0xc 
 .text.consoleCls
                0x0000000000000da0      0x18c C:/devkitPro/libnx/lib\libnx.a(console.o)
 *fill*         0x0000000000000f2c        0x4 
 .text.consoleInit
                0x0000000000000f30       0xf8 C:/devkitPro/libnx/lib\libnx.a(console.o)
                0x0000000000000f30                consoleInit
 *fill*         0x0000000000001028        0x8 
 .text.con_write
                0x0000000000001030      0x854 C:/devkitPro/libnx/lib\libnx.a(console.o)
 *fill*         0x0000000000001884        0xc 
 .text.ipcCloseObjectById
                0x0000000000001890       0x34 C:/devkitPro/libnx/lib\libnx.a(applet.o)
 *fill*         0x00000000000018c4        0xc 
 .text._appletGetHandle
                0x00000000000018d0      0x124 C:/devkitPro/libnx/lib\libnx.a(applet.o)
 *fill*         0x00000000000019f4        0xc 
 .text._appletGetOperationMode.constprop.13
                0x0000000000001a00       0xe0 C:/devkitPro/libnx/lib\libnx.a(applet.o)
 .text._appletGetCurrentFocusState.constprop.15
                0x0000000000001ae0       0xe0 C:/devkitPro/libnx/lib\libnx.a(applet.o)
 .text._appletReceiveMessage
                0x0000000000001bc0       0xec C:/devkitPro/libnx/lib\libnx.a(applet.o)
 *fill*         0x0000000000001cac        0x4 
 .text._appletGetPerformanceMode.constprop.14
                0x0000000000001cb0       0xe0 C:/devkitPro/libnx/lib\libnx.a(applet.o)
 .text._appletAcquireForegroundRights
                0x0000000000001d90       0xcc C:/devkitPro/libnx/lib\libnx.a(applet.o)
 *fill*         0x0000000000001e5c        0x4 
 .text._appletSetOperationModeChangedNotification.constprop.16
                0x0000000000001e60       0xd4 C:/devkitPro/libnx/lib\libnx.a(applet.o)
 *fill*         0x0000000000001f34        0xc 
 .text._appletSetPerformanceModeChangedNotification.constprop.17
                0x0000000000001f40       0xd4 C:/devkitPro/libnx/lib\libnx.a(applet.o)
 *fill*         0x0000000000002014        0xc 
 .text._appletSetOutOfFocusSuspendingEnabled
                0x0000000000002020       0xd0 C:/devkitPro/libnx/lib\libnx.a(applet.o)
 .text._appletSetFocusHandlingMode
                0x00000000000020f0       0xd8 C:/devkitPro/libnx/lib\libnx.a(applet.o)
 *fill*         0x00000000000021c8        0x8 
 .text._appletGetAppletResourceUserId.constprop.11
                0x00000000000021d0       0xe0 C:/devkitPro/libnx/lib\libnx.a(applet.o)
 .text._appletGetSessionProxy.constprop.10
                0x00000000000022b0      0x13c C:/devkitPro/libnx/lib\libnx.a(applet.o)
 *fill*         0x00000000000023ec        0x4 
 .text.appletExit
                0x00000000000023f0      0x48c C:/devkitPro/libnx/lib\libnx.a(applet.o)
                0x00000000000023f0                appletExit
 *fill*         0x000000000000287c        0x4 
 .text.appletHook
                0x0000000000002880       0x28 C:/devkitPro/libnx/lib\libnx.a(applet.o)
                0x0000000000002880                appletHook
 *fill*         0x00000000000028a8        0x8 
 .text.appletUnhook
                0x00000000000028b0       0x34 C:/devkitPro/libnx/lib\libnx.a(applet.o)
                0x00000000000028b0                appletUnhook
 *fill*         0x00000000000028e4        0xc 
 .text.appletGetAppletResourceUserId
                0x00000000000028f0       0x28 C:/devkitPro/libnx/lib\libnx.a(applet.o)
                0x00000000000028f0                appletGetAppletResourceUserId
 *fill*         0x0000000000002918        0x8 
 .text.appletNotifyRunning
                0x0000000000002920      0x120 C:/devkitPro/libnx/lib\libnx.a(applet.o)
                0x0000000000002920                appletNotifyRunning
 .text.appletInitialize
                0x0000000000002a40      0x4dc C:/devkitPro/libnx/lib\libnx.a(applet.o)
                0x0000000000002a40                appletInitialize
 *fill*         0x0000000000002f1c        0x4 
 .text.appletCreateManagedDisplayLayer
                0x0000000000002f20       0xec C:/devkitPro/libnx/lib\libnx.a(applet.o)
                0x0000000000002f20                appletCreateManagedDisplayLayer
 *fill*         0x000000000000300c        0x4 
 .text.appletGetOperationMode
                0x0000000000003010        0xc C:/devkitPro/libnx/lib\libnx.a(applet.o)
                0x0000000000003010                appletGetOperationMode
 *fill*         0x000000000000301c        0x4 
 .text.appletMainLoop
                0x0000000000003020      0x144 C:/devkitPro/libnx/lib\libnx.a(applet.o)
                0x0000000000003020                appletMainLoop
 *fill*         0x0000000000003164        0xc 
 .text.ipcCloseObjectById
                0x0000000000003170       0x34 C:/devkitPro/libnx/lib\libnx.a(hid.o)
 *fill*         0x00000000000031a4        0xc 
 .text._hidGetSharedMemoryHandle.constprop.8
                0x00000000000031b0      0x124 C:/devkitPro/libnx/lib\libnx.a(hid.o)
 *fill*         0x00000000000032d4        0xc 
 .text._hidCreateAppletResource.constprop.7
                0x00000000000032e0      0x134 C:/devkitPro/libnx/lib\libnx.a(hid.o)
 *fill*         0x0000000000003414        0xc 
 .text.hidReset
                0x0000000000003420      0x1b0 C:/devkitPro/libnx/lib\libnx.a(hid.o)
                0x0000000000003420                hidReset
 .text.hidGetSharedmemAddr
                0x00000000000035d0        0xc C:/devkitPro/libnx/lib\libnx.a(hid.o)
                0x00000000000035d0                hidGetSharedmemAddr
 *fill*         0x00000000000035dc        0x4 
 .text.hidKeysDown
                0x00000000000035e0       0x6c C:/devkitPro/libnx/lib\libnx.a(hid.o)
                0x00000000000035e0                hidKeysDown
 *fill*         0x000000000000364c        0x4 
 .text.hidTouchCount
                0x0000000000003650        0xc C:/devkitPro/libnx/lib\libnx.a(hid.o)
                0x0000000000003650                hidTouchCount
 *fill*         0x000000000000365c        0x4 
 .text.hidScanInput
                0x0000000000003660      0x49c C:/devkitPro/libnx/lib\libnx.a(hid.o)
                0x0000000000003660                hidScanInput
 *fill*         0x0000000000003afc        0x4 
 .text.hidSetNpadJoyAssignmentModeDual
                0x0000000000003b00      0x108 C:/devkitPro/libnx/lib\libnx.a(hid.o)
                0x0000000000003b00                hidSetNpadJoyAssignmentModeDual
 *fill*         0x0000000000003c08        0x8 
 .text.hidExit  0x0000000000003c10      0x120 C:/devkitPro/libnx/lib\libnx.a(hid.o)
                0x0000000000003c10                hidExit
 .text.hidInitialize
                0x0000000000003d30       0xec C:/devkitPro/libnx/lib\libnx.a(hid.o)
                0x0000000000003d30                hidInitialize
 *fill*         0x0000000000003e1c        0x4 
 .text.smAddOverrideHandle
                0x0000000000003e20       0x44 C:/devkitPro/libnx/lib\libnx.a(sm.o)
                0x0000000000003e20                smAddOverrideHandle
 *fill*         0x0000000000003e64        0xc 
 .text.smGetServiceOverride
                0x0000000000003e70       0x60 C:/devkitPro/libnx/lib\libnx.a(sm.o)
                0x0000000000003e70                smGetServiceOverride
 .text.smHasInitialized
                0x0000000000003ed0       0x14 C:/devkitPro/libnx/lib\libnx.a(sm.o)
                0x0000000000003ed0                smHasInitialized
 *fill*         0x0000000000003ee4        0xc 
 .text.smExit   0x0000000000003ef0       0x48 C:/devkitPro/libnx/lib\libnx.a(sm.o)
                0x0000000000003ef0                smExit
 *fill*         0x0000000000003f38        0x8 
 .text.smEncodeName
                0x0000000000003f40       0x38 C:/devkitPro/libnx/lib\libnx.a(sm.o)
                0x0000000000003f40                smEncodeName
 *fill*         0x0000000000003f78        0x8 
 .text.smGetServiceOriginal
                0x0000000000003f80      0x12c C:/devkitPro/libnx/lib\libnx.a(sm.o)
                0x0000000000003f80                smGetServiceOriginal
 *fill*         0x00000000000040ac        0x4 
 .text.smInitialize
                0x00000000000040b0      0x158 C:/devkitPro/libnx/lib\libnx.a(sm.o)
                0x00000000000040b0                smInitialize
 *fill*         0x0000000000004208        0x8 
 .text.smGetService
                0x0000000000004210       0x74 C:/devkitPro/libnx/lib\libnx.a(sm.o)
                0x0000000000004210                smGetService
 *fill*         0x0000000000004284        0xc 
 .text.ipcCloseObjectById
                0x0000000000004290       0x34 C:/devkitPro/libnx/lib\libnx.a(apm.o)
 *fill*         0x00000000000042c4        0xc 
 .text._apmGetSession.constprop.4
                0x00000000000042d0      0x124 C:/devkitPro/libnx/lib\libnx.a(apm.o)
 *fill*         0x00000000000043f4        0xc 
 .text.apmExit  0x0000000000004400       0xf0 C:/devkitPro/libnx/lib\libnx.a(apm.o)
                0x0000000000004400                apmExit
 .text.apmInitialize
                0x00000000000044f0       0x8c C:/devkitPro/libnx/lib\libnx.a(apm.o)
                0x00000000000044f0                apmInitialize
 *fill*         0x000000000000457c        0x4 
 .text.apmSetPerformanceConfiguration
                0x0000000000004580       0xcc C:/devkitPro/libnx/lib\libnx.a(apm.o)
                0x0000000000004580                apmSetPerformanceConfiguration
 *fill*         0x000000000000464c        0x4 
 .text.fatalSimple
                0x0000000000004650       0xc0 C:/devkitPro/libnx/lib\libnx.a(fatal.o)
                0x0000000000004650                fatalSimple
 .text._gfxDequeueBuffer.part.0
                0x0000000000004710       0xc8 C:/devkitPro/libnx/lib\libnx.a(gfx.o)
 *fill*         0x00000000000047d8        0x8 
 .text._gfxQueueBuffer.part.1
                0x00000000000047e0       0x38 C:/devkitPro/libnx/lib\libnx.a(gfx.o)
 *fill*         0x0000000000004818        0x8 
 .text.gfxConfigureCrop
                0x0000000000004820       0xe8 C:/devkitPro/libnx/lib\libnx.a(gfx.o)
                0x0000000000004820                gfxConfigureCrop
 *fill*         0x0000000000004908        0x8 
 .text.gfxConfigureResolution
                0x0000000000004910       0x14 C:/devkitPro/libnx/lib\libnx.a(gfx.o)
                0x0000000000004910                gfxConfigureResolution
 *fill*         0x0000000000004924        0xc 
 .text._gfxAutoResolutionAppletHook
                0x0000000000004930       0x60 C:/devkitPro/libnx/lib\libnx.a(gfx.o)
 .text.gfxConfigureAutoResolution
                0x0000000000004990      0x11c C:/devkitPro/libnx/lib\libnx.a(gfx.o)
                0x0000000000004990                gfxConfigureAutoResolution
 *fill*         0x0000000000004aac        0x4 
 .text.gfxExit  0x0000000000004ab0      0x178 C:/devkitPro/libnx/lib\libnx.a(gfx.o)
                0x0000000000004ab0                gfxExit
 *fill*         0x0000000000004c28        0x8 
 .text._gfxGraphicBufferInit
                0x0000000000004c30       0x54 C:/devkitPro/libnx/lib\libnx.a(gfx.o)
                0x0000000000004c30                _gfxGraphicBufferInit
 *fill*         0x0000000000004c84        0xc 
 .text.gfxWaitForVsync
                0x0000000000004c90       0x80 C:/devkitPro/libnx/lib\libnx.a(gfx.o)
                0x0000000000004c90                gfxWaitForVsync
 .text.gfxInitDefault
                0x0000000000004d10      0x588 C:/devkitPro/libnx/lib\libnx.a(gfx.o)
                0x0000000000004d10                gfxInitDefault
 *fill*         0x0000000000005298        0x8 
 .text.gfxSwapBuffers
                0x00000000000052a0       0x5c C:/devkitPro/libnx/lib\libnx.a(gfx.o)
                0x00000000000052a0                gfxSwapBuffers
 *fill*         0x00000000000052fc        0x4 
 .text.gfxGetFramebuffer
                0x0000000000005300       0x68 C:/devkitPro/libnx/lib\libnx.a(gfx.o)
                0x0000000000005300                gfxGetFramebuffer
 *fill*         0x0000000000005368        0x8 
 .text.gfxSetMode
                0x0000000000005370        0xc C:/devkitPro/libnx/lib\libnx.a(gfx.o)
                0x0000000000005370                gfxSetMode
 *fill*         0x000000000000537c        0x4 
 .text.gfxFlushBuffers
                0x0000000000005380      0x144 C:/devkitPro/libnx/lib\libnx.a(gfx.o)
                0x0000000000005380                gfxFlushBuffers
 *fill*         0x00000000000054c4        0xc 
 .text.nvmapobjClose
                0x00000000000054d0       0x3c C:/devkitPro/libnx/lib\libnx.a(nvgfx.o)
 *fill*         0x000000000000550c        0x4 
 .text.nvmapobjInitialize.part.0
                0x0000000000005510       0x6c C:/devkitPro/libnx/lib\libnx.a(nvgfx.o)
 *fill*         0x000000000000557c        0x4 
 .text.nvmapobjSetup.constprop.2
                0x0000000000005580       0x70 C:/devkitPro/libnx/lib\libnx.a(nvgfx.o)
 .text.nvgfxInitialize
                0x00000000000055f0      0xbd8 C:/devkitPro/libnx/lib\libnx.a(nvgfx.o)
                0x00000000000055f0                nvgfxInitialize
 *fill*         0x00000000000061c8        0x8 
 .text.nvgfxExit
                0x00000000000061d0      0x128 C:/devkitPro/libnx/lib\libnx.a(nvgfx.o)
                0x00000000000061d0                nvgfxExit
 *fill*         0x00000000000062f8        0x8 
 .text.nvgfxEventWait
                0x0000000000006300       0x68 C:/devkitPro/libnx/lib\libnx.a(nvgfx.o)
                0x0000000000006300                nvgfxEventWait
 *fill*         0x0000000000006368        0x8 
 .text.nvgfxGetFramebuffer
                0x0000000000006370       0x3c C:/devkitPro/libnx/lib\libnx.a(nvgfx.o)
                0x0000000000006370                nvgfxGetFramebuffer
 *fill*         0x00000000000063ac        0x4 
 .text.nvioctlChannel_SetNvmapFd
                0x00000000000063b0       0x24 C:/devkitPro/libnx/lib\libnx.a(channel.o)
                0x00000000000063b0                nvioctlChannel_SetNvmapFd
 *fill*         0x00000000000063d4        0xc 
 .text.nvioctlChannel_AllocObjCtx
                0x00000000000063e0       0x30 C:/devkitPro/libnx/lib\libnx.a(channel.o)
                0x00000000000063e0                nvioctlChannel_AllocObjCtx
 .text.nvioctlChannel_ZCullBind
                0x0000000000006410       0x28 C:/devkitPro/libnx/lib\libnx.a(channel.o)
                0x0000000000006410                nvioctlChannel_ZCullBind
 *fill*         0x0000000000006438        0x8 
 .text.nvioctlChannel_SetErrorNotifier
                0x0000000000006440       0x28 C:/devkitPro/libnx/lib\libnx.a(channel.o)
                0x0000000000006440                nvioctlChannel_SetErrorNotifier
 *fill*         0x0000000000006468        0x8 
 .text.nvioctlChannel_SetPriority
                0x0000000000006470       0x24 C:/devkitPro/libnx/lib\libnx.a(channel.o)
                0x0000000000006470                nvioctlChannel_SetPriority
 *fill*         0x0000000000006494        0xc 
 .text.nvioctlChannel_AllocGpfifoEx2
                0x00000000000064a0       0x54 C:/devkitPro/libnx/lib\libnx.a(channel.o)
                0x00000000000064a0                nvioctlChannel_AllocGpfifoEx2
 *fill*         0x00000000000064f4        0xc 
 .text.nvioctlChannel_SetUserData
                0x0000000000006500       0x24 C:/devkitPro/libnx/lib\libnx.a(channel.o)
                0x0000000000006500                nvioctlChannel_SetUserData
 *fill*         0x0000000000006524        0xc 
 .text.nvioctlNvhostCtrl_EventWait
                0x0000000000006530       0x40 C:/devkitPro/libnx/lib\libnx.a(nvhost-ctrl.o)
                0x0000000000006530                nvioctlNvhostCtrl_EventWait
 .text.nvioctlNvhostCtrlGpu_ZCullGetCtxSize
                0x0000000000006570       0x3c C:/devkitPro/libnx/lib\libnx.a(nvhost-ctrl-gpu.o)
                0x0000000000006570                nvioctlNvhostCtrlGpu_ZCullGetCtxSize
 *fill*         0x00000000000065ac        0x4 
 .text.nvioctlNvhostCtrlGpu_ZCullGetInfo
                0x00000000000065b0       0x60 C:/devkitPro/libnx/lib\libnx.a(nvhost-ctrl-gpu.o)
                0x00000000000065b0                nvioctlNvhostCtrlGpu_ZCullGetInfo
 .text.nvioctlNvhostCtrlGpu_GetCharacteristics
                0x0000000000006610       0x9c C:/devkitPro/libnx/lib\libnx.a(nvhost-ctrl-gpu.o)
                0x0000000000006610                nvioctlNvhostCtrlGpu_GetCharacteristics
 *fill*         0x00000000000066ac        0x4 
 .text.nvioctlNvhostCtrlGpu_GetTpcMasks
                0x00000000000066b0       0x5c C:/devkitPro/libnx/lib\libnx.a(nvhost-ctrl-gpu.o)
                0x00000000000066b0                nvioctlNvhostCtrlGpu_GetTpcMasks
 *fill*         0x000000000000670c        0x4 
 .text.nvioctlNvhostCtrlGpu_GetL2State
                0x0000000000006710       0x3c C:/devkitPro/libnx/lib\libnx.a(nvhost-ctrl-gpu.o)
                0x0000000000006710                nvioctlNvhostCtrlGpu_GetL2State
 *fill*         0x000000000000674c        0x4 
 .text.nvioctlNvhostAsGpu_BindChannel
                0x0000000000006750       0x24 C:/devkitPro/libnx/lib\libnx.a(nvhost-as-gpu.o)
                0x0000000000006750                nvioctlNvhostAsGpu_BindChannel
 *fill*         0x0000000000006774        0xc 
 .text.nvioctlNvhostAsGpu_AllocSpace
                0x0000000000006780       0x44 C:/devkitPro/libnx/lib\libnx.a(nvhost-as-gpu.o)
                0x0000000000006780                nvioctlNvhostAsGpu_AllocSpace
 *fill*         0x00000000000067c4        0xc 
 .text.nvioctlNvhostAsGpu_MapBufferEx
                0x00000000000067d0       0x50 C:/devkitPro/libnx/lib\libnx.a(nvhost-as-gpu.o)
                0x00000000000067d0                nvioctlNvhostAsGpu_MapBufferEx
 .text.nvioctlNvhostAsGpu_GetVARegions
                0x0000000000006820       0x70 C:/devkitPro/libnx/lib\libnx.a(nvhost-as-gpu.o)
                0x0000000000006820                nvioctlNvhostAsGpu_GetVARegions
 .text.nvioctlNvhostAsGpu_InitializeEx
                0x0000000000006890       0x3c C:/devkitPro/libnx/lib\libnx.a(nvhost-as-gpu.o)
                0x0000000000006890                nvioctlNvhostAsGpu_InitializeEx
 *fill*         0x00000000000068cc        0x4 
 .text.nvioctlNvmap_Create
                0x00000000000068d0       0x3c C:/devkitPro/libnx/lib\libnx.a(nvmap.o)
                0x00000000000068d0                nvioctlNvmap_Create
 *fill*         0x000000000000690c        0x4 
 .text.nvioctlNvmap_FromId
                0x0000000000006910       0x3c C:/devkitPro/libnx/lib\libnx.a(nvmap.o)
                0x0000000000006910                nvioctlNvmap_FromId
 *fill*         0x000000000000694c        0x4 
 .text.nvioctlNvmap_Alloc
                0x0000000000006950       0x30 C:/devkitPro/libnx/lib\libnx.a(nvmap.o)
                0x0000000000006950                nvioctlNvmap_Alloc
 .text.nvioctlNvmap_GetId
                0x0000000000006980       0x3c C:/devkitPro/libnx/lib\libnx.a(nvmap.o)
                0x0000000000006980                nvioctlNvmap_GetId
 .text.armDCacheFlush
                0x00000000000069bc       0x3c C:/devkitPro/libnx/lib\libnx.a(cache.o)
                0x00000000000069bc                armDCacheFlush
 .text.svcSetHeapSize
                0x00000000000069f8       0x14 C:/devkitPro/libnx/lib\libnx.a(svc.o)
                0x00000000000069f8                svcSetHeapSize
 .text.svcUnmapMemory
                0x0000000000006a0c        0x8 C:/devkitPro/libnx/lib\libnx.a(svc.o)
                0x0000000000006a0c                svcUnmapMemory
 .text.svcQueryMemory
                0x0000000000006a14       0x14 C:/devkitPro/libnx/lib\libnx.a(svc.o)
                0x0000000000006a14                svcQueryMemory
 .text.svcExitProcess
                0x0000000000006a28        0x8 C:/devkitPro/libnx/lib\libnx.a(svc.o)
                0x0000000000006a28                svcExitProcess
 .text.svcSleepThread
                0x0000000000006a30        0x8 C:/devkitPro/libnx/lib\libnx.a(svc.o)
                0x0000000000006a30                svcSleepThread
 .text.svcMapSharedMemory
                0x0000000000006a38        0x8 C:/devkitPro/libnx/lib\libnx.a(svc.o)
                0x0000000000006a38                svcMapSharedMemory
 .text.svcUnmapSharedMemory
                0x0000000000006a40        0x8 C:/devkitPro/libnx/lib\libnx.a(svc.o)
                0x0000000000006a40                svcUnmapSharedMemory
 .text.svcCreateTransferMemory
                0x0000000000006a48       0x14 C:/devkitPro/libnx/lib\libnx.a(svc.o)
                0x0000000000006a48                svcCreateTransferMemory
 .text.svcCloseHandle
                0x0000000000006a5c        0x8 C:/devkitPro/libnx/lib\libnx.a(svc.o)
                0x0000000000006a5c                svcCloseHandle
 .text.svcResetSignal
                0x0000000000006a64        0x8 C:/devkitPro/libnx/lib\libnx.a(svc.o)
                0x0000000000006a64                svcResetSignal
 .text.svcWaitSynchronization
                0x0000000000006a6c       0x14 C:/devkitPro/libnx/lib\libnx.a(svc.o)
                0x0000000000006a6c                svcWaitSynchronization
 .text.svcArbitrateLock
                0x0000000000006a80        0x8 C:/devkitPro/libnx/lib\libnx.a(svc.o)
                0x0000000000006a80                svcArbitrateLock
 .text.svcArbitrateUnlock
                0x0000000000006a88        0x8 C:/devkitPro/libnx/lib\libnx.a(svc.o)
                0x0000000000006a88                svcArbitrateUnlock
 .text.svcGetSystemTick
                0x0000000000006a90        0x8 C:/devkitPro/libnx/lib\libnx.a(svc.o)
                0x0000000000006a90                svcGetSystemTick
 .text.svcConnectToNamedPort
                0x0000000000006a98       0x14 C:/devkitPro/libnx/lib\libnx.a(svc.o)
                0x0000000000006a98                svcConnectToNamedPort
 .text.svcSendSyncRequest
                0x0000000000006aac        0x8 C:/devkitPro/libnx/lib\libnx.a(svc.o)
                0x0000000000006aac                svcSendSyncRequest
 .text.svcBreak
                0x0000000000006ab4        0x8 C:/devkitPro/libnx/lib\libnx.a(svc.o)
                0x0000000000006ab4                svcBreak
 .text.svcGetInfo
                0x0000000000006abc       0x14 C:/devkitPro/libnx/lib\libnx.a(svc.o)
                0x0000000000006abc                svcGetInfo
 .text.svcUnmapTransferMemory
                0x0000000000006ad0        0x8 C:/devkitPro/libnx/lib\libnx.a(svc.o)
                0x0000000000006ad0                svcUnmapTransferMemory
 *fill*         0x0000000000006ad8        0x8 
 .text.__nx_dynamic
                0x0000000000006ae0       0xa0 C:/devkitPro/libnx/lib\libnx.a(dynamic.o)
                0x0000000000006ae0                __nx_dynamic
 .text.__libnx_initheap
                0x0000000000006b80       0xd8 C:/devkitPro/libnx/lib\libnx.a(init.o)
                0x0000000000006b80                __libnx_initheap
 *fill*         0x0000000000006c58        0x8 
 .text.__appInit
                0x0000000000006c60       0x74 C:/devkitPro/libnx/lib\libnx.a(init.o)
                0x0000000000006c60                __appInit
 *fill*         0x0000000000006cd4        0xc 
 .text.__appExit
                0x0000000000006ce0       0x24 C:/devkitPro/libnx/lib\libnx.a(init.o)
                0x0000000000006ce0                __appExit
 *fill*         0x0000000000006d04        0xc 
 .text.__libnx_init
                0x0000000000006d10       0x28 C:/devkitPro/libnx/lib\libnx.a(init.o)
                0x0000000000006d10                __libnx_init
 *fill*         0x0000000000006d38        0x8 
 .text.__libnx_exit
                0x0000000000006d40       0x20 C:/devkitPro/libnx/lib\libnx.a(init.o)
                0x0000000000006d40                __libnx_exit
 .text.envSetup
                0x0000000000006d60      0x1b0 C:/devkitPro/libnx/lib\libnx.a(env.o)
                0x0000000000006d60                envSetup
 .text.envGetMainThreadHandle
                0x0000000000006f10       0x20 C:/devkitPro/libnx/lib\libnx.a(env.o)
                0x0000000000006f10                envGetMainThreadHandle
 .text.envIsNso
                0x0000000000006f30        0xc C:/devkitPro/libnx/lib\libnx.a(env.o)
                0x0000000000006f30                envIsNso
 *fill*         0x0000000000006f3c        0x4 
 .text.envHasHeapOverride
                0x0000000000006f40       0x14 C:/devkitPro/libnx/lib\libnx.a(env.o)
                0x0000000000006f40                envHasHeapOverride
 *fill*         0x0000000000006f54        0xc 
 .text.envGetHeapOverrideAddr
                0x0000000000006f60        0xc C:/devkitPro/libnx/lib\libnx.a(env.o)
                0x0000000000006f60                envGetHeapOverrideAddr
 *fill*         0x0000000000006f6c        0x4 
 .text.envGetHeapOverrideSize
                0x0000000000006f70        0xc C:/devkitPro/libnx/lib\libnx.a(env.o)
                0x0000000000006f70                envGetHeapOverrideSize
 *fill*         0x0000000000006f7c        0x4 
 .text.envHasArgv
                0x0000000000006f80       0x14 C:/devkitPro/libnx/lib\libnx.a(env.o)
                0x0000000000006f80                envHasArgv
 *fill*         0x0000000000006f94        0xc 
 .text.envGetArgv
                0x0000000000006fa0        0xc C:/devkitPro/libnx/lib\libnx.a(env.o)
                0x0000000000006fa0                envGetArgv
 *fill*         0x0000000000006fac        0x4 
 .text.envGetExitFuncPtr
                0x0000000000006fb0        0xc C:/devkitPro/libnx/lib\libnx.a(env.o)
                0x0000000000006fb0                envGetExitFuncPtr
 *fill*         0x0000000000006fbc        0x4 
 .text.mutexInit
                0x0000000000006fc0        0x8 C:/devkitPro/libnx/lib\libnx.a(newlib.o)
 *fill*         0x0000000000006fc8        0x8 
 .text.rmutexInit
                0x0000000000006fd0        0xc C:/devkitPro/libnx/lib\libnx.a(newlib.o)
 *fill*         0x0000000000006fdc        0x4 
 .text.__libnx_gtod
                0x0000000000006fe0       0x80 C:/devkitPro/libnx/lib\libnx.a(newlib.o)
                0x0000000000006fe0                __libnx_gtod
 .text.__libnx_get_reent
                0x0000000000007060       0x34 C:/devkitPro/libnx/lib\libnx.a(newlib.o)
 *fill*         0x0000000000007094        0xc 
 .text.newlibSetup
                0x00000000000070a0       0xec C:/devkitPro/libnx/lib\libnx.a(newlib.o)
                0x00000000000070a0                newlibSetup
 *fill*         0x000000000000718c        0x4 
 .text.argvSetup
                0x0000000000007190      0x368 C:/devkitPro/libnx/lib\libnx.a(argv.o)
                0x0000000000007190                argvSetup
 *fill*         0x00000000000074f8        0x8 
 .text._CacheValues
                0x0000000000007500      0x140 C:/devkitPro/libnx/lib\libnx.a(detect.o)
 .text.kernelAbove200
                0x0000000000007640       0x1c C:/devkitPro/libnx/lib\libnx.a(detect.o)
                0x0000000000007640                kernelAbove200
 *fill*         0x000000000000765c        0x4 
 .text.kernelAbove300
                0x0000000000007660       0x1c C:/devkitPro/libnx/lib\libnx.a(detect.o)
                0x0000000000007660                kernelAbove300
 *fill*         0x000000000000767c        0x4 
 .text.detectDebugger
                0x0000000000007680       0x30 C:/devkitPro/libnx/lib\libnx.a(detect.o)
                0x0000000000007680                detectDebugger
 .text.shmemLoadRemote
                0x00000000000076b0       0x14 C:/devkitPro/libnx/lib\libnx.a(shmem.o)
                0x00000000000076b0                shmemLoadRemote
 *fill*         0x00000000000076c4        0xc 
 .text.shmemMap
                0x00000000000076d0       0x84 C:/devkitPro/libnx/lib\libnx.a(shmem.o)
                0x00000000000076d0                shmemMap
 *fill*         0x0000000000007754        0xc 
 .text.shmemUnmap
                0x0000000000007760       0x58 C:/devkitPro/libnx/lib\libnx.a(shmem.o)
                0x0000000000007760                shmemUnmap
 *fill*         0x00000000000077b8        0x8 
 .text.shmemClose
                0x00000000000077c0       0x44 C:/devkitPro/libnx/lib\libnx.a(shmem.o)
                0x00000000000077c0                shmemClose
 *fill*         0x0000000000007804        0xc 
 .text.rwlockReadLock
                0x0000000000007810       0x4c C:/devkitPro/libnx/lib\libnx.a(rwlock.o)
                0x0000000000007810                rwlockReadLock
 *fill*         0x000000000000785c        0x4 
 .text.rwlockReadUnlock
                0x0000000000007860       0x4c C:/devkitPro/libnx/lib\libnx.a(rwlock.o)
                0x0000000000007860                rwlockReadUnlock
 *fill*         0x00000000000078ac        0x4 
 .text.rwlockWriteLock
                0x00000000000078b0        0x8 C:/devkitPro/libnx/lib\libnx.a(rwlock.o)
                0x00000000000078b0                rwlockWriteLock
 *fill*         0x00000000000078b8        0x8 
 .text.rwlockWriteUnlock
                0x00000000000078c0        0x8 C:/devkitPro/libnx/lib\libnx.a(rwlock.o)
                0x00000000000078c0                rwlockWriteUnlock
 *fill*         0x00000000000078c8        0x8 
 .text.mutexLock
                0x00000000000078d0       0x94 C:/devkitPro/libnx/lib\libnx.a(mutex.o)
                0x00000000000078d0                mutexLock
 *fill*         0x0000000000007964        0xc 
 .text.mutexUnlock
                0x0000000000007970       0x24 C:/devkitPro/libnx/lib\libnx.a(mutex.o)
                0x0000000000007970                mutexUnlock
 *fill*         0x0000000000007994        0xc 
 .text.rmutexLock
                0x00000000000079a0       0x4c C:/devkitPro/libnx/lib\libnx.a(mutex.o)
                0x00000000000079a0                rmutexLock
 *fill*         0x00000000000079ec        0x4 
 .text.rmutexUnlock
                0x00000000000079f0       0x1c C:/devkitPro/libnx/lib\libnx.a(mutex.o)
                0x00000000000079f0                rmutexUnlock
 *fill*         0x0000000000007a0c        0x4 
 .text._GetRegionFromInfo.isra.1
                0x0000000000007a10       0x7c C:/devkitPro/libnx/lib\libnx.a(virtmem.o)
 *fill*         0x0000000000007a8c        0x4 
 .text.virtmemSetup
                0x0000000000007a90       0xe4 C:/devkitPro/libnx/lib\libnx.a(virtmem.o)
                0x0000000000007a90                virtmemSetup
 *fill*         0x0000000000007b74        0xc 
 .text.virtmemReserve
                0x0000000000007b80      0x13c C:/devkitPro/libnx/lib\libnx.a(virtmem.o)
                0x0000000000007b80                virtmemReserve
 *fill*         0x0000000000007cbc        0x4 
 .text.virtmemFree
                0x0000000000007cc0        0x4 C:/devkitPro/libnx/lib\libnx.a(virtmem.o)
                0x0000000000007cc0                virtmemFree
 *fill*         0x0000000000007cc4        0xc 
 .text.fsdev_link
                0x0000000000007cd0       0x10 C:/devkitPro/libnx/lib\libnx.a(fs_dev.o)
 .text.fsdev_dirreset
                0x0000000000007ce0       0x10 C:/devkitPro/libnx/lib\libnx.a(fs_dev.o)
 .text.fsdev_chmod
                0x0000000000007cf0       0x10 C:/devkitPro/libnx/lib\libnx.a(fs_dev.o)
 .text.error_cmp
                0x0000000000007d00       0x1c C:/devkitPro/libnx/lib\libnx.a(fs_dev.o)
 *fill*         0x0000000000007d1c        0x4 
 .text.fsdev_translate_error
                0x0000000000007d20       0x58 C:/devkitPro/libnx/lib\libnx.a(fs_dev.o)
 *fill*         0x0000000000007d78        0x8 
 .text.fsdev_fsync
                0x0000000000007d80       0x40 C:/devkitPro/libnx/lib\libnx.a(fs_dev.o)
 .text.fsdev_ftruncate
                0x0000000000007dc0       0x60 C:/devkitPro/libnx/lib\libnx.a(fs_dev.o)
 .text.fsdev_dirclose
                0x0000000000007e20       0x20 C:/devkitPro/libnx/lib\libnx.a(fs_dev.o)
 .text.fsdev_dirnext
                0x0000000000007e40      0x16c C:/devkitPro/libnx/lib\libnx.a(fs_dev.o)
 *fill*         0x0000000000007fac        0x4 
 .text.fsdev_close
                0x0000000000007fb0       0x1c C:/devkitPro/libnx/lib\libnx.a(fs_dev.o)
 *fill*         0x0000000000007fcc        0x4 
 .text.fsdev_fstat
                0x0000000000007fd0       0x80 C:/devkitPro/libnx/lib\libnx.a(fs_dev.o)
 .text.fsdev_seek
                0x0000000000008050       0xb0 C:/devkitPro/libnx/lib\libnx.a(fs_dev.o)
 .text.fsdev_read
                0x0000000000008100      0x198 C:/devkitPro/libnx/lib\libnx.a(fs_dev.o)
 *fill*         0x0000000000008298        0x8 
 .text.fsdev_write
                0x00000000000082a0      0x1a0 C:/devkitPro/libnx/lib\libnx.a(fs_dev.o)
 .text.fsdevFindDevice
                0x0000000000008440      0x118 C:/devkitPro/libnx/lib\libnx.a(fs_dev.o)
 *fill*         0x0000000000008558        0x8 
 .text._fsdevMountDevice
                0x0000000000008560      0x168 C:/devkitPro/libnx/lib\libnx.a(fs_dev.o)
 *fill*         0x00000000000086c8        0x8 
 .text.fsdev_getfspath
                0x00000000000086d0      0x1fc C:/devkitPro/libnx/lib\libnx.a(fs_dev.o)
 *fill*         0x00000000000088cc        0x4 
 .text.fsdev_rmdir
                0x00000000000088d0       0x70 C:/devkitPro/libnx/lib\libnx.a(fs_dev.o)
 .text.fsdev_statvfs
                0x0000000000008940       0xd4 C:/devkitPro/libnx/lib\libnx.a(fs_dev.o)
 *fill*         0x0000000000008a14        0xc 
 .text.fsdev_diropen
                0x0000000000008a20       0xec C:/devkitPro/libnx/lib\libnx.a(fs_dev.o)
 *fill*         0x0000000000008b0c        0x4 
 .text.fsdev_mkdir
                0x0000000000008b10       0x70 C:/devkitPro/libnx/lib\libnx.a(fs_dev.o)
 .text.fsdev_rename
                0x0000000000008b80      0x114 C:/devkitPro/libnx/lib\libnx.a(fs_dev.o)
 *fill*         0x0000000000008c94        0xc 
 .text.fsdev_chdir
                0x0000000000008ca0       0xc4 C:/devkitPro/libnx/lib\libnx.a(fs_dev.o)
 *fill*         0x0000000000008d64        0xc 
 .text.fsdev_unlink
                0x0000000000008d70       0x70 C:/devkitPro/libnx/lib\libnx.a(fs_dev.o)
 .text.fsdev_stat
                0x0000000000008de0      0x168 C:/devkitPro/libnx/lib\libnx.a(fs_dev.o)
 *fill*         0x0000000000008f48        0x8 
 .text.fsdev_open
                0x0000000000008f50      0x180 C:/devkitPro/libnx/lib\libnx.a(fs_dev.o)
 .text._fsdevUnmountDeviceStruct.part.4
                0x00000000000090d0       0xb8 C:/devkitPro/libnx/lib\libnx.a(fs_dev.o)
 *fill*         0x0000000000009188        0x8 
 .text.fsdev_fchmod
                0x0000000000009190       0x10 C:/devkitPro/libnx/lib\libnx.a(fs_dev.o)
 .text.fsdevMountSdmc
                0x00000000000091a0      0x158 C:/devkitPro/libnx/lib\libnx.a(fs_dev.o)
                0x00000000000091a0                fsdevMountSdmc
 *fill*         0x00000000000092f8        0x8 
 .text.fsdevUnmountAll
                0x0000000000009300       0x64 C:/devkitPro/libnx/lib\libnx.a(fs_dev.o)
                0x0000000000009300                fsdevUnmountAll
 *fill*         0x0000000000009364        0xc 
 .text.ipcCloseObjectById
                0x0000000000009370       0x34 C:/devkitPro/libnx/lib\libnx.a(time.o)
 *fill*         0x00000000000093a4        0xc 
 .text._timeGetSession
                0x00000000000093b0      0x12c C:/devkitPro/libnx/lib\libnx.a(time.o)
 *fill*         0x00000000000094dc        0x4 
 .text.timeExit
                0x00000000000094e0      0x1ec C:/devkitPro/libnx/lib\libnx.a(time.o)
                0x00000000000094e0                timeExit
 *fill*         0x00000000000096cc        0x4 
 .text.timeInitialize
                0x00000000000096d0       0xd8 C:/devkitPro/libnx/lib\libnx.a(time.o)
                0x00000000000096d0                timeInitialize
 *fill*         0x00000000000097a8        0x8 
 .text.timeGetCurrentTime
                0x00000000000097b0      0x124 C:/devkitPro/libnx/lib\libnx.a(time.o)
                0x00000000000097b0                timeGetCurrentTime
 *fill*         0x00000000000098d4        0xc 
 .text.ipcCloseObjectById
                0x00000000000098e0       0x34 C:/devkitPro/libnx/lib\libnx.a(vi.o)
 *fill*         0x0000000000009914        0xc 
 .text._viCreatestray_layer.isra.4
                0x0000000000009920      0x130 C:/devkitPro/libnx/lib\libnx.a(vi.o)
 .text._viGetSession.constprop.6
                0x0000000000009a50      0x134 C:/devkitPro/libnx/lib\libnx.a(vi.o)
 *fill*         0x0000000000009b84        0xc 
 .text._viOpenLayer
                0x0000000000009b90      0x140 C:/devkitPro/libnx/lib\libnx.a(vi.o)
 .text.viExit   0x0000000000009cd0      0x1d8 C:/devkitPro/libnx/lib\libnx.a(vi.o)
                0x0000000000009cd0                viExit
 *fill*         0x0000000000009ea8        0x8 
 .text.viInitialize
                0x0000000000009eb0      0x26c C:/devkitPro/libnx/lib\libnx.a(vi.o)
                0x0000000000009eb0                viInitialize
 *fill*         0x000000000000a11c        0x4 
 .text.viGetSession_IHOSBinderDriverRelay
                0x000000000000a120        0xc C:/devkitPro/libnx/lib\libnx.a(vi.o)
                0x000000000000a120                viGetSession_IHOSBinderDriverRelay
 *fill*         0x000000000000a12c        0x4 
 .text.viOpenDisplay
                0x000000000000a130      0x140 C:/devkitPro/libnx/lib\libnx.a(vi.o)
                0x000000000000a130                viOpenDisplay
 .text.viCloseDisplay
                0x000000000000a270       0xf0 C:/devkitPro/libnx/lib\libnx.a(vi.o)
                0x000000000000a270                viCloseDisplay
 .text.viOpenLayer
                0x000000000000a360       0xd0 C:/devkitPro/libnx/lib\libnx.a(vi.o)
                0x000000000000a360                viOpenLayer
 .text.viCloseLayer
                0x000000000000a430      0x100 C:/devkitPro/libnx/lib\libnx.a(vi.o)
                0x000000000000a430                viCloseLayer
 .text.viSetLayerScalingMode
                0x000000000000a530       0xe8 C:/devkitPro/libnx/lib\libnx.a(vi.o)
                0x000000000000a530                viSetLayerScalingMode
 *fill*         0x000000000000a618        0x8 
 .text.viGetDisplayVsyncEvent
                0x000000000000a620      0x12c C:/devkitPro/libnx/lib\libnx.a(vi.o)
                0x000000000000a620                viGetDisplayVsyncEvent
 *fill*         0x000000000000a74c        0x4 
 .text.ipcCloseObjectById
                0x000000000000a750       0x34 C:/devkitPro/libnx/lib\libnx.a(nv.o)
 *fill*         0x000000000000a784        0xc 
 .text.ipcQueryPointerBufferSize.constprop.6
                0x000000000000a790       0xc8 C:/devkitPro/libnx/lib\libnx.a(nv.o)
 *fill*         0x000000000000a858        0x8 
 .text._nvSetClientPID
                0x000000000000a860       0xd8 C:/devkitPro/libnx/lib\libnx.a(nv.o)
 *fill*         0x000000000000a938        0x8 
 .text._nvInitialize.constprop.5
                0x000000000000a940       0xf0 C:/devkitPro/libnx/lib\libnx.a(nv.o)
 .text.nvExit   0x000000000000aa30       0xa8 C:/devkitPro/libnx/lib\libnx.a(nv.o)
                0x000000000000aa30                nvExit
 *fill*         0x000000000000aad8        0x8 
 .text.nvInitialize
                0x000000000000aae0      0x1a4 C:/devkitPro/libnx/lib\libnx.a(nv.o)
                0x000000000000aae0                nvInitialize
 *fill*         0x000000000000ac84        0xc 
 .text.nvConvertError
                0x000000000000ac90      0x12c C:/devkitPro/libnx/lib\libnx.a(nv.o)
                0x000000000000ac90                nvConvertError
 *fill*         0x000000000000adbc        0x4 
 .text.nvOpen   0x000000000000adc0      0x12c C:/devkitPro/libnx/lib\libnx.a(nv.o)
                0x000000000000adc0                nvOpen
 *fill*         0x000000000000aeec        0x4 
 .text.nvIoctl  0x000000000000aef0      0x218 C:/devkitPro/libnx/lib\libnx.a(nv.o)
                0x000000000000aef0                nvIoctl
 *fill*         0x000000000000b108        0x8 
 .text.nvClose  0x000000000000b110       0xdc C:/devkitPro/libnx/lib\libnx.a(nv.o)
                0x000000000000b110                nvClose
 *fill*         0x000000000000b1ec        0x4 
 .text.nvQueryEvent
                0x000000000000b1f0      0x13c C:/devkitPro/libnx/lib\libnx.a(nv.o)
                0x000000000000b1f0                nvQueryEvent
 *fill*         0x000000000000b32c        0x4 
 .text.ipcCloseObjectById
                0x000000000000b330       0x34 C:/devkitPro/libnx/lib\libnx.a(fs.o)
 *fill*         0x000000000000b364        0xc 
 .text.fsInitialize
                0x000000000000b370      0x124 C:/devkitPro/libnx/lib\libnx.a(fs.o)
                0x000000000000b370                fsInitialize
 *fill*         0x000000000000b494        0xc 
 .text.fsExit   0x000000000000b4a0       0x9c C:/devkitPro/libnx/lib\libnx.a(fs.o)
                0x000000000000b4a0                fsExit
 *fill*         0x000000000000b53c        0x4 
 .text.fsMountSdcard
                0x000000000000b540      0x134 C:/devkitPro/libnx/lib\libnx.a(fs.o)
                0x000000000000b540                fsMountSdcard
 *fill*         0x000000000000b674        0xc 
 .text.fsFsCreateFile
                0x000000000000b680       0xf4 C:/devkitPro/libnx/lib\libnx.a(fs.o)
                0x000000000000b680                fsFsCreateFile
 *fill*         0x000000000000b774        0xc 
 .text.fsFsDeleteFile
                0x000000000000b780       0xf0 C:/devkitPro/libnx/lib\libnx.a(fs.o)
                0x000000000000b780                fsFsDeleteFile
 .text.fsFsCreateDirectory
                0x000000000000b870       0xf0 C:/devkitPro/libnx/lib\libnx.a(fs.o)
                0x000000000000b870                fsFsCreateDirectory
 .text.fsFsDeleteDirectory
                0x000000000000b960       0xf0 C:/devkitPro/libnx/lib\libnx.a(fs.o)
                0x000000000000b960                fsFsDeleteDirectory
 .text.fsFsRenameFile
                0x000000000000ba50      0x11c C:/devkitPro/libnx/lib\libnx.a(fs.o)
                0x000000000000ba50                fsFsRenameFile
 *fill*         0x000000000000bb6c        0x4 
 .text.fsFsRenameDirectory
                0x000000000000bb70      0x11c C:/devkitPro/libnx/lib\libnx.a(fs.o)
                0x000000000000bb70                fsFsRenameDirectory
 *fill*         0x000000000000bc8c        0x4 
 .text.fsFsGetEntryType
                0x000000000000bc90      0x104 C:/devkitPro/libnx/lib\libnx.a(fs.o)
                0x000000000000bc90                fsFsGetEntryType
 *fill*         0x000000000000bd94        0xc 
 .text.fsFsOpenFile
                0x000000000000bda0      0x154 C:/devkitPro/libnx/lib\libnx.a(fs.o)
                0x000000000000bda0                fsFsOpenFile
 *fill*         0x000000000000bef4        0xc 
 .text.fsFsOpenDirectory
                0x000000000000bf00      0x14c C:/devkitPro/libnx/lib\libnx.a(fs.o)
                0x000000000000bf00                fsFsOpenDirectory
 *fill*         0x000000000000c04c        0x4 
 .text.fsFsGetFreeSpace
                0x000000000000c050      0x104 C:/devkitPro/libnx/lib\libnx.a(fs.o)
                0x000000000000c050                fsFsGetFreeSpace
 *fill*         0x000000000000c154        0xc 
 .text.fsFsGetTotalSpace
                0x000000000000c160      0x104 C:/devkitPro/libnx/lib\libnx.a(fs.o)
                0x000000000000c160                fsFsGetTotalSpace
 *fill*         0x000000000000c264        0xc 
 .text.fsFsClose
                0x000000000000c270       0x6c C:/devkitPro/libnx/lib\libnx.a(fs.o)
                0x000000000000c270                fsFsClose
 *fill*         0x000000000000c2dc        0x4 
 .text.fsFileRead
                0x000000000000c2e0      0x108 C:/devkitPro/libnx/lib\libnx.a(fs.o)
                0x000000000000c2e0                fsFileRead
 *fill*         0x000000000000c3e8        0x8 
 .text.fsFileWrite
                0x000000000000c3f0       0xf8 C:/devkitPro/libnx/lib\libnx.a(fs.o)
                0x000000000000c3f0                fsFileWrite
 *fill*         0x000000000000c4e8        0x8 
 .text.fsFileFlush
                0x000000000000c4f0       0xc8 C:/devkitPro/libnx/lib\libnx.a(fs.o)
                0x000000000000c4f0                fsFileFlush
 *fill*         0x000000000000c5b8        0x8 
 .text.fsFileSetSize
                0x000000000000c5c0       0xc8 C:/devkitPro/libnx/lib\libnx.a(fs.o)
                0x000000000000c5c0                fsFileSetSize
 *fill*         0x000000000000c688        0x8 
 .text.fsFileGetSize
                0x000000000000c690       0xec C:/devkitPro/libnx/lib\libnx.a(fs.o)
                0x000000000000c690                fsFileGetSize
 *fill*         0x000000000000c77c        0x4 
 .text.fsFileClose
                0x000000000000c780       0x6c C:/devkitPro/libnx/lib\libnx.a(fs.o)
                0x000000000000c780                fsFileClose
 *fill*         0x000000000000c7ec        0x4 
 .text.fsDirClose
                0x000000000000c7f0       0x6c C:/devkitPro/libnx/lib\libnx.a(fs.o)
                0x000000000000c7f0                fsDirClose
 *fill*         0x000000000000c85c        0x4 
 .text.fsDirRead
                0x000000000000c860      0x110 C:/devkitPro/libnx/lib\libnx.a(fs.o)
                0x000000000000c860                fsDirRead
 .text.bufferProducerInitialize
                0x000000000000c970       0x10 C:/devkitPro/libnx/lib\libnx.a(buffer_producer.o)
                0x000000000000c970                bufferProducerInitialize
 .text.bufferProducerExit
                0x000000000000c980        0xc C:/devkitPro/libnx/lib\libnx.a(buffer_producer.o)
                0x000000000000c980                bufferProducerExit
 *fill*         0x000000000000c98c        0x4 
 .text.bufferProducerRequestBuffer
                0x000000000000c990      0x11c C:/devkitPro/libnx/lib\libnx.a(buffer_producer.o)
                0x000000000000c990                bufferProducerRequestBuffer
 *fill*         0x000000000000caac        0x4 
 .text.bufferProducerDequeueBuffer
                0x000000000000cab0      0x198 C:/devkitPro/libnx/lib\libnx.a(buffer_producer.o)
                0x000000000000cab0                bufferProducerDequeueBuffer
 *fill*         0x000000000000cc48        0x8 
 .text.bufferProducerDetachBuffer
                0x000000000000cc50       0x94 C:/devkitPro/libnx/lib\libnx.a(buffer_producer.o)
                0x000000000000cc50                bufferProducerDetachBuffer
 *fill*         0x000000000000cce4        0xc 
 .text.bufferProducerQueueBuffer
                0x000000000000ccf0      0x108 C:/devkitPro/libnx/lib\libnx.a(buffer_producer.o)
                0x000000000000ccf0                bufferProducerQueueBuffer
 *fill*         0x000000000000cdf8        0x8 
 .text.bufferProducerQuery
                0x000000000000ce00       0xdc C:/devkitPro/libnx/lib\libnx.a(buffer_producer.o)
                0x000000000000ce00                bufferProducerQuery
 *fill*         0x000000000000cedc        0x4 
 .text.bufferProducerConnect
                0x000000000000cee0      0x110 C:/devkitPro/libnx/lib\libnx.a(buffer_producer.o)
                0x000000000000cee0                bufferProducerConnect
 .text.bufferProducerDisconnect
                0x000000000000cff0       0x94 C:/devkitPro/libnx/lib\libnx.a(buffer_producer.o)
                0x000000000000cff0                bufferProducerDisconnect
 *fill*         0x000000000000d084        0xc 
 .text.bufferProducerGraphicBufferInit
                0x000000000000d090      0x100 C:/devkitPro/libnx/lib\libnx.a(buffer_producer.o)
                0x000000000000d090                bufferProducerGraphicBufferInit
 .text._binderTransactParcelAuto
                0x000000000000d190      0x248 C:/devkitPro/libnx/lib\libnx.a(binder.o)
 *fill*         0x000000000000d3d8        0x8 
 .text.ipcQueryPointerBufferSize
                0x000000000000d3e0       0xc8 C:/devkitPro/libnx/lib\libnx.a(binder.o)
 *fill*         0x000000000000d4a8        0x8 
 .text._binderTransactParcel
                0x000000000000d4b0      0x138 C:/devkitPro/libnx/lib\libnx.a(binder.o)
 *fill*         0x000000000000d5e8        0x8 
 .text.binderCreateSession
                0x000000000000d5f0       0x18 C:/devkitPro/libnx/lib\libnx.a(binder.o)
                0x000000000000d5f0                binderCreateSession
 *fill*         0x000000000000d608        0x8 
 .text.binderTransactParcel
                0x000000000000d610       0x10 C:/devkitPro/libnx/lib\libnx.a(binder.o)
                0x000000000000d610                binderTransactParcel
 .text.binderAdjustRefcount
                0x000000000000d620       0xe4 C:/devkitPro/libnx/lib\libnx.a(binder.o)
                0x000000000000d620                binderAdjustRefcount
 *fill*         0x000000000000d704        0xc 
 .text.binderExitSession
                0x000000000000d710       0x68 C:/devkitPro/libnx/lib\libnx.a(binder.o)
                0x000000000000d710                binderExitSession
 *fill*         0x000000000000d778        0x8 
 .text.binderGetNativeHandle
                0x000000000000d780      0x13c C:/devkitPro/libnx/lib\libnx.a(binder.o)
                0x000000000000d780                binderGetNativeHandle
 *fill*         0x000000000000d8bc        0x4 
 .text.binderInitSession
                0x000000000000d8c0      0x120 C:/devkitPro/libnx/lib\libnx.a(binder.o)
                0x000000000000d8c0                binderInitSession
 .text.parcelInitialize
                0x000000000000d9e0       0x28 C:/devkitPro/libnx/lib\libnx.a(parcel.o)
                0x000000000000d9e0                parcelInitialize
 *fill*         0x000000000000da08        0x8 
 .text.parcelTransact
                0x000000000000da10      0x190 C:/devkitPro/libnx/lib\libnx.a(parcel.o)
                0x000000000000da10                parcelTransact
 .text.parcelWriteData
                0x000000000000dba0       0x88 C:/devkitPro/libnx/lib\libnx.a(parcel.o)
                0x000000000000dba0                parcelWriteData
 *fill*         0x000000000000dc28        0x8 
 .text.parcelReadData
                0x000000000000dc30       0x98 C:/devkitPro/libnx/lib\libnx.a(parcel.o)
                0x000000000000dc30                parcelReadData
 *fill*         0x000000000000dcc8        0x8 
 .text.parcelWriteInt32
                0x000000000000dcd0       0x20 C:/devkitPro/libnx/lib\libnx.a(parcel.o)
                0x000000000000dcd0                parcelWriteInt32
 .text.parcelWriteUInt32
                0x000000000000dcf0       0x20 C:/devkitPro/libnx/lib\libnx.a(parcel.o)
                0x000000000000dcf0                parcelWriteUInt32
 .text.parcelWriteString16
                0x000000000000dd10       0x80 C:/devkitPro/libnx/lib\libnx.a(parcel.o)
                0x000000000000dd10                parcelWriteString16
 .text.parcelWriteInterfaceToken
                0x000000000000dd90       0x30 C:/devkitPro/libnx/lib\libnx.a(parcel.o)
                0x000000000000dd90                parcelWriteInterfaceToken
 .text.parcelReadInt32
                0x000000000000ddc0       0x24 C:/devkitPro/libnx/lib\libnx.a(parcel.o)
                0x000000000000ddc0                parcelReadInt32
 *fill*         0x000000000000dde4        0xc 
 .text.parcelReadFlattenedObject
                0x000000000000ddf0       0x68 C:/devkitPro/libnx/lib\libnx.a(parcel.o)
                0x000000000000ddf0                parcelReadFlattenedObject
 *fill*         0x000000000000de58        0x8 
 .text.parcelWriteFlattenedObject
                0x000000000000de60       0x44 C:/devkitPro/libnx/lib\libnx.a(parcel.o)
                0x000000000000de60                parcelWriteFlattenedObject
 *fill*         0x000000000000dea4        0xc 
 .text.decode_utf8
                0x000000000000deb0      0x12c C:/devkitPro/libnx/lib\libnx.a(decode_utf8.o)
                0x000000000000deb0                decode_utf8
 .text.__aarch64_read_tp
                0x000000000000dfdc        0xc C:/devkitPro/libnx/lib\libnx.a(readtp.o)
                0x000000000000dfdc                __aarch64_read_tp
 *fill*         0x000000000000dfe8        0x8 
 .text.nxlinkSetup
                0x000000000000dff0       0xc4 C:/devkitPro/libnx/lib\libnx.a(nxlink.o)
                0x000000000000dff0                nxlinkSetup
 *fill*         0x000000000000e0b4        0xc 
 .text.tmemCreate
                0x000000000000e0c0       0x7c C:/devkitPro/libnx/lib\libnx.a(tmem.o)
                0x000000000000e0c0                tmemCreate
 *fill*         0x000000000000e13c        0x4 
 .text.tmemUnmap
                0x000000000000e140       0x58 C:/devkitPro/libnx/lib\libnx.a(tmem.o)
                0x000000000000e140                tmemUnmap
 *fill*         0x000000000000e198        0x8 
 .text.tmemClose
                0x000000000000e1a0       0x68 C:/devkitPro/libnx/lib\libnx.a(tmem.o)
                0x000000000000e1a0                tmemClose
 .text.bsearch  0x000000000000e208       0xb8 c:/devkitpro/devkita64/bin/../lib/gcc/aarch64-none-elf/8.1.0/../../../../aarch64-none-elf/lib/pic\libg.a(lib_a-bsearch.o)
                0x000000000000e208                bsearch
 .text.__libc_fini_array
                0x000000000000e2c0       0x44 c:/devkitpro/devkita64/bin/../lib/gcc/aarch64-none-elf/8.1.0/../../../../aarch64-none-elf/lib/pic\libg.a(lib_a-fini.o)
                0x000000000000e2c0                __libc_fini_array
 *fill*         0x000000000000e304        0x4 
 .text.__libc_init_array
                0x000000000000e308       0x8c c:/devkitpro/devkita64/bin/../lib/gcc/aarch64-none-elf/8.1.0/../../../../aarch64-none-elf/lib/pic\libg.a(lib_a-init.o)
                0x000000000000e308                __libc_init_array
 *fill*         0x000000000000e394        0x4 
 .text.__locale_mb_cur_max
                0x000000000000e398       0x2c c:/devkitpro/devkita64/bin/../lib/gcc/aarch64-none-elf/8.1.0/../../../../aarch64-none-elf/lib/pic\libg.a(lib_a-locale.o)
                0x000000000000e398                __locale_mb_cur_max
 *fill*         0x000000000000e3c4        0x4 
 .text.__locale_ctype_ptr_l
                0x000000000000e3c8        0x8 c:/devkitpro/devkita64/bin/../lib/gcc/aarch64-none-elf/8.1.0/../../../../aarch64-none-elf/lib/pic\libg.a(lib_a-locale.o)
                0x000000000000e3c8                __locale_ctype_ptr_l
 .text.__locale_ctype_ptr
                0x000000000000e3d0       0x2c c:/devkitpro/devkita64/bin/../lib/gcc/aarch64-none-elf/8.1.0/../../../../aarch64-none-elf/lib/pic\libg.a(lib_a-locale.o)
                0x000000000000e3d0                __locale_ctype_ptr
 *fill*         0x000000000000e3fc        0x4 
 .text.memalign
                0x000000000000e400       0x30 c:/devkitpro/devkita64/bin/../lib/gcc/aarch64-none-elf/8.1.0/../../../../aarch64-none-elf/lib/pic\libg.a(lib_a-malign.o)
                0x000000000000e400                memalign
 .text._memalign_r
                0x000000000000e430      0x198 c:/devkitpro/devkita64/bin/../lib/gcc/aarch64-none-elf/8.1.0/../../../../aarch64-none-elf/lib/pic\libg.a(lib_a-malignr.o)
                0x000000000000e430                _memalign_r
 .text.malloc   0x000000000000e5c8       0x1c c:/devkitpro/devkita64/bin/../lib/gcc/aarch64-none-elf/8.1.0/../../../../aarch64-none-elf/lib/pic\libg.a(lib_a-malloc.o)
                0x000000000000e5c8                malloc
 *fill*         0x000000000000e5e4        0x4 
 .text.free     0x000000000000e5e8       0x1c c:/devkitpro/devkita64/bin/../lib/gcc/aarch64-none-elf/8.1.0/../../../../aarch64-none-elf/lib/pic\libg.a(lib_a-malloc.o)
                0x000000000000e5e8                free
 *fill*         0x000000000000e604        0x4 
 .text._malloc_r
                0x000000000000e608      0x844 c:/devkitpro/devkita64/bin/../lib/gcc/aarch64-none-elf/8.1.0/../../../../aarch64-none-elf/lib/pic\libg.a(lib_a-mallocr.o)
                0x000000000000e608                _malloc_r
 *fill*         0x000000000000ee4c        0x4 
 .text.__utf8_mbtowc
                0x000000000000ee50      0x2c8 c:/devkitpro/devkita64/bin/../lib/gcc/aarch64-none-elf/8.1.0/../../../../aarch64-none-elf/lib/pic\libg.a(lib_a-mbtowc_r.o)
                0x000000000000ee50                __utf8_mbtowc
 .text          0x000000000000f118       0xd8 c:/devkitpro/devkita64/bin/../lib/gcc/aarch64-none-elf/8.1.0/../../../../aarch64-none-elf/lib/pic\libg.a(lib_a-memchr.o)
                0x000000000000f118                memchr
 *fill*         0x000000000000f1f0       0x10 
 .text          0x000000000000f200      0x16c c:/devkitpro/devkita64/bin/../lib/gcc/aarch64-none-elf/8.1.0/../../../../aarch64-none-elf/lib/pic\libg.a(lib_a-memcpy.o)
                0x000000000000f200                memcpy
 *fill*         0x000000000000f36c       0x14 
 .text          0x000000000000f380      0x1d8 c:/devkitpro/devkita64/bin/../lib/gcc/aarch64-none-elf/8.1.0/../../../../aarch64-none-elf/lib/pic\libg.a(lib_a-memset.o)
                0x000000000000f380                memset
 .text.__malloc_lock
                0x000000000000f558        0xc c:/devkitpro/devkita64/bin/../lib/gcc/aarch64-none-elf/8.1.0/../../../../aarch64-none-elf/lib/pic\libg.a(lib_a-mlock.o)
                0x000000000000f558                __malloc_lock
 *fill*         0x000000000000f564        0x4 
 .text.__malloc_unlock
                0x000000000000f568        0xc c:/devkitpro/devkita64/bin/../lib/gcc/aarch64-none-elf/8.1.0/../../../../aarch64-none-elf/lib/pic\libg.a(lib_a-mlock.o)
                0x000000000000f568                __malloc_unlock
 *fill*         0x000000000000f574        0x4 
 .text.printf   0x000000000000f578       0x8c c:/devkitpro/devkita64/bin/../lib/gcc/aarch64-none-elf/8.1.0/../../../../aarch64-none-elf/lib/pic\libg.a(lib_a-printf.o)
                0x000000000000f578                printf
 *fill*         0x000000000000f604        0x4 
 .text.setvbuf  0x000000000000f608      0x25c c:/devkitpro/devkita64/bin/../lib/gcc/aarch64-none-elf/8.1.0/../../../../aarch64-none-elf/lib/pic\libg.a(lib_a-setvbuf.o)
                0x000000000000f608                setvbuf
 *fill*         0x000000000000f864        0x4 
 .text.sscanf   0x000000000000f868       0xbc c:/devkitpro/devkita64/bin/../lib/gcc/aarch64-none-elf/8.1.0/../../../../aarch64-none-elf/lib/pic\libg.a(lib_a-sscanf.o)
                0x000000000000f868                sscanf
 *fill*         0x000000000000f924        0x4 
 .text.__sread  0x000000000000f928       0x50 c:/devkitpro/devkita64/bin/../lib/gcc/aarch64-none-elf/8.1.0/../../../../aarch64-none-elf/lib/pic\libg.a(lib_a-stdio.o)
                0x000000000000f928                __sread
 .text.__seofread
                0x000000000000f978        0x8 c:/devkitpro/devkita64/bin/../lib/gcc/aarch64-none-elf/8.1.0/../../../../aarch64-none-elf/lib/pic\libg.a(lib_a-stdio.o)
                0x000000000000f978                __seofread
 .text.__swrite
                0x000000000000f980       0x6c c:/devkitpro/devkita64/bin/../lib/gcc/aarch64-none-elf/8.1.0/../../../../aarch64-none-elf/lib/pic\libg.a(lib_a-stdio.o)
                0x000000000000f980                __swrite
 *fill*         0x000000000000f9ec        0x4 
 .text.__sseek  0x000000000000f9f0       0x50 c:/devkitpro/devkita64/bin/../lib/gcc/aarch64-none-elf/8.1.0/../../../../aarch64-none-elf/lib/pic\libg.a(lib_a-stdio.o)
                0x000000000000f9f0                __sseek
 .text.__sclose
                0x000000000000fa40        0x8 c:/devkitpro/devkita64/bin/../lib/gcc/aarch64-none-elf/8.1.0/../../../../aarch64-none-elf/lib/pic\libg.a(lib_a-stdio.o)
                0x000000000000fa40                __sclose
 .text          0x000000000000fa48       0xdc c:/devkitpro/devkita64/bin/../lib/gcc/aarch64-none-elf/8.1.0/../../../../aarch64-none-elf/lib/pic\libg.a(lib_a-strchr.o)
                0x000000000000fa48                strchr
 *fill*         0x000000000000fb24       0x1c 
 .text          0x000000000000fb40       0xa4 c:/devkitpro/devkita64/bin/../lib/gcc/aarch64-none-elf/8.1.0/../../../../aarch64-none-elf/lib/pic\libg.a(lib_a-strcmp.o)
                0x000000000000fb40                strcmp
 *fill*         0x000000000000fbe4       0x1c 
 .text          0x000000000000fc00      0x140 c:/devkitpro/devkita64/bin/../lib/gcc/aarch64-none-elf/8.1.0/../../../../aarch64-none-elf/lib/pic\libg.a(lib_a-strlen.o)
                0x000000000000fc00                strlen
 .text.strncat  0x000000000000fd40       0x84 c:/devkitpro/devkita64/bin/../lib/gcc/aarch64-none-elf/8.1.0/../../../../aarch64-none-elf/lib/pic\libg.a(lib_a-strncat.o)
                0x000000000000fd40                strncat
 *fill*         0x000000000000fdc4       0x3c 
 .text          0x000000000000fe00      0x124 c:/devkitpro/devkita64/bin/../lib/gcc/aarch64-none-elf/8.1.0/../../../../aarch64-none-elf/lib/pic\libg.a(lib_a-strncmp.o)
                0x000000000000fe1c                strncmp
 *fill*         0x000000000000ff24        0x4 
 .text.strncpy  0x000000000000ff28       0xa8 c:/devkitpro/devkita64/bin/../lib/gcc/aarch64-none-elf/8.1.0/../../../../aarch64-none-elf/lib/pic\libg.a(lib_a-strncpy.o)
                0x000000000000ff28                strncpy
 *fill*         0x000000000000ffd0       0x30 
 .text          0x0000000000010000       0xe0 c:/devkitpro/devkita64/bin/../lib/gcc/aarch64-none-elf/8.1.0/../../../../aarch64-none-elf/lib/pic\libg.a(lib_a-strnlen.o)
                0x0000000000010024                strnlen
 .text._strtol_l.isra.0
                0x00000000000100e0      0x1d0 c:/devkitpro/devkita64/bin/../lib/gcc/aarch64-none-elf/8.1.0/../../../../aarch64-none-elf/lib/pic\libg.a(lib_a-strtol.o)
 .text._strtol_r
                0x00000000000102b0       0x48 c:/devkitpro/devkita64/bin/../lib/gcc/aarch64-none-elf/8.1.0/../../../../aarch64-none-elf/lib/pic\libg.a(lib_a-strtol.o)
                0x00000000000102b0                _strtol_r
 .text._strtoul_l.isra.0
                0x00000000000102f8      0x1e0 c:/devkitpro/devkita64/bin/../lib/gcc/aarch64-none-elf/8.1.0/../../../../aarch64-none-elf/lib/pic\libg.a(lib_a-strtoul.o)
 .text._strtoul_r
                0x00000000000104d8       0x48 c:/devkitpro/devkita64/bin/../lib/gcc/aarch64-none-elf/8.1.0/../../../../aarch64-none-elf/lib/pic\libg.a(lib_a-strtoul.o)
                0x00000000000104d8                _strtoul_r
 .text.strtoul  0x0000000000010520       0x5c c:/devkitpro/devkita64/bin/../lib/gcc/aarch64-none-elf/8.1.0/../../../../aarch64-none-elf/lib/pic\libg.a(lib_a-strtoul.o)
                0x0000000000010520                strtoul
 .text.get_arg  0x000000000001057c       0x5c c:/devkitpro/devkita64/bin/../lib/gcc/aarch64-none-elf/8.1.0/../../../../aarch64-none-elf/lib/pic\libg.a(lib_a-svfscanf.o)
 .text.__ssvfscanf_r
                0x00000000000105d8     0x2f48 c:/devkitpro/devkita64/bin/../lib/gcc/aarch64-none-elf/8.1.0/../../../../aarch64-none-elf/lib/pic\libg.a(lib_a-svfscanf.o)
                0x00000000000105d8                __ssvfscanf_r
 .text.__sprint_r
                0x0000000000013520       0x3c c:/devkitpro/devkita64/bin/../lib/gcc/aarch64-none-elf/8.1.0/../../../../aarch64-none-elf/lib/pic\libg.a(lib_a-vfiprintf.o)
                0x0000000000013520                __sprint_r
 .text.get_arg  0x000000000001355c      0x76c c:/devkitpro/devkita64/bin/../lib/gcc/aarch64-none-elf/8.1.0/../../../../aarch64-none-elf/lib/pic\libg.a(lib_a-vfprintf.o)
 .text._vfprintf_r
                0x0000000000013cc8     0x3bfc c:/devkitpro/devkita64/bin/../lib/gcc/aarch64-none-elf/8.1.0/../../../../aarch64-none-elf/lib/pic\libg.a(lib_a-vfprintf.o)
                0x0000000000013cc8                _vfprintf_r
 .text.__sbprintf
                0x00000000000178c4       0xec c:/devkitpro/devkita64/bin/../lib/gcc/aarch64-none-elf/8.1.0/../../../../aarch64-none-elf/lib/pic\libg.a(lib_a-vfprintf.o)
 .text._wcrtomb_r
                0x00000000000179b0       0xd0 c:/devkitpro/devkita64/bin/../lib/gcc/aarch64-none-elf/8.1.0/../../../../aarch64-none-elf/lib/pic\libg.a(lib_a-wcrtomb.o)
                0x00000000000179b0                _wcrtomb_r
 .text._wcsrtombs_r
                0x0000000000017a80       0x10 c:/devkitpro/devkita64/bin/../lib/gcc/aarch64-none-elf/8.1.0/../../../../aarch64-none-elf/lib/pic\libg.a(lib_a-wcsrtombs.o)
                0x0000000000017a80                _wcsrtombs_r
 .text.__utf8_wctomb
                0x0000000000017a90       0xe4 c:/devkitpro/devkita64/bin/../lib/gcc/aarch64-none-elf/8.1.0/../../../../aarch64-none-elf/lib/pic\libg.a(lib_a-wctomb_r.o)
                0x0000000000017a90                __utf8_wctomb
 *fill*         0x0000000000017b74        0x4 
 .text.__swsetup_r
                0x0000000000017b78      0x140 c:/devkitpro/devkita64/bin/../lib/gcc/aarch64-none-elf/8.1.0/../../../../aarch64-none-elf/lib/pic\libg.a(lib_a-wsetup.o)
                0x0000000000017b78                __swsetup_r
 .text.quorem   0x0000000000017cb8      0x1a8 c:/devkitpro/devkita64/bin/../lib/gcc/aarch64-none-elf/8.1.0/../../../../aarch64-none-elf/lib/pic\libg.a(lib_a-dtoa.o)
 .text._dtoa_r  0x0000000000017e60     0x10dc c:/devkitpro/devkita64/bin/../lib/gcc/aarch64-none-elf/8.1.0/../../../../aarch64-none-elf/lib/pic\libg.a(lib_a-dtoa.o)
                0x0000000000017e60                _dtoa_r
 *fill*         0x0000000000018f3c        0x4 
 .text.__sflush_r
                0x0000000000018f40      0x214 c:/devkitpro/devkita64/bin/../lib/gcc/aarch64-none-elf/8.1.0/../../../../aarch64-none-elf/lib/pic\libg.a(lib_a-fflush.o)
                0x0000000000018f40                __sflush_r
 *fill*         0x0000000000019154        0x4 
 .text._fflush_r
                0x0000000000019158       0xb8 c:/devkitpro/devkita64/bin/../lib/gcc/aarch64-none-elf/8.1.0/../../../../aarch64-none-elf/lib/pic\libg.a(lib_a-fflush.o)
                0x0000000000019158                _fflush_r
 .text.std      0x0000000000019210       0x78 c:/devkitpro/devkita64/bin/../lib/gcc/aarch64-none-elf/8.1.0/../../../../aarch64-none-elf/lib/pic\libg.a(lib_a-findfp.o)
 .text._cleanup_r
                0x0000000000019288        0xc c:/devkitpro/devkita64/bin/../lib/gcc/aarch64-none-elf/8.1.0/../../../../aarch64-none-elf/lib/pic\libg.a(lib_a-findfp.o)
                0x0000000000019288                _cleanup_r
 *fill*         0x0000000000019294        0x4 
 .text.__sfp_lock_acquire
                0x0000000000019298        0xc c:/devkitpro/devkita64/bin/../lib/gcc/aarch64-none-elf/8.1.0/../../../../aarch64-none-elf/lib/pic\libg.a(lib_a-findfp.o)
                0x0000000000019298                __sfp_lock_acquire
 *fill*         0x00000000000192a4        0x4 
 .text.__sfp_lock_release
                0x00000000000192a8        0xc c:/devkitpro/devkita64/bin/../lib/gcc/aarch64-none-elf/8.1.0/../../../../aarch64-none-elf/lib/pic\libg.a(lib_a-findfp.o)
                0x00000000000192a8                __sfp_lock_release
 *fill*         0x00000000000192b4        0x4 
 .text.__sinit_lock_acquire
                0x00000000000192b8        0xc c:/devkitpro/devkita64/bin/../lib/gcc/aarch64-none-elf/8.1.0/../../../../aarch64-none-elf/lib/pic\libg.a(lib_a-findfp.o)
                0x00000000000192b8                __sinit_lock_acquire
 *fill*         0x00000000000192c4        0x4 
 .text.__sinit_lock_release
                0x00000000000192c8        0xc c:/devkitpro/devkita64/bin/../lib/gcc/aarch64-none-elf/8.1.0/../../../../aarch64-none-elf/lib/pic\libg.a(lib_a-findfp.o)
                0x00000000000192c8                __sinit_lock_release
 *fill*         0x00000000000192d4        0x4 
 .text.__sinit  0x00000000000192d8       0x80 c:/devkitpro/devkita64/bin/../lib/gcc/aarch64-none-elf/8.1.0/../../../../aarch64-none-elf/lib/pic\libg.a(lib_a-findfp.o)
                0x00000000000192d8                __sinit
 .text._malloc_trim_r
                0x0000000000019358      0x118 c:/devkitpro/devkita64/bin/../lib/gcc/aarch64-none-elf/8.1.0/../../../../aarch64-none-elf/lib/pic\libg.a(lib_a-freer.o)
                0x0000000000019358                _malloc_trim_r
 .text._free_r  0x0000000000019470      0x2f4 c:/devkitpro/devkita64/bin/../lib/gcc/aarch64-none-elf/8.1.0/../../../../aarch64-none-elf/lib/pic\libg.a(lib_a-freer.o)
                0x0000000000019470                _free_r
 *fill*         0x0000000000019764        0x4 
 .text.__sfvwrite_r
                0x0000000000019768      0x4b8 c:/devkitpro/devkita64/bin/../lib/gcc/aarch64-none-elf/8.1.0/../../../../aarch64-none-elf/lib/pic\libg.a(lib_a-fvwrite.o)
                0x0000000000019768                __sfvwrite_r
 .text._fwalk_reent
                0x0000000000019c20       0xbc c:/devkitpro/devkita64/bin/../lib/gcc/aarch64-none-elf/8.1.0/../../../../aarch64-none-elf/lib/pic\libg.a(lib_a-fwalk.o)
                0x0000000000019c20                _fwalk_reent
 *fill*         0x0000000000019cdc        0x4 
 .text.iswspace
                0x0000000000019ce0       0x84 c:/devkitpro/devkita64/bin/../lib/gcc/aarch64-none-elf/8.1.0/../../../../aarch64-none-elf/lib/pic\libg.a(lib_a-iswspace.o)
                0x0000000000019ce0                iswspace
 *fill*         0x0000000000019d64        0x4 
 .text.__jp2uc  0x0000000000019d68      0x244 c:/devkitpro/devkita64/bin/../lib/gcc/aarch64-none-elf/8.1.0/../../../../aarch64-none-elf/lib/pic\libg.a(lib_a-jp2uc.o)
 *fill*         0x0000000000019fac        0x4 
 .text._jp2uc   0x0000000000019fb0       0xd0 c:/devkitpro/devkita64/bin/../lib/gcc/aarch64-none-elf/8.1.0/../../../../aarch64-none-elf/lib/pic\libg.a(lib_a-jp2uc.o)
                0x0000000000019fb0                _jp2uc
 .text.__localeconv_l
                0x000000000001a080        0x8 c:/devkitpro/devkita64/bin/../lib/gcc/aarch64-none-elf/8.1.0/../../../../aarch64-none-elf/lib/pic\libg.a(lib_a-localeconv.o)
                0x000000000001a080                __localeconv_l
 .text._localeconv_r
                0x000000000001a088       0x28 c:/devkitpro/devkita64/bin/../lib/gcc/aarch64-none-elf/8.1.0/../../../../aarch64-none-elf/lib/pic\libg.a(lib_a-localeconv.o)
                0x000000000001a088                _localeconv_r
 .text.__swhatbuf_r
                0x000000000001a0b0       0xa4 c:/devkitpro/devkita64/bin/../lib/gcc/aarch64-none-elf/8.1.0/../../../../aarch64-none-elf/lib/pic\libg.a(lib_a-makebuf.o)
                0x000000000001a0b0                __swhatbuf_r
 *fill*         0x000000000001a154        0x4 
 .text.__smakebuf_r
                0x000000000001a158      0x10c c:/devkitpro/devkita64/bin/../lib/gcc/aarch64-none-elf/8.1.0/../../../../aarch64-none-elf/lib/pic\libg.a(lib_a-makebuf.o)
                0x000000000001a158                __smakebuf_r
 *fill*         0x000000000001a264        0x4 
 .text._mbrtowc_r
                0x000000000001a268       0xd8 c:/devkitpro/devkita64/bin/../lib/gcc/aarch64-none-elf/8.1.0/../../../../aarch64-none-elf/lib/pic\libg.a(lib_a-mbrtowc.o)
                0x000000000001a268                _mbrtowc_r
 .text          0x000000000001a340       0xac c:/devkitpro/devkita64/bin/../lib/gcc/aarch64-none-elf/8.1.0/../../../../aarch64-none-elf/lib/pic\libg.a(lib_a-memmove.o)
                0x000000000001a340                memmove
 *fill*         0x000000000001a3ec        0x4 
 .text._Balloc  0x000000000001a3f0       0x90 c:/devkitpro/devkita64/bin/../lib/gcc/aarch64-none-elf/8.1.0/../../../../aarch64-none-elf/lib/pic\libg.a(lib_a-mprec.o)
                0x000000000001a3f0                _Balloc
 .text._Bfree   0x000000000001a480       0x1c c:/devkitpro/devkita64/bin/../lib/gcc/aarch64-none-elf/8.1.0/../../../../aarch64-none-elf/lib/pic\libg.a(lib_a-mprec.o)
                0x000000000001a480                _Bfree
 *fill*         0x000000000001a49c        0x4 
 .text.__multadd
                0x000000000001a4a0       0xe8 c:/devkitpro/devkita64/bin/../lib/gcc/aarch64-none-elf/8.1.0/../../../../aarch64-none-elf/lib/pic\libg.a(lib_a-mprec.o)
                0x000000000001a4a0                __multadd
 .text.__s2b    0x000000000001a588      0x120 c:/devkitpro/devkita64/bin/../lib/gcc/aarch64-none-elf/8.1.0/../../../../aarch64-none-elf/lib/pic\libg.a(lib_a-mprec.o)
                0x000000000001a588                __s2b
 .text.__hi0bits
                0x000000000001a6a8       0x5c c:/devkitpro/devkita64/bin/../lib/gcc/aarch64-none-elf/8.1.0/../../../../aarch64-none-elf/lib/pic\libg.a(lib_a-mprec.o)
                0x000000000001a6a8                __hi0bits
 *fill*         0x000000000001a704        0x4 
 .text.__lo0bits
                0x000000000001a708       0xa0 c:/devkitpro/devkita64/bin/../lib/gcc/aarch64-none-elf/8.1.0/../../../../aarch64-none-elf/lib/pic\libg.a(lib_a-mprec.o)
                0x000000000001a708                __lo0bits
 .text.__i2b    0x000000000001a7a8       0x2c c:/devkitpro/devkita64/bin/../lib/gcc/aarch64-none-elf/8.1.0/../../../../aarch64-none-elf/lib/pic\libg.a(lib_a-mprec.o)
                0x000000000001a7a8                __i2b
 *fill*         0x000000000001a7d4        0x4 
 .text.__multiply
                0x000000000001a7d8      0x1c8 c:/devkitpro/devkita64/bin/../lib/gcc/aarch64-none-elf/8.1.0/../../../../aarch64-none-elf/lib/pic\libg.a(lib_a-mprec.o)
                0x000000000001a7d8                __multiply
 .text.__pow5mult
                0x000000000001a9a0      0x104 c:/devkitpro/devkita64/bin/../lib/gcc/aarch64-none-elf/8.1.0/../../../../aarch64-none-elf/lib/pic\libg.a(lib_a-mprec.o)
                0x000000000001a9a0                __pow5mult
 *fill*         0x000000000001aaa4        0x4 
 .text.__lshift
                0x000000000001aaa8      0x134 c:/devkitpro/devkita64/bin/../lib/gcc/aarch64-none-elf/8.1.0/../../../../aarch64-none-elf/lib/pic\libg.a(lib_a-mprec.o)
                0x000000000001aaa8                __lshift
 *fill*         0x000000000001abdc        0x4 
 .text.__mcmp   0x000000000001abe0       0x50 c:/devkitpro/devkita64/bin/../lib/gcc/aarch64-none-elf/8.1.0/../../../../aarch64-none-elf/lib/pic\libg.a(lib_a-mprec.o)
                0x000000000001abe0                __mcmp
 .text.__mdiff  0x000000000001ac30      0x14c c:/devkitpro/devkita64/bin/../lib/gcc/aarch64-none-elf/8.1.0/../../../../aarch64-none-elf/lib/pic\libg.a(lib_a-mprec.o)
                0x000000000001ac30                __mdiff
 *fill*         0x000000000001ad7c        0x4 
 .text.__ulp    0x000000000001ad80       0x68 c:/devkitpro/devkita64/bin/../lib/gcc/aarch64-none-elf/8.1.0/../../../../aarch64-none-elf/lib/pic\libg.a(lib_a-mprec.o)
                0x000000000001ad80                __ulp
 .text.__b2d    0x000000000001ade8      0x150 c:/devkitpro/devkita64/bin/../lib/gcc/aarch64-none-elf/8.1.0/../../../../aarch64-none-elf/lib/pic\libg.a(lib_a-mprec.o)
                0x000000000001ade8                __b2d
 .text.__d2b    0x000000000001af38      0x138 c:/devkitpro/devkita64/bin/../lib/gcc/aarch64-none-elf/8.1.0/../../../../aarch64-none-elf/lib/pic\libg.a(lib_a-mprec.o)
                0x000000000001af38                __d2b
 .text.__ratio  0x000000000001b070       0xa0 c:/devkitpro/devkita64/bin/../lib/gcc/aarch64-none-elf/8.1.0/../../../../aarch64-none-elf/lib/pic\libg.a(lib_a-mprec.o)
                0x000000000001b070                __ratio
 .text.__copybits
                0x000000000001b110       0x68 c:/devkitpro/devkita64/bin/../lib/gcc/aarch64-none-elf/8.1.0/../../../../aarch64-none-elf/lib/pic\libg.a(lib_a-mprec.o)
                0x000000000001b110                __copybits
 .text.__any_on
                0x000000000001b178       0x84 c:/devkitpro/devkita64/bin/../lib/gcc/aarch64-none-elf/8.1.0/../../../../aarch64-none-elf/lib/pic\libg.a(lib_a-mprec.o)
                0x000000000001b178                __any_on
 *fill*         0x000000000001b1fc        0x4 
 .text.realloc  0x000000000001b200       0x30 c:/devkitpro/devkita64/bin/../lib/gcc/aarch64-none-elf/8.1.0/../../../../aarch64-none-elf/lib/pic\libg.a(lib_a-realloc.o)
                0x000000000001b200                realloc
 .text._realloc_r
                0x000000000001b230      0x56c c:/devkitpro/devkita64/bin/../lib/gcc/aarch64-none-elf/8.1.0/../../../../aarch64-none-elf/lib/pic\libg.a(lib_a-reallocr.o)
                0x000000000001b230                _realloc_r
 *fill*         0x000000000001b79c        0x4 
 .text.__sccl   0x000000000001b7a0       0xbc c:/devkitpro/devkita64/bin/../lib/gcc/aarch64-none-elf/8.1.0/../../../../aarch64-none-elf/lib/pic\libg.a(lib_a-sccl.o)
                0x000000000001b7a0                __sccl
 *fill*         0x000000000001b85c        0x4 
 .text.nanf     0x000000000001b860        0xc c:/devkitpro/devkita64/bin/../lib/gcc/aarch64-none-elf/8.1.0/../../../../aarch64-none-elf/lib/pic\libg.a(lib_a-sf_nan.o)
                0x000000000001b860                nanf
 *fill*         0x000000000001b86c        0x4 
 .text.frexp    0x000000000001b870       0x7c c:/devkitpro/devkita64/bin/../lib/gcc/aarch64-none-elf/8.1.0/../../../../aarch64-none-elf/lib/pic\libg.a(lib_a-s_frexp.o)
                0x000000000001b870                frexp
 *fill*         0x000000000001b8ec        0x4 
 .text.sprintf  0x000000000001b8f0       0xa8 c:/devkitpro/devkita64/bin/../lib/gcc/aarch64-none-elf/8.1.0/../../../../aarch64-none-elf/lib/pic\libg.a(lib_a-sprintf.o)
                0x000000000001b8f0                sprintf
 .text.stpncpy  0x000000000001b998       0xc8 c:/devkitpro/devkita64/bin/../lib/gcc/aarch64-none-elf/8.1.0/../../../../aarch64-none-elf/lib/pic\libg.a(lib_a-stpncpy.o)
                0x000000000001b998                stpncpy
 .text.sulp     0x000000000001ba60       0x54 c:/devkitpro/devkita64/bin/../lib/gcc/aarch64-none-elf/8.1.0/../../../../aarch64-none-elf/lib/pic\libg.a(lib_a-strtod.o)
 *fill*         0x000000000001bab4        0x4 
 .text._strtod_l
                0x000000000001bab8     0x10f0 c:/devkitpro/devkita64/bin/../lib/gcc/aarch64-none-elf/8.1.0/../../../../aarch64-none-elf/lib/pic\libg.a(lib_a-strtod.o)
                0x000000000001bab8                _strtod_l
 .text._strtod_r
                0x000000000001cba8       0x40 c:/devkitpro/devkita64/bin/../lib/gcc/aarch64-none-elf/8.1.0/../../../../aarch64-none-elf/lib/pic\libg.a(lib_a-strtod.o)
                0x000000000001cba8                _strtod_r
 .text._strtoll_l.isra.0
                0x000000000001cbe8      0x1d0 c:/devkitpro/devkita64/bin/../lib/gcc/aarch64-none-elf/8.1.0/../../../../aarch64-none-elf/lib/pic\libg.a(lib_a-strtoll.o)
 .text._strtoll_r
                0x000000000001cdb8       0x48 c:/devkitpro/devkita64/bin/../lib/gcc/aarch64-none-elf/8.1.0/../../../../aarch64-none-elf/lib/pic\libg.a(lib_a-strtoll.o)
                0x000000000001cdb8                _strtoll_r
 .text._strtoull_l.isra.0
                0x000000000001ce00      0x1e0 c:/devkitpro/devkita64/bin/../lib/gcc/aarch64-none-elf/8.1.0/../../../../aarch64-none-elf/lib/pic\libg.a(lib_a-strtoull.o)
 .text._strtoull_r
                0x000000000001cfe0       0x48 c:/devkitpro/devkita64/bin/../lib/gcc/aarch64-none-elf/8.1.0/../../../../aarch64-none-elf/lib/pic\libg.a(lib_a-strtoull.o)
                0x000000000001cfe0                _strtoull_r
 .text.__ssprint_r
                0x000000000001d028      0x1c0 c:/devkitpro/devkita64/bin/../lib/gcc/aarch64-none-elf/8.1.0/../../../../aarch64-none-elf/lib/pic\libg.a(lib_a-svfiprintf.o)
                0x000000000001d028                __ssprint_r
 .text._sungetc_r
                0x000000000001d1e8       0xf4 c:/devkitpro/devkita64/bin/../lib/gcc/aarch64-none-elf/8.1.0/../../../../aarch64-none-elf/lib/pic\libg.a(lib_a-svfiscanf.o)
                0x000000000001d1e8                _sungetc_r
 .text.__ssrefill_r
                0x000000000001d2dc       0x70 c:/devkitpro/devkita64/bin/../lib/gcc/aarch64-none-elf/8.1.0/../../../../aarch64-none-elf/lib/pic\libg.a(lib_a-svfiscanf.o)
                0x000000000001d2dc                __ssrefill_r
 .text._sfread_r
                0x000000000001d34c       0xe0 c:/devkitpro/devkita64/bin/../lib/gcc/aarch64-none-elf/8.1.0/../../../../aarch64-none-elf/lib/pic\libg.a(lib_a-svfiscanf.o)
                0x000000000001d34c                _sfread_r
 .text.get_arg  0x000000000001d42c      0x76c c:/devkitpro/devkita64/bin/../lib/gcc/aarch64-none-elf/8.1.0/../../../../aarch64-none-elf/lib/pic\libg.a(lib_a-svfprintf.o)
 .text._svfprintf_r
                0x000000000001db98     0x3b44 c:/devkitpro/devkita64/bin/../lib/gcc/aarch64-none-elf/8.1.0/../../../../aarch64-none-elf/lib/pic\libg.a(lib_a-svfprintf.o)
                0x000000000001db98                _svfprintf_r
 *fill*         0x00000000000216dc        0x4 
 .text.__submore
                0x00000000000216e0       0xc8 c:/devkitpro/devkita64/bin/../lib/gcc/aarch64-none-elf/8.1.0/../../../../aarch64-none-elf/lib/pic\libg.a(lib_a-ungetc.o)
                0x00000000000216e0                __submore
 .text._wcsnrtombs_l
                0x00000000000217a8      0x1dc c:/devkitpro/devkita64/bin/../lib/gcc/aarch64-none-elf/8.1.0/../../../../aarch64-none-elf/lib/pic\libg.a(lib_a-wcsnrtombs.o)
                0x00000000000217a8                _wcsnrtombs_l
 *fill*         0x0000000000021984        0x4 
 .text._wcsnrtombs_r
                0x0000000000021988       0x54 c:/devkitpro/devkita64/bin/../lib/gcc/aarch64-none-elf/8.1.0/../../../../aarch64-none-elf/lib/pic\libg.a(lib_a-wcsnrtombs.o)
                0x0000000000021988                _wcsnrtombs_r
 *fill*         0x00000000000219dc        0x4 
 .text._calloc_r
                0x00000000000219e0       0x94 c:/devkitpro/devkita64/bin/../lib/gcc/aarch64-none-elf/8.1.0/../../../../aarch64-none-elf/lib/pic\libg.a(lib_a-callocr.o)
                0x00000000000219e0                _calloc_r
 *fill*         0x0000000000021a74        0x4 
 .text._fclose_r
                0x0000000000021a78      0x15c c:/devkitpro/devkita64/bin/../lib/gcc/aarch64-none-elf/8.1.0/../../../../aarch64-none-elf/lib/pic\libg.a(lib_a-fclose.o)
                0x0000000000021a78                _fclose_r
 *fill*         0x0000000000021bd4        0x4 
 .text.rshift   0x0000000000021bd8      0x114 c:/devkitpro/devkita64/bin/../lib/gcc/aarch64-none-elf/8.1.0/../../../../aarch64-none-elf/lib/pic\libg.a(lib_a-gdtoa-gethex.o)
 *fill*         0x0000000000021cec        0x4 
 .text.__gethex
                0x0000000000021cf0      0x7e8 c:/devkitpro/devkita64/bin/../lib/gcc/aarch64-none-elf/8.1.0/../../../../aarch64-none-elf/lib/pic\libg.a(lib_a-gdtoa-gethex.o)
                0x0000000000021cf0                __gethex
 .text.__match  0x00000000000224d8       0x48 c:/devkitpro/devkita64/bin/../lib/gcc/aarch64-none-elf/8.1.0/../../../../aarch64-none-elf/lib/pic\libg.a(lib_a-gdtoa-hexnan.o)
                0x00000000000224d8                __match
 .text.__hexnan
                0x0000000000022520      0x22c c:/devkitpro/devkita64/bin/../lib/gcc/aarch64-none-elf/8.1.0/../../../../aarch64-none-elf/lib/pic\libg.a(lib_a-gdtoa-hexnan.o)
                0x0000000000022520                __hexnan
 *fill*         0x000000000002274c        0x4 
 .text.null_write
                0x0000000000022750        0x8 c:/devkitpro/devkita64/bin/../lib/gcc/aarch64-none-elf/8.1.0/../../../../aarch64-none-elf/lib/pic\libsysbase.a(iosupport.o)
 .text.setDefaultDevice
                0x0000000000022758       0x18 c:/devkitpro/devkita64/bin/../lib/gcc/aarch64-none-elf/8.1.0/../../../../aarch64-none-elf/lib/pic\libsysbase.a(iosupport.o)
                0x0000000000022758                setDefaultDevice
 .text.FindDevice
                0x0000000000022770       0xf8 c:/devkitpro/devkita64/bin/../lib/gcc/aarch64-none-elf/8.1.0/../../../../aarch64-none-elf/lib/pic\libsysbase.a(iosupport.o)
                0x0000000000022770                FindDevice
 .text.RemoveDevice
                0x0000000000022868       0x34 c:/devkitpro/devkita64/bin/../lib/gcc/aarch64-none-elf/8.1.0/../../../../aarch64-none-elf/lib/pic\libsysbase.a(iosupport.o)
                0x0000000000022868                RemoveDevice
 *fill*         0x000000000002289c        0x4 
 .text.AddDevice
                0x00000000000228a0       0xd8 c:/devkitpro/devkita64/bin/../lib/gcc/aarch64-none-elf/8.1.0/../../../../aarch64-none-elf/lib/pic\libsysbase.a(iosupport.o)
                0x00000000000228a0                AddDevice
 .text._close_r
                0x0000000000022978       0xa8 c:/devkitpro/devkita64/bin/../lib/gcc/aarch64-none-elf/8.1.0/../../../../aarch64-none-elf/lib/pic\libsysbase.a(close.o)
                0x0000000000022978                _close_r
 .text._fstat_r
                0x0000000000022a20       0x80 c:/devkitpro/devkita64/bin/../lib/gcc/aarch64-none-elf/8.1.0/../../../../aarch64-none-elf/lib/pic\libsysbase.a(fstat.o)
                0x0000000000022a20                _fstat_r
 .text._isatty_r
                0x0000000000022aa0        0x8 c:/devkitpro/devkita64/bin/../lib/gcc/aarch64-none-elf/8.1.0/../../../../aarch64-none-elf/lib/pic\libsysbase.a(isatty.o)
                0x0000000000022aa0                _isatty_r
 .text._lseek_r
                0x0000000000022aa8       0x94 c:/devkitpro/devkita64/bin/../lib/gcc/aarch64-none-elf/8.1.0/../../../../aarch64-none-elf/lib/pic\libsysbase.a(lseek.o)
                0x0000000000022aa8                _lseek_r
 *fill*         0x0000000000022b3c        0x4 
 .text._read_r  0x0000000000022b40       0xa4 c:/devkitpro/devkita64/bin/../lib/gcc/aarch64-none-elf/8.1.0/../../../../aarch64-none-elf/lib/pic\libsysbase.a(read.o)
                0x0000000000022b40                _read_r
 *fill*         0x0000000000022be4        0x4 
 .text._sbrk_r  0x0000000000022be8       0x78 c:/devkitpro/devkita64/bin/../lib/gcc/aarch64-none-elf/8.1.0/../../../../aarch64-none-elf/lib/pic\libsysbase.a(sbrk.o)
                0x0000000000022be8                _sbrk_r
 .text._write_r
                0x0000000000022c60       0xa4 c:/devkitpro/devkita64/bin/../lib/gcc/aarch64-none-elf/8.1.0/../../../../aarch64-none-elf/lib/pic\libsysbase.a(write.o)
                0x0000000000022c60                _write_r
 *fill*         0x0000000000022d04        0x4 
 .text._concatenate_path
                0x0000000000022d08      0x224 c:/devkitpro/devkita64/bin/../lib/gcc/aarch64-none-elf/8.1.0/../../../../aarch64-none-elf/lib/pic\libsysbase.a(chdir.o)
                0x0000000000022d08                _concatenate_path
 *fill*         0x0000000000022f2c        0x4 
 .text.chdir    0x0000000000022f30      0x178 c:/devkitpro/devkita64/bin/../lib/gcc/aarch64-none-elf/8.1.0/../../../../aarch64-none-elf/lib/pic\libsysbase.a(chdir.o)
                0x0000000000022f30                chdir
 .text.__libc_lock_acquire
                0x00000000000230a8       0x18 c:/devkitpro/devkita64/bin/../lib/gcc/aarch64-none-elf/8.1.0/../../../../aarch64-none-elf/lib/pic\libsysbase.a(syscall_support.o)
                0x00000000000230a8                __libc_lock_acquire
 .text.__libc_lock_release
                0x00000000000230c0       0x18 c:/devkitpro/devkita64/bin/../lib/gcc/aarch64-none-elf/8.1.0/../../../../aarch64-none-elf/lib/pic\libsysbase.a(syscall_support.o)
                0x00000000000230c0                __libc_lock_release
 .text.__libc_lock_init_recursive
                0x00000000000230d8       0x18 c:/devkitpro/devkita64/bin/../lib/gcc/aarch64-none-elf/8.1.0/../../../../aarch64-none-elf/lib/pic\libsysbase.a(syscall_support.o)
                0x00000000000230d8                __libc_lock_init_recursive
 .text.__libc_lock_acquire_recursive
                0x00000000000230f0       0x18 c:/devkitpro/devkita64/bin/../lib/gcc/aarch64-none-elf/8.1.0/../../../../aarch64-none-elf/lib/pic\libsysbase.a(syscall_support.o)
                0x00000000000230f0                __libc_lock_acquire_recursive
 .text.__libc_lock_release_recursive
                0x0000000000023108       0x18 c:/devkitpro/devkita64/bin/../lib/gcc/aarch64-none-elf/8.1.0/../../../../aarch64-none-elf/lib/pic\libsysbase.a(syscall_support.o)
                0x0000000000023108                __libc_lock_release_recursive
 .text.__libc_lock_close_recursive
                0x0000000000023120       0x18 c:/devkitpro/devkita64/bin/../lib/gcc/aarch64-none-elf/8.1.0/../../../../aarch64-none-elf/lib/pic\libsysbase.a(syscall_support.o)
                0x0000000000023120                __libc_lock_close_recursive
 .text.__free_handle
                0x0000000000023138       0x3c c:/devkitpro/devkita64/bin/../lib/gcc/aarch64-none-elf/8.1.0/../../../../aarch64-none-elf/lib/pic\libsysbase.a(handle_manager.o)
                0x0000000000023138                __free_handle
 *fill*         0x0000000000023174        0x4 
 .text.__release_handle
                0x0000000000023178       0x58 c:/devkitpro/devkita64/bin/../lib/gcc/aarch64-none-elf/8.1.0/../../../../aarch64-none-elf/lib/pic\libsysbase.a(handle_manager.o)
                0x0000000000023178                __release_handle
 .text.__get_handle
                0x00000000000231d0       0x20 c:/devkitpro/devkita64/bin/../lib/gcc/aarch64-none-elf/8.1.0/../../../../aarch64-none-elf/lib/pic\libsysbase.a(handle_manager.o)
                0x00000000000231d0                __get_handle
 .text.__getreent
                0x00000000000231f0       0x24 c:/devkitpro/devkita64/bin/../lib/gcc/aarch64-none-elf/8.1.0/../../../../aarch64-none-elf/lib/pic\libsysbase.a(getreent.o)
                0x00000000000231f0                __getreent
 *fill*         0x0000000000023214        0x4 
 .text.__extenddftf2
                0x0000000000023218      0x150 c:/devkitpro/devkita64/bin/../lib/gcc/aarch64-none-elf/8.1.0/pic\libgcc.a(extenddftf2.o)
                0x0000000000023218                __extenddftf2
 .text.__trunctfdf2
                0x0000000000023368      0x350 c:/devkitpro/devkita64/bin/../lib/gcc/aarch64-none-elf/8.1.0/pic\libgcc.a(trunctfdf2.o)
                0x0000000000023368                __trunctfdf2
 .text.__sfp_handle_exceptions
                0x00000000000236b8       0x70 c:/devkitpro/devkita64/bin/../lib/gcc/aarch64-none-elf/8.1.0/pic\libgcc.a(sfp-exceptions.o)
                0x00000000000236b8                __sfp_handle_exceptions
 .text          0x0000000000023728      0x100 c:/devkitpro/devkita64/bin/../lib/gcc/aarch64-none-elf/8.1.0/../../../../aarch64-none-elf/lib/pic\libg.a(lib_a-strrchr.o)
                0x0000000000023728                strrchr
                0x0000000000023828                . = ALIGN (0x8)

.fini           0x0000000000023828       0x38
 *(.fini)
 .fini          0x0000000000023828       0x18 c:/devkitpro/devkita64/bin/../lib/gcc/aarch64-none-elf/8.1.0/pic/crti.o
                0x0000000000023828                _fini
 .fini          0x0000000000023840       0x1c c:/devkitpro/devkita64/bin/../lib/gcc/aarch64-none-elf/8.1.0/pic/crtn.o
                0x0000000000023860                . = ALIGN (0x8)
 *fill*         0x000000000002385c        0x4 
                0x0000000000024000                . = ALIGN (0x1000)

.rodata         0x0000000000024000     0x61f0
 *(.rodata .rodata.* .gnu.linkonce.r.*)
 .rodata.str1.8
                0x0000000000024000        0x2 main.o
 *fill*         0x0000000000024002        0x6 
 .rodata        0x0000000000024008        0x9 rogueIO.o
 *fill*         0x0000000000024011        0x7 
 .rodata.str1.8
                0x0000000000024018       0x3a rogueIO.o
                                         0x42 (size before relaxing)
 *fill*         0x0000000000024052        0x2 
 .rodata.con_write
                0x0000000000024054       0x64 C:/devkitPro/libnx/lib\libnx.a(console.o)
 .rodata.colorTable