Archive member included to satisfy reference by file (symbol)

C:/devkitPro/libnx/lib\libnx.a(console.o)
                              main.o (consoleInit)
C:/devkitPro/libnx/lib\libnx.a(applet.o)
                              main.o (appletMainLoop)
C:/devkitPro/libnx/lib\libnx.a(hid.o)
                              main.o (hidKeysDown)
C:/devkitPro/libnx/lib\libnx.a(sm.o)
                              C:/devkitPro/libnx/lib\libnx.a(applet.o) (smGetService)
C:/devkitPro/libnx/lib\libnx.a(apm.o)
                              C:/devkitPro/libnx/lib\libnx.a(applet.o) (apmExit)
C:/devkitPro/libnx/lib\libnx.a(fatal.o)
                              C:/devkitPro/libnx/lib\libnx.a(applet.o) (fatalSimple)
C:/devkitPro/libnx/lib\libnx.a(gfx.o)
                              C:/devkitPro/libnx/lib\libnx.a(console.o) (g_gfx_framebuf_display_height)
C:/devkitPro/libnx/lib\libnx.a(nvgfx.o)
                              C:/devkitPro/libnx/lib\libnx.a(gfx.o) (nvgfxInitialize)
C:/devkitPro/libnx/lib\libnx.a(channel.o)
                              C:/devkitPro/libnx/lib\libnx.a(nvgfx.o) (nvioctlChannel_SetNvmapFd)
C:/devkitPro/libnx/lib\libnx.a(nvhost-ctrl.o)
                              C:/devkitPro/libnx/lib\libnx.a(nvgfx.o) (nvioctlNvhostCtrl_EventWait)
C:/devkitPro/libnx/lib\libnx.a(nvhost-ctrl-gpu.o)
                              C:/devkitPro/libnx/lib\libnx.a(nvgfx.o) (nvioctlNvhostCtrlGpu_ZCullGetCtxSize)
C:/devkitPro/libnx/lib\libnx.a(nvhost-as-gpu.o)
                              C:/devkitPro/libnx/lib\libnx.a(nvgfx.o) (nvioctlNvhostAsGpu_BindChannel)
C:/devkitPro/libnx/lib\libnx.a(nvmap.o)
                              C:/devkitPro/libnx/lib\libnx.a(nvgfx.o) (nvioctlNvmap_Create)
C:/devkitPro/libnx/lib\libnx.a(cache.o)
                              C:/devkitPro/libnx/lib\libnx.a(gfx.o) (armDCacheFlush)
C:/devkitPro/libnx/lib\libnx.a(switch_crt0.o)
                              (_start)
C:/devkitPro/libnx/lib\libnx.a(svc.o)
                              C:/devkitPro/libnx/lib\libnx.a(applet.o) (svcSleepThread)
C:/devkitPro/libnx/lib\libnx.a(default_font.bin.o)
                              C:/devkitPro/libnx/lib\libnx.a(console.o) (default_font_bin)
C:/devkitPro/libnx/lib\libnx.a(dynamic.o)
                              C:/devkitPro/libnx/lib\libnx.a(switch_crt0.o) (__nx_dynamic)
C:/devkitPro/libnx/lib\libnx.a(init.o)
                              C:/devkitPro/libnx/lib\libnx.a(switch_crt0.o) (__libnx_init)
C:/devkitPro/libnx/lib\libnx.a(env.o)
                              C:/devkitPro/libnx/lib\libnx.a(init.o) (envSetup)
C:/devkitPro/libnx/lib\libnx.a(newlib.o)
                              C:/devkitPro/libnx/lib\libnx.a(init.o) (newlibSetup)
C:/devkitPro/libnx/lib\libnx.a(argv.o)
                              C:/devkitPro/libnx/lib\libnx.a(init.o) (argvSetup)
C:/devkitPro/libnx/lib\libnx.a(detect.o)
                              C:/devkitPro/libnx/lib\libnx.a(applet.o) (kernelAbove200)
C:/devkitPro/libnx/lib\libnx.a(shmem.o)
                              C:/devkitPro/libnx/lib\libnx.a(hid.o) (shmemLoadRemote)
C:/devkitPro/libnx/lib\libnx.a(rwlock.o)
                              C:/devkitPro/libnx/lib\libnx.a(hid.o) (rwlockReadLock)
C:/devkitPro/libnx/lib\libnx.a(mutex.o)
                              C:/devkitPro/libnx/lib\libnx.a(newlib.o) (mutexLock)
C:/devkitPro/libnx/lib\libnx.a(virtmem.o)
                              C:/devkitPro/libnx/lib\libnx.a(init.o) (virtmemSetup)
C:/devkitPro/libnx/lib\libnx.a(fs_dev.o)
                              C:/devkitPro/libnx/lib\libnx.a(init.o) (fsdevMountSdmc)
C:/devkitPro/libnx/lib\libnx.a(time.o)
                              C:/devkitPro/libnx/lib\libnx.a(init.o) (timeExit)
C:/devkitPro/libnx/lib\libnx.a(vi.o)
                              C:/devkitPro/libnx/lib\libnx.a(gfx.o) (viExit)
C:/devkitPro/libnx/lib\libnx.a(nv.o)
                              C:/devkitPro/libnx/lib\libnx.a(gfx.o) (nvExit)
C:/devkitPro/libnx/lib\libnx.a(fs.o)
                              C:/devkitPro/libnx/lib\libnx.a(init.o) (fsInitialize)
C:/devkitPro/libnx/lib\libnx.a(buffer_producer.o)
                              C:/devkitPro/libnx/lib\libnx.a(gfx.o) (bufferProducerInitialize)
C:/devkitPro/libnx/lib\libnx.a(binder.o)
                              C:/devkitPro/libnx/lib\libnx.a(gfx.o) (binderCreateSession)
C:/devkitPro/libnx/lib\libnx.a(parcel.o)
                              C:/devkitPro/libnx/lib\libnx.a(buffer_producer.o) (parcelInitialize)
C:/devkitPro/libnx/lib\libnx.a(decode_utf8.o)
                              C:/devkitPro/libnx/lib\libnx.a(fs_dev.o) (decode_utf8)
C:/devkitPro/libnx/lib\libnx.a(readtp.o)
                              C:/devkitPro/libnx/lib\libnx.a(fs_dev.o) (__aarch64_read_tp)
C:/devkitPro/libnx/lib\libnx.a(nxlink.o)
                              C:/devkitPro/libnx/lib\libnx.a(argv.o) (nxlinkSetup)
C:/devkitPro/libnx/lib\libnx.a(tmem.o)
                              C:/devkitPro/libnx/lib\libnx.a(nv.o) (tmemCreate)
[...]
Memory Configuration

Name             Origin             Length             Attributes
*default*        0x0000000000000000 0xffffffffffffffff

Linker script and memory map

                0x0000000000000000                PROVIDE (__start__ = 0x0)
                0x0000000000000000                . = __start__

.crt0           0x0000000000000000      0x118
 *(.crt0)
 .crt0          0x0000000000000000      0x114 C:/devkitPro/libnx/lib\libnx.a(switch_crt0.o)
                0x0000000000000000                _start
                0x0000000000000104                __nx_exit
                0x0000000000000118                . = ALIGN (0x8)
 *fill*         0x0000000000000114        0x4 

.init           0x0000000000000118       0x38
 *(.init)
 .init          0x0000000000000118       0x18 c:/devkitpro/devkita64/bin/../lib/gcc/aarch64-none-elf/8.1.0/pic/crti.o
                0x0000000000000118                _init
 .init          0x0000000000000130       0x1c c:/devkitpro/devkita64/bin/../lib/gcc/aarch64-none-elf/8.1.0/pic/crtn.o
                0x0000000000000150                . = ALIGN (0x8)
 *fill*         0x000000000000014c        0x4 

.plt            0x0000000000000150        0x0
 *(.plt)
 .plt           0x0000000000000150        0x0 c:/devkitpro/devkita64/bin/../lib/gcc/aarch64-none-elf/8.1.0/pic/crti.o
 *(.iplt)
                0x0000000000000150                . = ALIGN (0x8)

.text           0x0000000000000180    0x23368
 *(.text.unlikely .text.*_unlikely .text.unlikely.*)
 *(.text.exit .text.exit.*)
 *(.text.startup .text.startup.*)
 .text.startup.main
                0x0000000000000180       0x8c main.o
                0x0000000000000180                main
 *(.text.hot .text.hot.*)
 *(.text .stub .text.* .gnu.linkonce.t.*)
 *fill*         0x000000000000020c        0x4 
 .text.deregister_tm_clones
                0x0000000000000210       0x2c c:/devkitpro/devkita64/bin/../lib/gcc/aarch64-none-elf/8.1.0/pic/crtbegin.o
 *fill*         0x000000000000023c        0x4 
 .text.register_tm_clones
                0x0000000000000240       0x38 c:/devkitpro/devkita64/bin/../lib/gcc/aarch64-none-elf/8.1.0/pic/crtbegin.o
 .text.__do_global_dtors_aux
                0x0000000000000278       0x48 c:/devkitpro/devkita64/bin/../lib/gcc/aarch64-none-elf/8.1.0/pic/crtbegin.o
 .text.frame_dummy
                0x00000000000002c0       0x34 c:/devkitpro/devkita64/bin/../lib/gcc/aarch64-none-elf/8.1.0/pic/crtbegin.o
 *fill*         0x00000000000002f4        0xc 
 .text.consoleDrawChar
                0x0000000000000300      0x294 C:/devkitPro/libnx/lib\libnx.a(console.o)
                0x0000000000000300                consoleDrawChar
 *fill*         0x0000000000000594        0xc 
 .text.consolePrintChar
                0x00000000000005a0      0x164 C:/devkitPro/libnx/lib\libnx.a(console.o)
                0x00000000000005a0                consolePrintChar
 *fill*         0x0000000000000704        0xc 
 .text.consoleClearLine
                0x0000000000000710      0x170 C:/devkitPro/libnx/lib\libnx.a(console.o)
 .text.newRow   0x0000000000000880      0x1c4 C:/devkitPro/libnx/lib\libnx.a(console.o)
 *fill*         0x0000000000000a44        0xc 
 .text.consoleCls
                0x0000000000000a50      0x18c C:/devkitPro/libnx/lib\libnx.a(console.o)
 *fill*         0x0000000000000bdc        0x4 
 .text.consoleInit
                0x0000000000000be0       0xf8 C:/devkitPro/libnx/lib\libnx.a(console.o)
                0x0000000000000be0                consoleInit
 *fill*         0x0000000000000cd8        0x8 
 .text.con_write
                0x0000000000000ce0      0x854 C:/devkitPro/libnx/lib\libnx.a(console.o)
 *fill*         0x0000000000001534        0xc 
 .text.ipcCloseObjectById
                0x0000000000001540       0x34 C:/devkitPro/libnx/lib\libnx.a(applet.o)
 *fill*         0x0000000000001574        0xc 
 .text._appletGetHandle
                0x0000000000001580      0x124 C:/devkitPro/libnx/lib\libnx.a(applet.o)
 *fill*         0x00000000000016a4        0xc 
 .text._appletGetOperationMode.constprop.13
                0x00000000000016b0       0xe0 C:/devkitPro/libnx/lib\libnx.a(applet.o)
 .text._appletGetCurrentFocusState.constprop.15
                0x0000000000001790       0xe0 C:/devkitPro/libnx/lib\libnx.a(applet.o)
 .text._appletReceiveMessage
                0x0000000000001870       0xec C:/devkitPro/libnx/lib\libnx.a(applet.o)
 *fill*         0x000000000000195c        0x4 
 .text._appletGetPerformanceMode.constprop.14
                0x0000000000001960       0xe0 C:/devkitPro/libnx/lib\libnx.a(applet.o)
 .text._appletAcquireForegroundRights
                0x0000000000001a40       0xcc C:/devkitPro/libnx/lib\libnx.a(applet.o)
 *fill*         0x0000000000001b0c        0x4 
 .text._appletSetOperationModeChangedNotification.constprop.16
                0x0000000000001b10       0xd4 C:/devkitPro/libnx/lib\libnx.a(applet.o)
 *fill*         0x0000000000001be4        0xc 
 .text._appletSetPerformanceModeChangedNotification.constprop.17
                0x0000000000001bf0       0xd4 C:/devkitPro/libnx/lib\libnx.a(applet.o)
 *fill*         0x0000000000001cc4        0xc 
 .text._appletSetOutOfFocusSuspendingEnabled
                0x0000000000001cd0       0xd0 C:/devkitPro/libnx/lib\libnx.a(applet.o)
 .text._appletSetFocusHandlingMode
                0x0000000000001da0       0xd8 C:/devkitPro/libnx/lib\libnx.a(applet.o)
 *fill*         0x0000000000001e78        0x8 
 .text._appletGetAppletResourceUserId.constprop.11
                0x0000000000001e80       0xe0 C:/devkitPro/libnx/lib\libnx.a(applet.o)
 .text._appletGetSessionProxy.constprop.10
                0x0000000000001f60      0x13c C:/devkitPro/libnx/lib\libnx.a(applet.o)
 *fill*         0x000000000000209c        0x4 
 .text.appletExit
                0x00000000000020a0      0x48c C:/devkitPro/libnx/lib\libnx.a(applet.o)
                0x00000000000020a0                appletExit
 *fill*         0x000000000000252c        0x4 
 .text.appletHook
                0x0000000000002530       0x28 C:/devkitPro/libnx/lib\libnx.a(applet.o)
                0x0000000000002530                appletHook
 *fill*         0x0000000000002558        0x8 
 .text.appletUnhook
                0x0000000000002560       0x34 C:/devkitPro/libnx/lib\libnx.a(applet.o)
                0x0000000000002560                appletUnhook
 *fill*         0x0000000000002594        0xc 
 .text.appletGetAppletResourceUserId
                0x00000000000025a0       0x28 C:/devkitPro/libnx/lib\libnx.a(applet.o)
                0x00000000000025a0                appletGetAppletResourceUserId
 *fill*         0x00000000000025c8        0x8 
 .text.appletNotifyRunning
                0x00000000000025d0      0x120 C:/devkitPro/libnx/lib\libnx.a(applet.o)
                0x00000000000025d0                appletNotifyRunning
 .text.appletInitialize
                0x00000000000026f0      0x4dc C:/devkitPro/libnx/lib\libnx.a(applet.o)
                0x00000000000026f0                appletInitialize
 *fill*         0x0000000000002bcc        0x4 
 .text.appletCreateManagedDisplayLayer
                0x0000000000002bd0       0xec C:/devkitPro/libnx/lib\libnx.a(applet.o)
                0x0000000000002bd0                appletCreateManagedDisplayLayer
 *fill*         0x0000000000002cbc        0x4 
 .text.appletGetOperationMode
                0x0000000000002cc0        0xc C:/devkitPro/libnx/lib\libnx.a(applet.o)
                0x0000000000002cc0                appletGetOperationMode
 *fill*         0x0000000000002ccc        0x4 
 .text.appletMainLoop
                0x0000000000002cd0      0x144 C:/devkitPro/libnx/lib\libnx.a(applet.o)
                0x0000000000002cd0                appletMainLoop
 *fill*         0x0000000000002e14        0xc 
 .text.ipcCloseObjectById
                0x0000000000002e20       0x34 C:/devkitPro/libnx/lib\libnx.a(hid.o)
 *fill*         0x0000000000002e54        0xc 
 .text._hidGetSharedMemoryHandle.constprop.8
                0x0000000000002e60      0x124 C:/devkitPro/libnx/lib\libnx.a(hid.o)
 *fill*         0x0000000000002f84        0xc 
 .text._hidCreateAppletResource.constprop.7
                0x0000000000002f90      0x134 C:/devkitPro/libnx/lib\libnx.a(hid.o)
 *fill*         0x00000000000030c4        0xc 
 .text.hidReset
                0x00000000000030d0      0x1b0 C:/devkitPro/libnx/lib\libnx.a(hid.o)
                0x00000000000030d0                hidReset
 .text.hidGetSharedmemAddr
                0x0000000000003280        0xc C:/devkitPro/libnx/lib\libnx.a(hid.o)
                0x0000000000003280                hidGetSharedmemAddr
 *fill*         0x000000000000328c        0x4 
 .text.hidKeysDown
                0x0000000000003290       0x6c C:/devkitPro/libnx/lib\libnx.a(hid.o)
                0x0000000000003290                hidKeysDown
 *fill*         0x00000000000032fc        0x4 
 .text.hidTouchCount
                0x0000000000003300        0xc C:/devkitPro/libnx/lib\libnx.a(hid.o)
                0x0000000000003300                hidTouchCount
 *fill*         0x000000000000330c        0x4 
 .text.hidScanInput
                0x0000000000003310      0x49c C:/devkitPro/libnx/lib\libnx.a(hid.o)
                0x0000000000003310                hidScanInput
 *fill*         0x00000000000037ac        0x4 
 .text.hidSetNpadJoyAssignmentModeDual
                0x00000000000037b0      0x108 C:/devkitPro/libnx/lib\libnx.a(hid.o)
                0x00000000000037b0                hidSetNpadJoyAssignmentModeDual
 *fill*         0x00000000000038b8        0x8 
 .text.hidExit  0x00000000000038c0      0x120 C:/devkitPro/libnx/lib\libnx.a(hid.o)
                0x00000000000038c0                hidExit
 .text.hidInitialize
                0x00000000000039e0       0xec C:/devkitPro/libnx/lib\libnx.a(hid.o)
                0x00000000000039e0                hidInitialize
 *fill*         0x0000000000003acc        0x4 
 .text.smAddOverrideHandle
                0x0000000000003ad0       0x44 C:/devkitPro/libnx/lib\libnx.a(sm.o)
                0x0000000000003ad0                smAddOverrideHandle
 *fill*         0x0000000000003b14        0xc 
 .text.smGetServiceOverride
                0x0000000000003b20       0x60 C:/devkitPro/libnx/lib\libnx.a(sm.o)
                0x0000000000003b20                smGetServiceOverride
 .text.smHasInitialized
                0x0000000000003b80       0x14 C:/devkitPro/libnx/lib\libnx.a(sm.o)
                0x0000000000003b80                smHasInitialized
 *fill*         0x0000000000003b94        0xc 
 .text.smExit   0x0000000000003ba0       0x48 C:/devkitPro/libnx/lib\libnx.a(sm.o)
                0x0000000000003ba0                smExit
 *fill*         0x0000000000003be8        0x8 
 .text.smEncodeName
                0x0000000000003bf0       0x38 C:/devkitPro/libnx/lib\libnx.a(sm.o)
                0x0000000000003bf0                smEncodeName
 *fill*         0x0000000000003c28        0x8 
 .text.smGetServiceOriginal
                0x0000000000003c30      0x12c C:/devkitPro/libnx/lib\libnx.a(sm.o)
                0x0000000000003c30                smGetServiceOriginal
 *fill*         0x0000000000003d5c        0x4 
 .text.smInitialize
                0x0000000000003d60      0x158 C:/devkitPro/libnx/lib\libnx.a(sm.o)
                0x0000000000003d60                smInitialize
 *fill*         0x0000000000003eb8        0x8 
 .text.smGetService
                0x0000000000003ec0       0x74 C:/devkitPro/libnx/lib\libnx.a(sm.o)
                0x0000000000003ec0                smGetService
 *fill*         0x0000000000003f34        0xc 
 .text.ipcCloseObjectById
                0x0000000000003f40       0x34 C:/devkitPro/libnx/lib\libnx.a(apm.o)
 *fill*         0x0000000000003f74        0xc 
 .text._apmGetSession.constprop.4
                0x0000000000003f80      0x124 C:/devkitPro/libnx/lib\libnx.a(apm.o)
 *fill*         0x00000000000040a4        0xc 
 .text.apmExit  0x00000000000040b0       0xf0 C:/devkitPro/libnx/lib\libnx.a(apm.o)
                0x00000000000040b0                apmExit
 .text.apmInitialize
                0x00000000000041a0       0x8c C:/devkitPro/libnx/lib\libnx.a(apm.o)
                0x00000000000041a0                apmInitialize
 *fill*         0x000000000000422c        0x4 
 .text.apmSetPerformanceConfiguration
                0x0000000000004230       0xcc C:/devkitPro/libnx/lib\libnx.a(apm.o)
                0x0000000000004230                apmSetPerformanceConfiguration
 *fill*         0x00000000000042fc        0x4 
 .text.fatalSimple
                0x0000000000004300       0xc0 C:/devkitPro/libnx/lib\libnx.a(fatal.o)
                0x0000000000004300                fatalSimple
 .text._gfxDequeueBuffer.part.0
                0x00000000000043c0       0xc8 C:/devkitPro/libnx/lib\libnx.a(gfx.o)
 *fill*         0x0000000000004488        0x8 
 .text._gfxQueueBuffer.part.1
                0x0000000000004490       0x38 C:/devkitPro/libnx/lib\libnx.a(gfx.o)
 *fill*         0x00000000000044c8        0x8 
 .text.gfxConfigureCrop
                0x00000000000044d0       0xe8 C:/devkitPro/libnx/lib\libnx.a(gfx.o)
                0x00000000000044d0                gfxConfigureCrop
 *fill*         0x00000000000045b8        0x8 
 .text.gfxConfigureResolution
                0x00000000000045c0       0x14 C:/devkitPro/libnx/lib\libnx.a(gfx.o)
                0x00000000000045c0                gfxConfigureResolution
 *fill*         0x00000000000045d4        0xc 
 .text._gfxAutoResolutionAppletHook
                0x00000000000045e0       0x60 C:/devkitPro/libnx/lib\libnx.a(gfx.o)
 .text.gfxConfigureAutoResolution
                0x0000000000004640      0x11c C:/devkitPro/libnx/lib\libnx.a(gfx.o)
                0x0000000000004640                gfxConfigureAutoResolution
 *fill*         0x000000000000475c        0x4 
 .text.gfxExit  0x0000000000004760      0x178 C:/devkitPro/libnx/lib\libnx.a(gfx.o)
                0x0000000000004760                gfxExit
 *fill*         0x00000000000048d8        0x8 
 .text._gfxGraphicBufferInit
                0x00000000000048e0       0x54 C:/devkitPro/libnx/lib\libnx.a(gfx.o)
                0x00000000000048e0                _gfxGraphicBufferInit
 *fill*         0x0000000000004934        0xc 
 .text.gfxWaitForVsync
                0x0000000000004940       0x80 C:/devkitPro/libnx/lib\libnx.a(gfx.o)
                0x0000000000004940                gfxWaitForVsync
 .text.gfxInitDefault
                0x00000000000049c0      0x588 C:/devkitPro/libnx/lib\libnx.a(gfx.o)
                0x00000000000049c0                gfxInitDefault
 *fill*         0x0000000000004f48        0x8 
 .text.gfxSwapBuffers
                0x0000000000004f50       0x5c C:/devkitPro/libnx/lib\libnx.a(gfx.o)
                0x0000000000004f50                gfxSwapBuffers
 *fill*         0x0000000000004fac        0x4 
 .text.gfxGetFramebuffer
                0x0000000000004fb0       0x68 C:/devkitPro/libnx/lib\libnx.a(gfx.o)
                0x0000000000004fb0                gfxGetFramebuffer
 *fill*         0x0000000000005018        0x8 
 .text.gfxSetMode
                0x0000000000005020        0xc C:/devkitPro/libnx/lib\libnx.a(gfx.o)
                0x0000000000005020                gfxSetMode
 *fill*         0x000000000000502c        0x4 
 .text.gfxFlushBuffers
                0x0000000000005030      0x144 C:/devkitPro/libnx/lib\libnx.a(gfx.o)
                0x0000000000005030                gfxFlushBuffers
 *fill*         0x0000000000005174        0xc 
 .text.nvmapobjClose
                0x0000000000005180       0x3c C:/devkitPro/libnx/lib\libnx.a(nvgfx.o)
 *fill*         0x00000000000051bc        0x4 
 .text.nvmapobjInitialize.part.0
                0x00000000000051c0       0x6c C:/devkitPro/libnx/lib\libnx.a(nvgfx.o)
 *fill*         0x000000000000522c        0x4 
 .text.nvmapobjSetup.constprop.2
                0x0000000000005230       0x70 C:/devkitPro/libnx/lib\libnx.a(nvgfx.o)
 .text.nvgfxInitialize
                0x00000000000052a0      0xbd8 C:/devkitPro/libnx/lib\libnx.a(nvgfx.o)
                0x00000000000052a0                nvgfxInitialize
 *fill*         0x0000000000005e78        0x8 
 .text.nvgfxExit
                0x0000000000005e80      0x128 C:/devkitPro/libnx/lib\libnx.a(nvgfx.o)
                0x0000000000005e80                nvgfxExit
 *fill*         0x0000000000005fa8        0x8 
 .text.nvgfxEventWait
                0x0000000000005fb0       0x68 C:/devkitPro/libnx/lib\libnx.a(nvgfx.o)
                0x0000000000005fb0                nvgfxEventWait
 *fill*         0x0000000000006018        0x8 
 .text.nvgfxGetFramebuffer
                0x0000000000006020       0x3c C:/devkitPro/libnx/lib\libnx.a(nvgfx.o)
                0x0000000000006020                nvgfxGetFramebuffer
 *fill*         0x000000000000605c        0x4 
 .text.nvioctlChannel_SetNvmapFd
                0x0000000000006060       0x24 C:/devkitPro/libnx/lib\libnx.a(channel.o)
                0x0000000000006060                nvioctlChannel_SetNvmapFd
 *fill*         0x0000000000006084        0xc 
 .text.nvioctlChannel_AllocObjCtx
                0x0000000000006090       0x30 C:/devkitPro/libnx/lib\libnx.a(channel.o)
                0x0000000000006090                nvioctlChannel_AllocObjCtx
 .text.nvioctlChannel_ZCullBind
                0x00000000000060c0       0x28 C:/devkitPro/libnx/lib\libnx.a(channel.o)
                0x00000000000060c0                nvioctlChannel_ZCullBind
 *fill*         0x00000000000060e8        0x8 
 .text.nvioctlChannel_SetErrorNotifier
                0x00000000000060f0       0x28 C:/devkitPro/libnx/lib\libnx.a(channel.o)
                0x00000000000060f0                nvioctlChannel_SetErrorNotifier
 *fill*         0x0000000000006118        0x8 
 .text.nvioctlChannel_SetPriority
                0x0000000000006120       0x24 C:/devkitPro/libnx/lib\libnx.a(channel.o)
                0x0000000000006120                nvioctlChannel_SetPriority
 *fill*         0x0000000000006144        0xc 
 .text.nvioctlChannel_AllocGpfifoEx2
                0x0000000000006150       0x54 C:/devkitPro/libnx/lib\libnx.a(channel.o)
                0x0000000000006150                nvioctlChannel_AllocGpfifoEx2
 *fill*         0x00000000000061a4        0xc 
 .text.nvioctlChannel_SetUserData
                0x00000000000061b0       0x24 C:/devkitPro/libnx/lib\libnx.a(channel.o)
                0x00000000000061b0                nvioctlChannel_SetUserData
 *fill*         0x00000000000061d4        0xc 
 .text.nvioctlNvhostCtrl_EventWait
                0x00000000000061e0       0x40 C:/devkitPro/libnx/lib\libnx.a(nvhost-ctrl.o)
                0x00000000000061e0                nvioctlNvhostCtrl_EventWait
 .text.nvioctlNvhostCtrlGpu_ZCullGetCtxSize
                0x0000000000006220       0x3c C:/devkitPro/libnx/lib\libnx.a(nvhost-ctrl-gpu.o)
                0x0000000000006220                nvioctlNvhostCtrlGpu_ZCullGetCtxSize
 *fill*         0x000000000000625c        0x4 
 .text.nvioctlNvhostCtrlGpu_ZCullGetInfo
                0x0000000000006260       0x60 C:/devkitPro/libnx/lib\libnx.a(nvhost-ctrl-gpu.o)
                0x0000000000006260                nvioctlNvhostCtrlGpu_ZCullGetInfo
 .text.nvioctlNvhostCtrlGpu_GetCharacteristics
                0x00000000000062c0       0x9c C:/devkitPro/libnx/lib\libnx.a(nvhost-ctrl-gpu.o)
                0x00000000000062c0                nvioctlNvhostCtrlGpu_GetCharacteristics
 *fill*         0x000000000000635c        0x4 
 .text.nvioctlNvhostCtrlGpu_GetTpcMasks
                0x0000000000006360       0x5c C:/devkitPro/libnx/lib\libnx.a(nvhost-ctrl-gpu.o)
                0x0000000000006360                nvioctlNvhostCtrlGpu_GetTpcMasks
 *fill*         0x00000000000063bc        0x4 
 .text.nvioctlNvhostCtrlGpu_GetL2State
                0x00000000000063c0       0x3c C:/devkitPro/libnx/lib\libnx.a(nvhost-ctrl-gpu.o)
                0x00000000000063c0                nvioctlNvhostCtrlGpu_GetL2State
 *fill*         0x00000000000063fc        0x4 
 .text.nvioctlNvhostAsGpu_BindChannel
                0x0000000000006400       0x24 C:/devkitPro/libnx/lib\libnx.a(nvhost-as-gpu.o)
                0x0000000000006400                nvioctlNvhostAsGpu_BindChannel
 *fill*         0x0000000000006424        0xc 
 .text.nvioctlNvhostAsGpu_AllocSpace
                0x0000000000006430       0x44 C:/devkitPro/libnx/lib\libnx.a(nvhost-as-gpu.o)
                0x0000000000006430                nvioctlNvhostAsGpu_AllocSpace
 *fill*         0x0000000000006474        0xc 
 .text.nvioctlNvhostAsGpu_MapBufferEx
                0x0000000000006480       0x50 C:/devkitPro/libnx/lib\libnx.a(nvhost-as-gpu.o)
                0x0000000000006480                nvioctlNvhostAsGpu_MapBufferEx
 .text.nvioctlNvhostAsGpu_GetVARegions
                0x00000000000064d0       0x70 C:/devkitPro/libnx/lib\libnx.a(nvhost-as-gpu.o)
                0x00000000000064d0                nvioctlNvhostAsGpu_GetVARegions
 .text.nvioctlNvhostAsGpu_InitializeEx
                0x0000000000006540       0x3c C:/devkitPro/libnx/lib\libnx.a(nvhost-as-gpu.o)
                0x0000000000006540                nvioctlNvhostAsGpu_InitializeEx
 *fill*         0x000000000000657c        0x4 
 .text.nvioctlNvmap_Create
                0x0000000000006580       0x3c C:/devkitPro/libnx/lib\libnx.a(nvmap.o)
                0x0000000000006580                nvioctlNvmap_Create
 *fill*         0x00000000000065bc        0x4 
 .text.nvioctlNvmap_FromId
                0x00000000000065c0       0x3c C:/devkitPro/libnx/lib\libnx.a(nvmap.o)
                0x00000000000065c0                nvioctlNvmap_FromId
 *fill*         0x00000000000065fc        0x4 
 .text.nvioctlNvmap_Alloc
                0x0000000000006600       0x30 C:/devkitPro/libnx/lib\libnx.a(nvmap.o)
                0x0000000000006600                nvioctlNvmap_Alloc
 .text.nvioctlNvmap_GetId
                0x0000000000006630       0x3c C:/devkitPro/libnx/lib\libnx.a(nvmap.o)
                0x0000000000006630                nvioctlNvmap_GetId
 .text.armDCacheFlush
                0x000000000000666c       0x3c C:/devkitPro/libnx/lib\libnx.a(cache.o)
                0x000000000000666c                armDCacheFlush
 .text.svcSetHeapSize
                0x00000000000066a8       0x14 C:/devkitPro/libnx/lib\libnx.a(svc.o)
                0x00000000000066a8                svcSetHeapSize
 .text.svcUnmapMemory
                0x00000000000066bc        0x8 C:/devkitPro/libnx/lib\libnx.a(svc.o)
                0x00000000000066bc                svcUnmapMemory
 .text.svcQueryMemory
                0x00000000000066c4       0x14 C:/devkitPro/libnx/lib\libnx.a(svc.o)
                0x00000000000066c4                svcQueryMemory
 .text.svcExitProcess
                0x00000000000066d8        0x8 C:/devkitPro/libnx/lib\libnx.a(svc.o)
                0x00000000000066d8                svcExitProcess
 .text.svcSleepThread
                0x00000000000066e0        0x8 C:/devkitPro/libnx/lib\libnx.a(svc.o)
                0x00000000000066e0                svcSleepThread
 .text.svcMapSharedMemory
                0x00000000000066e8        0x8 C:/devkitPro/libnx/lib\libnx.a(svc.o)
                0x00000000000066e8                svcMapSharedMemory
 .text.svcUnmapSharedMemory
                0x00000000000066f0        0x8 C:/devkitPro/libnx/lib\libnx.a(svc.o)
                0x00000000000066f0                svcUnmapSharedMemory
 .text.svcCreateTransferMemory
                0x00000000000066f8       0x14 C:/devkitPro/libnx/lib\libnx.a(svc.o)
                0x00000000000066f8                svcCreateTransferMemory
 .text.svcCloseHandle
                0x000000000000670c        0x8 C:/devkitPro/libnx/lib\libnx.a(svc.o)
                0x000000000000670c                svcCloseHandle
 .text.svcResetSignal
                0x0000000000006714        0x8 C:/devkitPro/libnx/lib\libnx.a(svc.o)
                0x0000000000006714                svcResetSignal
 .text.svcWaitSynchronization
                0x000000000000671c       0x14 C:/devkitPro/libnx/lib\libnx.a(svc.o)
                0x000000000000671c                svcWaitSynchronization
 .text.svcArbitrateLock
                0x0000000000006730        0x8 C:/devkitPro/libnx/lib\libnx.a(svc.o)
                0x0000000000006730                svcArbitrateLock
 .text.svcArbitrateUnlock
                0x0000000000006738        0x8 C:/devkitPro/libnx/lib\libnx.a(svc.o)
                0x0000000000006738                svcArbitrateUnlock
 .text.svcGetSystemTick
                0x0000000000006740        0x8 C:/devkitPro/libnx/lib\libnx.a(svc.o)
                0x0000000000006740                svcGetSystemTick
 .text.svcConnectToNamedPort
                0x0000000000006748       0x14 C:/devkitPro/libnx/lib\libnx.a(svc.o)
                0x0000000000006748                svcConnectToNamedPort
 .text.svcSendSyncRequest
                0x000000000000675c        0x8 C:/devkitPro/libnx/lib\libnx.a(svc.o)
                0x000000000000675c                svcSendSyncRequest
 .text.svcBreak
                0x0000000000006764        0x8 C:/devkitPro/libnx/lib\libnx.a(svc.o)
                0x0000000000006764                svcBreak
 .text.svcGetInfo
                0x000000000000676c       0x14 C:/devkitPro/libnx/lib\libnx.a(svc.o)
                0x000000000000676c                svcGetInfo
 .text.svcUnmapTransferMemory
                0x0000000000006780        0x8 C:/devkitPro/libnx/lib\libnx.a(svc.o)
                0x0000000000006780                svcUnmapTransferMemory
 *fill*         0x0000000000006788        0x8 
 .text.__nx_dynamic
                0x0000000000006790       0xa0 C:/devkitPro/libnx/lib\libnx.a(dynamic.o)
                0x0000000000006790                __nx_dynamic
 .text.__libnx_initheap
                0x0000000000006830       0xd8 C:/devkitPro/libnx/lib\libnx.a(init.o)
                0x0000000000006830                __libnx_initheap
 *fill*         0x0000000000006908        0x8 
 .text.__appInit
                0x0000000000006910       0x74 C:/devkitPro/libnx/lib\libnx.a(init.o)
                0x0000000000006910                __appInit
 *fill*         0x0000000000006984        0xc 
 .text.__appExit
                0x0000000000006990       0x24 C:/devkitPro/libnx/lib\libnx.a(init.o)
                0x0000000000006990                __appExit
 *fill*         0x00000000000069b4        0xc 
 .text.__libnx_init
                0x00000000000069c0       0x28 C:/devkitPro/libnx/lib\libnx.a(init.o)
                0x00000000000069c0                __libnx_init
 *fill*         0x00000000000069e8        0x8 
 .text.__libnx_exit
                0x00000000000069f0       0x20 C:/devkitPro/libnx/lib\libnx.a(init.o)
                0x00000000000069f0                __libnx_exit
 .text.envSetup
                0x0000000000006a10      0x1b0 C:/devkitPro/libnx/lib\libnx.a(env.o)
                0x0000000000006a10                envSetup
 .text.envGetMainThreadHandle
                0x0000000000006bc0       0x20 C:/devkitPro/libnx/lib\libnx.a(env.o)
                0x0000000000006bc0                envGetMainThreadHandle
 .text.envIsNso
                0x0000000000006be0        0xc C:/devkitPro/libnx/lib\libnx.a(env.o)
                0x0000000000006be0                envIsNso
 *fill*         0x0000000000006bec        0x4 
 .text.envHasHeapOverride
                0x0000000000006bf0       0x14 C:/devkitPro/libnx/lib\libnx.a(env.o)
                0x0000000000006bf0                envHasHeapOverride
 *fill*         0x0000000000006c04        0xc 
 .text.envGetHeapOverrideAddr
                0x0000000000006c10        0xc C:/devkitPro/libnx/lib\libnx.a(env.o)
                0x0000000000006c10                envGetHeapOverrideAddr
 *fill*         0x0000000000006c1c        0x4 
 .text.envGetHeapOverrideSize
                0x0000000000006c20        0xc C:/devkitPro/libnx/lib\libnx.a(env.o)
                0x0000000000006c20                envGetHeapOverrideSize
 *fill*         0x0000000000006c2c        0x4 
 .text.envHasArgv
                0x0000000000006c30       0x14 C:/devkitPro/libnx/lib\libnx.a(env.o)
                0x0000000000006c30                envHasArgv
 *fill*         0x0000000000006c44        0xc 
 .text.envGetArgv
                0x0000000000006c50        0xc C:/devkitPro/libnx/lib\libnx.a(env.o)
                0x0000000000006c50                envGetArgv
 *fill*         0x0000000000006c5c        0x4 
 .text.envGetExitFuncPtr
                0x0000000000006c60        0xc C:/devkitPro/libnx/lib\libnx.a(env.o)
                0x0000000000006c60                envGetExitFuncPtr
 *fill*         0x0000000000006c6c        0x4 
 .text.mutexInit
                0x0000000000006c70        0x8 C:/devkitPro/libnx/lib\libnx.a(newlib.o)
 *fill*         0x0000000000006c78        0x8 
 .text.rmutexInit
                0x0000000000006c80        0xc C:/devkitPro/libnx/lib\libnx.a(newlib.o)
 *fill*         0x0000000000006c8c        0x4 
 .text.__libnx_gtod
                0x0000000000006c90       0x80 C:/devkitPro/libnx/lib\libnx.a(newlib.o)
                0x0000000000006c90                __libnx_gtod
 .text.__libnx_get_reent
                0x0000000000006d10       0x34 C:/devkitPro/libnx/lib\libnx.a(newlib.o)
 *fill*         0x0000000000006d44        0xc 
 .text.newlibSetup
                0x0000000000006d50       0xec C:/devkitPro/libnx/lib\libnx.a(newlib.o)
                0x0000000000006d50                newlibSetup
 *fill*         0x0000000000006e3c        0x4 
 .text.argvSetup
                0x0000000000006e40      0x368 C:/devkitPro/libnx/lib\libnx.a(argv.o)
                0x0000000000006e40                argvSetup
 *fill*         0x00000000000071a8        0x8 
 .text._CacheValues
                0x00000000000071b0      0x140 C:/devkitPro/libnx/lib\libnx.a(detect.o)
 .text.kernelAbove200
                0x00000000000072f0       0x1c C:/devkitPro/libnx/lib\libnx.a(detect.o)
                0x00000000000072f0                kernelAbove200
 *fill*         0x000000000000730c        0x4 
 .text.kernelAbove300
                0x0000000000007310       0x1c C:/devkitPro/libnx/lib\libnx.a(detect.o)
                0x0000000000007310                kernelAbove300
 *fill*         0x000000000000732c        0x4 
 .text.detectDebugger
                0x0000000000007330       0x30 C:/devkitPro/libnx/lib\libnx.a(detect.o)
                0x0000000000007330                detectDebugger
 .text.shmemLoadRemote
                0x0000000000007360       0x14 C:/devkitPro/libnx/lib\libnx.a(shmem.o)
                0x0000000000007360                shmemLoadRemote
 *fill*         0x0000000000007374        0xc 
 .text.shmemMap
                0x0000000000007380       0x84 C:/devkitPro/libnx/lib\libnx.a(shmem.o)
                0x0000000000007380                shmemMap
 *fill*         0x0000000000007404        0xc 
 .text.shmemUnmap
                0x0000000000007410       0x58 C:/devkitPro/libnx/lib\libnx.a(shmem.o)
                0x0000000000007410                shmemUnmap
 *fill*         0x0000000000007468        0x8 
 .text.shmemClose
                0x0000000000007470       0x44 C:/devkitPro/libnx/lib\libnx.a(shmem.o)
                0x0000000000007470                shmemClose
 *fill*         0x00000000000074b4        0xc 
 .text.rwlockReadLock
                0x00000000000074c0       0x4c C:/devkitPro/libnx/lib\libnx.a(rwlock.o)
                0x00000000000074c0                rwlockReadLock
 *fill*         0x000000000000750c        0x4 
 .text.rwlockReadUnlock
                0x0000000000007510       0x4c C:/devkitPro/libnx/lib\libnx.a(rwlock.o)
                0x0000000000007510                rwlockReadUnlock
 *fill*         0x000000000000755c        0x4 
 .text.rwlockWriteLock
                0x0000000000007560        0x8 C:/devkitPro/libnx/lib\libnx.a(rwlock.o)
                0x0000000000007560                rwlockWriteLock
 *fill*         0x0000000000007568        0x8 
 .text.rwlockWriteUnlock
                0x0000000000007570        0x8 C:/devkitPro/libnx/lib\libnx.a(rwlock.o)
                0x0000000000007570                rwlockWriteUnlock
 *fill*         0x0000000000007578        0x8 
 .text.mutexLock
                0x0000000000007580       0x94 C:/devkitPro/libnx/lib\libnx.a(mutex.o)
                0x0000000000007580                mutexLock
 *fill*         0x0000000000007614        0xc 
 .text.mutexUnlock
                0x0000000000007620       0x24 C:/devkitPro/libnx/lib\libnx.a(mutex.o)
                0x0000000000007620                mutexUnlock
 *fill*         0x0000000000007644        0xc 
 .text.rmutexLock
                0x0000000000007650       0x4c C:/devkitPro/libnx/lib\libnx.a(mutex.o)
                0x0000000000007650                rmutexLock
 *fill*         0x000000000000769c        0x4 
 .text.rmutexUnlock
                0x00000000000076a0       0x1c C:/devkitPro/libnx/lib\libnx.a(mutex.o)
                0x00000000000076a0                rmutexUnlock
 *fill*         0x00000000000076bc        0x4 
 .text._GetRegionFromInfo.isra.1
                0x00000000000076c0       0x7c C:/devkitPro/libnx/lib\libnx.a(virtmem.o)
 *fill*         0x000000000000773c        0x4 
 .text.virtmemSetup
                0x0000000000007740       0xe4 C:/devkitPro/libnx/lib\libnx.a(virtmem.o)
                0x0000000000007740                virtmemSetup
 *fill*         0x0000000000007824        0xc 
 .text.virtmemReserve
                0x0000000000007830      0x13c C:/devkitPro/libnx/lib\libnx.a(virtmem.o)
                0x0000000000007830                virtmemReserve
 *fill*         0x000000000000796c        0x4 
 .text.virtmemFree
                0x0000000000007970        0x4 C:/devkitPro/libnx/lib\libnx.a(virtmem.o)
                0x0000000000007970                virtmemFree
 *fill*         0x0000000000007974        0xc 
 .text.fsdev_link
                0x0000000000007980       0x10 C:/devkitPro/libnx/lib\libnx.a(fs_dev.o)
 .text.fsdev_dirreset
                0x0000000000007990       0x10 C:/devkitPro/libnx/lib\libnx.a(fs_dev.o)
 .text.fsdev_chmod
                0x00000000000079a0       0x10 C:/devkitPro/libnx/lib\libnx.a(fs_dev.o)
 .text.error_cmp
                0x00000000000079b0       0x1c C:/devkitPro/libnx/lib\libnx.a(fs_dev.o)
 *fill*         0x00000000000079cc        0x4 
 .text.fsdev_translate_error
                0x00000000000079d0       0x58 C:/devkitPro/libnx/lib\libnx.a(fs_dev.o)
 *fill*         0x0000000000007a28        0x8 
 .text.fsdev_fsync
                0x0000000000007a30       0x40 C:/devkitPro/libnx/lib\libnx.a(fs_dev.o)
 .text.fsdev_ftruncate
                0x0000000000007a70       0x60 C:/devkitPro/libnx/lib\libnx.a(fs_dev.o)
 .text.fsdev_dirclose
                0x0000000000007ad0       0x20 C:/devkitPro/libnx/lib\libnx.a(fs_dev.o)
 .text.fsdev_dirnext
                0x0000000000007af0      0x16c C:/devkitPro/libnx/lib\libnx.a(fs_dev.o)
 *fill*         0x0000000000007c5c        0x4 
 .text.fsdev_close
                0x0000000000007c60       0x1c C:/devkitPro/libnx/lib\libnx.a(fs_dev.o)
 *fill*         0x0000000000007c7c        0x4 
 .text.fsdev_fstat
                0x0000000000007c80       0x80 C:/devkitPro/libnx/lib\libnx.a(fs_dev.o)
 .text.fsdev_seek
                0x0000000000007d00       0xb0 C:/devkitPro/libnx/lib\libnx.a(fs_dev.o)
 .text.fsdev_read
                0x0000000000007db0      0x198 C:/devkitPro/libnx/lib\libnx.a(fs_dev.o)
 *fill*         0x0000000000007f48        0x8 
 .text.fsdev_write
                0x0000000000007f50      0x1a0 C:/devkitPro/libnx/lib\libnx.a(fs_dev.o)
 .text.fsdevFindDevice
                0x00000000000080f0      0x118 C:/devkitPro/libnx/lib\libnx.a(fs_dev.o)
 *fill*         0x0000000000008208        0x8 
 .text._fsdevMountDevice
                0x0000000000008210      0x168 C:/devkitPro/libnx/lib\libnx.a(fs_dev.o)
 *fill*         0x0000000000008378        0x8 
 .text.fsdev_getfspath
                0x0000000000008380      0x1fc C:/devkitPro/libnx/lib\libnx.a(fs_dev.o)
 *fill*         0x000000000000857c        0x4 
 .text.fsdev_rmdir
                0x0000000000008580       0x70 C:/devkitPro/libnx/lib\libnx.a(fs_dev.o)
 .text.fsdev_statvfs
                0x00000000000085f0       0xd4 C:/devkitPro/libnx/lib\libnx.a(fs_dev.o)
 *fill*         0x00000000000086c4        0xc 
 .text.fsdev_diropen
                0x00000000000086d0       0xec C:/devkitPro/libnx/lib\libnx.a(fs_dev.o)
 *fill*         0x00000000000087bc        0x4 
 .text.fsdev_mkdir
                0x00000000000087c0       0x70 C:/devkitPro/libnx/lib\libnx.a(fs_dev.o)
 .text.fsdev_rename
                0x0000000000008830      0x114 C:/devkitPro/libnx/lib\libnx.a(fs_dev.o)
 *fill*         0x0000000000008944        0xc 
 .text.fsdev_chdir
                0x0000000000008950       0xc4 C:/devkitPro/libnx/lib\libnx.a(fs_dev.o)
 *fill*         0x0000000000008a14        0xc 
 .text.fsdev_unlink
                0x0000000000008a20       0x70 C:/devkitPro/libnx/lib\libnx.a(fs_dev.o)
 .text.fsdev_stat
                0x0000000000008a90      0x168 C:/devkitPro/libnx/lib\libnx.a(fs_dev.o)
 *fill*         0x0000000000008bf8        0x8 
 .text.fsdev_open
                0x0000000000008c00      0x180 C:/devkitPro/libnx/lib\libnx.a(fs_dev.o)
 .text._fsdevUnmountDeviceStruct.part.4
                0x0000000000008d80       0xb8 C:/devkitPro/libnx/lib\libnx.a(fs_dev.o)
 *fill*         0x0000000000008e38        0x8 
 .text.fsdev_fchmod
                0x0000000000008e40       0x10 C:/devkitPro/libnx/lib\libnx.a(fs_dev.o)
 .text.fsdevMountSdmc
                0x0000000000008e50      0x158 C:/devkitPro/libnx/lib\libnx.a(fs_dev.o)
                0x0000000000008e50                fsdevMountSdmc
 *fill*         0x0000000000008fa8        0x8 
 .text.fsdevUnmountAll
                0x0000000000008fb0       0x64 C:/devkitPro/libnx/lib\libnx.a(fs_dev.o)
                0x0000000000008fb0                fsdevUnmountAll
 *fill*         0x0000000000009014        0xc 
 .text.ipcCloseObjectById
                0x0000000000009020       0x34 C:/devkitPro/libnx/lib\libnx.a(time.o)
 *fill*         0x0000000000009054        0xc 
 .text._timeGetSession
                0x0000000000009060      0x12c C:/devkitPro/libnx/lib\libnx.a(time.o)
 *fill*         0x000000000000918c        0x4 
 .text.timeExit
                0x0000000000009190      0x1ec C:/devkitPro/libnx/lib\libnx.a(time.o)
                0x0000000000009190                timeExit
 *fill*         0x000000000000937c        0x4 
 .text.timeInitialize
                0x0000000000009380       0xd8 C:/devkitPro/libnx/lib\libnx.a(time.o)
                0x0000000000009380                timeInitialize
 *fill*         0x0000000000009458        0x8 
 .text.timeGetCurrentTime
                0x0000000000009460      0x124 C:/devkitPro/libnx/lib\libnx.a(time.o)
                0x0000000000009460                timeGetCurrentTime
 *fill*         0x0000000000009584        0xc 
 .text.ipcCloseObjectById
                0x0000000000009590       0x34 C:/devkitPro/libnx/lib\libnx.a(vi.o)
 *fill*         0x00000000000095c4        0xc 
 .text._viCreatestray_layer.isra.4
                0x00000000000095d0      0x130 C:/devkitPro/libnx/lib\libnx.a(vi.o)
 .text._viGetSession.constprop.6
                0x0000000000009700      0x134 C:/devkitPro/libnx/lib\libnx.a(vi.o)
 *fill*         0x0000000000009834        0xc 
 .text._viOpenLayer
                0x0000000000009840      0x140 C:/devkitPro/libnx/lib\libnx.a(vi.o)
 .text.viExit   0x0000000000009980      0x1d8 C:/devkitPro/libnx/lib\libnx.a(vi.o)
                0x0000000000009980                viExit
 *fill*         0x0000000000009b58        0x8 
 .text.viInitialize
                0x0000000000009b60      0x26c C:/devkitPro/libnx/lib\libnx.a(vi.o)
                0x0000000000009b60                viInitialize
 *fill*         0x0000000000009dcc        0x4 
 .text.viGetSession_IHOSBinderDriverRelay
                0x0000000000009dd0        0xc C:/devkitPro/libnx/lib\libnx.a(vi.o)
                0x0000000000009dd0                viGetSession_IHOSBinderDriverRelay
 *fill*         0x0000000000009ddc        0x4 
 .text.viOpenDisplay
                0x0000000000009de0      0x140 C:/devkitPro/libnx/lib\libnx.a(vi.o)
                0x0000000000009de0                viOpenDisplay
 .text.viCloseDisplay
                0x0000000000009f20       0xf0 C:/devkitPro/libnx/lib\libnx.a(vi.o)
                0x0000000000009f20                viCloseDisplay
 .text.viOpenLayer
                0x000000000000a010       0xd0 C:/devkitPro/libnx/lib\libnx.a(vi.o)
                0x000000000000a010                viOpenLayer
 .text.viCloseLayer
                0x000000000000a0e0      0x100 C:/devkitPro/libnx/lib\libnx.a(vi.o)
                0x000000000000a0e0                viCloseLayer
 .text.viSetLayerScalingMode
                0x000000000000a1e0       0xe8 C:/devkitPro/libnx/lib\libnx.a(vi.o)
                0x000000000000a1e0                viSetLayerScalingMode
 *fill*         0x000000000000a2c8        0x8 
 .text.viGetDisplayVsyncEvent
                0x000000000000a2d0      0x12c C:/devkitPro/libnx/lib\libnx.a(vi.o)
                0x000000000000a2d0                viGetDisplayVsyncEvent
 *fill*         0x000000000000a3fc        0x4 
 .text.ipcCloseObjectById
                0x000000000000a400       0x34 C:/devkitPro/libnx/lib\libnx.a(nv.o)
 *fill*         0x000000000000a434        0xc 
 .text.ipcQueryPointerBufferSize.constprop.6
                0x000000000000a440       0xc8 C:/devkitPro/libnx/lib\libnx.a(nv.o)
 *fill*         0x000000000000a508        0x8 
 .text._nvSetClientPID
                0x000000000000a510       0xd8 C:/devkitPro/libnx/lib\libnx.a(nv.o)
 *fill*         0x000000000000a5e8        0x8 
 .text._nvInitialize.constprop.5
                0x000000000000a5f0       0xf0 C:/devkitPro/libnx/lib\libnx.a(nv.o)
 .text.nvExit   0x000000000000a6e0       0xa8 C:/devkitPro/libnx/lib\libnx.a(nv.o)
                0x000000000000a6e0                nvExit
 *fill*         0x000000000000a788        0x8 
 .text.nvInitialize
                0x000000000000a790      0x1a4 C:/devkitPro/libnx/lib\libnx.a(nv.o)
                0x000000000000a790                nvInitialize
 *fill*         0x000000000000a934        0xc 
 .text.nvConvertError
                0x000000000000a940      0x12c C:/devkitPro/libnx/lib\libnx.a(nv.o)
                0x000000000000a940                nvConvertError
 *fill*         0x000000000000aa6c        0x4 
 .text.nvOpen   0x000000000000aa70      0x12c C:/devkitPro/libnx/lib\libnx.a(nv.o)
                0x000000000000aa70                nvOpen
 *fill*         0x000000000000ab9c        0x4 
 .text.nvIoctl  0x000000000000aba0      0x218 C:/devkitPro/libnx/lib\libnx.a(nv.o)
                0x000000000000aba0                nvIoctl
 *fill*         0x000000000000adb8        0x8 
 .text.nvClose  0x000000000000adc0       0xdc C:/devkitPro/libnx/lib\libnx.a(nv.o)
                0x000000000000adc0                nvClose
 *fill*         0x000000000000ae9c        0x4 
 .text.nvQueryEvent
                0x000000000000aea0      0x13c C:/devkitPro/libnx/lib\libnx.a(nv.o)
                0x000000000000aea0                nvQueryEvent
 *fill*         0x000000000000afdc        0x4 
 .text.ipcCloseObjectById
                0x000000000000afe0       0x34 C:/devkitPro/libnx/lib\libnx.a(fs.o)
 *fill*         0x000000000000b014        0xc 
 .text.fsInitialize
                0x000000000000b020      0x124 C:/devkitPro/libnx/lib\libnx.a(fs.o)
                0x000000000000b020                fsInitialize
 *fill*         0x000000000000b144        0xc 
 .text.fsExit   0x000000000000b150       0x9c C:/devkitPro/libnx/lib\libnx.a(fs.o)
                0x000000000000b150                fsExit
 *fill*         0x000000000000b1ec        0x4 
 .text.fsMountSdcard
                0x000000000000b1f0      0x134 C:/devkitPro/libnx/lib\libnx.a(fs.o)
                0x000000000000b1f0                fsMountSdcard
 *fill*         0x000000000000b324        0xc 
 .text.fsFsCreateFile
                0x000000000000b330       0xf4 C:/devkitPro/libnx/lib\libnx.a(fs.o)
                0x000000000000b330                fsFsCreateFile
 *fill*         0x000000000000b424        0xc 
 .text.fsFsDeleteFile
                0x000000000000b430       0xf0 C:/devkitPro/libnx/lib\libnx.a(fs.o)
                0x000000000000b430                fsFsDeleteFile
 .text.fsFsCreateDirectory
                0x000000000000b520       0xf0 C:/devkitPro/libnx/lib\libnx.a(fs.o)
                0x000000000000b520                fsFsCreateDirectory
 .text.fsFsDeleteDirectory
                0x000000000000b610       0xf0 C:/devkitPro/libnx/lib\libnx.a(fs.o)
                0x000000000000b610                fsFsDeleteDirectory
 .text.fsFsRenameFile
                0x000000000000b700      0x11c C:/devkitPro/libnx/lib\libnx.a(fs.o)
                0x000000000000b700                fsFsRenameFile
 *fill*         0x000000000000b81c        0x4 
 .text.fsFsRenameDirectory
                0x000000000000b820      0x11c C:/devkitPro/libnx/lib\libnx.a(fs.o)
                0x000000000000b820                fsFsRenameDirectory
 *fill*         0x000000000000b93c        0x4 
 .text.fsFsGetEntryType
                0x000000000000b940      0x104 C:/devkitPro/libnx/lib\libnx.a(fs.o)
                0x000000000000b940                fsFsGetEntryType
 *fill*         0x000000000000ba44        0xc 
 .text.fsFsOpenFile
                0x000000000000ba50      0x154 C:/devkitPro/libnx/lib\libnx.a(fs.o)
                0x000000000000ba50                fsFsOpenFile
 *fill*         0x000000000000bba4        0xc 
 .text.fsFsOpenDirectory
                0x000000000000bbb0      0x14c C:/devkitPro/libnx/lib\libnx.a(fs.o)
                0x000000000000bbb0                fsFsOpenDirectory
 *fill*         0x000000000000bcfc        0x4 
 .text.fsFsGetFreeSpace
                0x000000000000bd00      0x104 C:/devkitPro/libnx/lib\libnx.a(fs.o)
                0x000000000000bd00                fsFsGetFreeSpace
 *fill*         0x000000000000be04        0xc 
 .text.fsFsGetTotalSpace
                0x000000000000be10      0x104 C:/devkitPro/libnx/lib\libnx.a(fs.o)
                0x000000000000be10                fsFsGetTotalSpace
 *fill*         0x000000000000bf14        0xc 
 .text.fsFsClose
                0x000000000000bf20       0x6c C:/devkitPro/libnx/lib\libnx.a(fs.o)
                0x000000000000bf20                fsFsClose
 *fill*         0x000000000000bf8c        0x4 
 .text.fsFileRead
                0x000000000000bf90      0x108 C:/devkitPro/libnx/lib\libnx.a(fs.o)
                0x000000000000bf90                fsFileRead
 *fill*         0x000000000000c098        0x8 
 .text.fsFileWrite
                0x000000000000c0a0       0xf8 C:/devkitPro/libnx/lib\libnx.a(fs.o)
                0x000000000000c0a0                fsFileWrite
 *fill*         0x000000000000c198        0x8 
 .text.fsFileFlush
                0x000000000000c1a0       0xc8 C:/devkitPro/libnx/lib\libnx.a(fs.o)
                0x000000000000c1a0                fsFileFlush
 *fill*         0x000000000000c268        0x8 
 .text.fsFileSetSize
                0x000000000000c270       0xc8 C:/devkitPro/libnx/lib\libnx.a(fs.o)
                0x000000000000c270                fsFileSetSize
 *fill*         0x000000000000c338        0x8 
 .text.fsFileGetSize
                0x000000000000c340       0xec C:/devkitPro/libnx/lib\libnx.a(fs.o)
                0x000000000000c340                fsFileGetSize
 *fill*         0x000000000000c42c        0x4 
 .text.fsFileClose
                0x000000000000c430       0x6c C:/devkitPro/libnx/lib\libnx.a(fs.o)
                0x000000000000c430                fsFileClose
 *fill*         0x000000000000c49c        0x4 
 .text.fsDirClose
                0x000000000000c4a0       0x6c C:/devkitPro/libnx/lib\libnx.a(fs.o)
                0x000000000000c4a0                fsDirClose
 *fill*         0x000000000000c50c        0x4 
 .text.fsDirRead
                0x000000000000c510      0x110 C:/devkitPro/libnx/lib\libnx.a(fs.o)
                0x000000000000c510                fsDirRead
 .text.bufferProducerInitialize
                0x000000000000c620       0x10 C:/devkitPro/libnx/lib\libnx.a(buffer_producer.o)
                0x000000000000c620                bufferProducerInitialize
 .text.bufferProducerExit
                0x000000000000c630        0xc C:/devkitPro/libnx/lib\libnx.a(buffer_producer.o)
                0x000000000000c630                bufferProducerExit
 *fill*         0x000000000000c63c        0x4 
 .text.bufferProducerRequestBuffer
                0x000000000000c640      0x11c C:/devkitPro/libnx/lib\libnx.a(buffer_producer.o)
                0x000000000000c640                bufferProducerRequestBuffer
 *fill*         0x000000000000c75c        0x4 
 .text.bufferProducerDequeueBuffer
                0x000000000000c760      0x198 C:/devkitPro/libnx/lib\libnx.a(buffer_producer.o)
                0x000000000000c760                bufferProducerDequeueBuffer
 *fill*         0x000000000000c8f8        0x8 
 .text.bufferProducerDetachBuffer
                0x000000000000c900       0x94 C:/devkitPro/libnx/lib\libnx.a(buffer_producer.o)
                0x000000000000c900                bufferProducerDetachBuffer
 *fill*         0x000000000000c994        0xc 
 .text.bufferProducerQueueBuffer
                0x000000000000c9a0      0x108 C:/devkitPro/libnx/lib\libnx.a(buffer_producer.o)
                0x000000000000c9a0                bufferProducerQueueBuffer
 *fill*         0x000000000000caa8        0x8 
 .text.bufferProducerQuery
                0x000000000000cab0       0xdc C:/devkitPro/libnx/lib\libnx.a(buffer_producer.o)
                0x000000000000cab0                bufferProducerQuery
 *fill*         0x000000000000cb8c        0x4 
 .text.bufferProducerConnect
                0x000000000000cb90      0x110 C:/devkitPro/libnx/lib\libnx.a(buffer_producer.o)
                0x000000000000cb90                bufferProducerConnect
 .text.bufferProducerDisconnect
                0x000000000000cca0       0x94 C:/devkitPro/libnx/lib\libnx.a(buffer_producer.o)
                0x000000000000cca0                bufferProducerDisconnect
 *fill*         0x000000000000cd34        0xc 
 .text.bufferProducerGraphicBufferInit
                0x000000000000cd40      0x100 C:/devkitPro/libnx/lib\libnx.a(buffer_producer.o)
                0x000000000000cd40                bufferProducerGraphicBufferInit
 .text._binderTransactParcelAuto
                0x000000000000ce40      0x248 C:/devkitPro/libnx/lib\libnx.a(binder.o)
 *fill*         0x000000000000d088        0x8 
 .text.ipcQueryPointerBufferSize
                0x000000000000d090       0xc8 C:/devkitPro/libnx/lib\libnx.a(binder.o)
 *fill*         0x000000000000d158        0x8 
 .text._binderTransactParcel
                0x000000000000d160      0x138 C:/devkitPro/libnx/lib\libnx.a(binder.o)
 *fill*         0x000000000000d298        0x8 
 .text.binderCreateSession
                0x000000000000d2a0       0x18 C:/devkitPro/libnx/lib\libnx.a(binder.o)
                0x000000000000d2a0                binderCreateSession
 *fill*         0x000000000000d2b8        0x8 
 .text.binderTransactParcel
                0x000000000000d2c0       0x10 C:/devkitPro/libnx/lib\libnx.a(binder.o)
                0x000000000000d2c0                binderTransactParcel
 .text.binderAdjustRefcount
                0x000000000000d2d0       0xe4 C:/devkitPro/libnx/lib\libnx.a(binder.o)
                0x000000000000d2d0                binderAdjustRefcount
 *fill*         0x000000000000d3b4        0xc 
 .text.binderExitSession
                0x000000000000d3c0       0x68 C:/devkitPro/libnx/lib\libnx.a(binder.o)
                0x000000000000d3c0                binderExitSession
 *fill*         0x000000000000d428        0x8 
 .text.binderGetNativeHandle
                0x000000000000d430      0x13c C:/devkitPro/libnx/lib\libnx.a(binder.o)
                0x000000000000d430                binderGetNativeHandle
 *fill*         0x000000000000d56c        0x4 
 .text.binderInitSession
                0x000000000000d570      0x120 C:/devkitPro/libnx/lib\libnx.a(binder.o)
                0x000000000000d570                binderInitSession
 .text.parcelInitialize
                0x000000000000d690       0x28 C:/devkitPro/libnx/lib\libnx.a(parcel.o)
                0x000000000000d690                parcelInitialize
 *fill*         0x000000000000d6b8        0x8 
 .text.parcelTransact
                0x000000000000d6c0      0x190 C:/devkitPro/libnx/lib\libnx.a(parcel.o)
                0x000000000000d6c0                parcelTransact
 .text.parcelWriteData
                0x000000000000d850       0x88 C:/devkitPro/libnx/lib\libnx.a(parcel.o)
                0x000000000000d850                parcelWriteData
 *fill*         0x000000000000d8d8        0x8 
 .text.parcelReadData
                0x000000000000d8e0       0x98 C:/devkitPro/libnx/lib\libnx.a(parcel.o)
                0x000000000000d8e0                parcelReadData
 *fill*         0x000000000000d978        0x8 
 .text.parcelWriteInt32
                0x000000000000d980       0x20 C:/devkitPro/libnx/lib\libnx.a(parcel.o)
                0x000000000000d980                parcelWriteInt32
 .text.parcelWriteUInt32
                0x000000000000d9a0       0x20 C:/devkitPro/libnx/lib\libnx.a(parcel.o)
                0x000000000000d9a0                parcelWriteUInt32
 .text.parcelWriteString16
                0x000000000000d9c0       0x80 C:/devkitPro/libnx/lib\libnx.a(parcel.o)
                0x000000000000d9c0                parcelWriteString16
 .text.parcelWriteInterfaceToken
                0x000000000000da40       0x30 C:/devkitPro/libnx/lib\libnx.a(parcel.o)
                0x000000000000da40                parcelWriteInterfaceToken
 .text.parcelReadInt32
                0x000000000000da70       0x24 C:/devkitPro/libnx/lib\libnx.a(parcel.o)
                0x000000000000da70                parcelReadInt32
 *fill*         0x000000000000da94        0xc 
 .text.parcelReadFlattenedObject
                0x000000000000daa0       0x68 C:/devkitPro/libnx/lib\libnx.a(parcel.o)
                0x000000000000daa0                parcelReadFlattenedObject
 *fill*         0x000000000000db08        0x8 
 .text.parcelWriteFlattenedObject
                0x000000000000db10       0x44 C:/devkitPro/libnx/lib\libnx.a(parcel.o)
                0x000000000000db10                parcelWriteFlattenedObject
 *fill*         0x000000000000db54        0xc 
 .text.decode_utf8
                0x000000000000db60      0x12c C:/devkitPro/libnx/lib\libnx.a(decode_utf8.o)
                0x000000000000db60                decode_utf8
 .text.__aarch64_read_tp
                0x000000000000dc8c        0xc C:/devkitPro/libnx/lib\libnx.a(readtp.o)
                0x000000000000dc8c                __aarch64_read_tp
 *fill*         0x000000000000dc98        0x8 
 .text.nxlinkSetup
                0x000000000000dca0       0xc4 C:/devkitPro/libnx/lib\libnx.a(nxlink.o)
                0x000000000000dca0                nxlinkSetup
 *fill*         0x000000000000dd64        0xc 
 .text.tmemCreate
                0x000000000000dd70       0x7c C:/devkitPro/libnx/lib\libnx.a(tmem.o)
                0x000000000000dd70                tmemCreate
 *fill*         0x000000000000ddec        0x4 
 .text.tmemUnmap
                0x000000000000ddf0       0x58 C:/devkitPro/libnx/lib\libnx.a(tmem.o)
                0x000000000000ddf0                tmemUnmap
 *fill*         0x000000000000de48        0x8 
 .text.tmemClose
                0x000000000000de50       0x68 C:/devkitPro/libnx/lib\libnx.a(tmem.o)
                0x000000000000de50                tmemClose
 .text.bsearch  0x000000000000deb8       0xb8 c:/devkitpro/devkita64/bin/../lib/gcc/aarch64-none-elf/8.1.0/../../../../aarch64-none-elf/lib/pic\libg.a(lib_a-bsearch.o)
                0x000000000000deb8                bsearch
 .text.__libc_fini_array
                0x000000000000df70       0x44 c:/devkitpro/devkita64/bin/../lib/gcc/aarch64-none-elf/8.1.0/../../../../aarch64-none-elf/lib/pic\libg.a(lib_a-fini.o)
                0x000000000000df70                __libc_fini_array
 *fill*         0x000000000000dfb4        0x4 
 .text.__libc_init_array
                0x000000000000dfb8       0x8c c:/devkitpro/devkita64/bin/../lib/gcc/aarch64-none-elf/8.1.0/../../../../aarch64-none-elf/lib/pic\libg.a(lib_a-init.o)
                0x000000000000dfb8                __libc_init_array
 *fill*         0x000000000000e044        0x4 
 .text.__locale_mb_cur_max
                0x000000000000e048       0x2c c:/devkitpro/devkita64/bin/../lib/gcc/aarch64-none-elf/8.1.0/../../../../aarch64-none-elf/lib/pic\libg.a(lib_a-locale.o)
                0x000000000000e048                __locale_mb_cur_max
 *fill*         0x000000000000e074        0x4 
 .text.__locale_ctype_ptr_l
                0x000000000000e078        0x8 c:/devkitpro/devkita64/bin/../lib/gcc/aarch64-none-elf/8.1.0/../../../../aarch64-none-elf/lib/pic\libg.a(lib_a-locale.o)
                0x000000000000e078                __locale_ctype_ptr_l
 .text.__locale_ctype_ptr
                0x000000000000e080       0x2c c:/devkitpro/devkita64/bin/../lib/gcc/aarch64-none-elf/8.1.0/../../../../aarch64-none-elf/lib/pic\libg.a(lib_a-locale.o)
                0x000000000000e080                __locale_ctype_ptr
 *fill*         0x000000000000e0ac        0x4 
 .text.memalign
                0x000000000000e0b0       0x30 c:/devkitpro/devkita64/bin/../lib/gcc/aarch64-none-elf/8.1.0/../../../../aarch64-none-elf/lib/pic\libg.a(lib_a-malign.o)
                0x000000000000e0b0                memalign
 .text._memalign_r
                0x000000000000e0e0      0x198 c:/devkitpro/devkita64/bin/../lib/gcc/aarch64-none-elf/8.1.0/../../../../aarch64-none-elf/lib/pic\libg.a(lib_a-malignr.o)
                0x000000000000e0e0                _memalign_r
 .text.malloc   0x000000000000e278       0x1c c:/devkitpro/devkita64/bin/../lib/gcc/aarch64-none-elf/8.1.0/../../../../aarch64-none-elf/lib/pic\libg.a(lib_a-malloc.o)
                0x000000000000e278                malloc
 *fill*         0x000000000000e294        0x4 
 .text.free     0x000000000000e298       0x1c c:/devkitpro/devkita64/bin/../lib/gcc/aarch64-none-elf/8.1.0/../../../../aarch64-none-elf/lib/pic\libg.a(lib_a-malloc.o)
                0x000000000000e298                free
 *fill*         0x000000000000e2b4        0x4 
 .text._malloc_r
                0x000000000000e2b8      0x844 c:/devkitpro/devkita64/bin/../lib/gcc/aarch64-none-elf/8.1.0/../../../../aarch64-none-elf/lib/pic\libg.a(lib_a-mallocr.o)
                0x000000000000e2b8                _malloc_r
 *fill*         0x000000000000eafc        0x4 
 .text.__utf8_mbtowc
                0x000000000000eb00      0x2c8 c:/devkitpro/devkita64/bin/../lib/gcc/aarch64-none-elf/8.1.0/../../../../aarch64-none-elf/lib/pic\libg.a(lib_a-mbtowc_r.o)
                0x000000000000eb00                __utf8_mbtowc
 .text          0x000000000000edc8       0xd8 c:/devkitpro/devkita64/bin/../lib/gcc/aarch64-none-elf/8.1.0/../../../../aarch64-none-elf/lib/pic\libg.a(lib_a-memchr.o)
                0x000000000000edc8                memchr
 *fill*         0x000000000000eea0       0x20 
 .text          0x000000000000eec0      0x16c c:/devkitpro/devkita64/bin/../lib/gcc/aarch64-none-elf/8.1.0/../../../../aarch64-none-elf/lib/pic\libg.a(lib_a-memcpy.o)
                0x000000000000eec0                memcpy
 *fill*         0x000000000000f02c       0x14 
 .text          0x000000000000f040      0x1d8 c:/devkitpro/devkita64/bin/../lib/gcc/aarch64-none-elf/8.1.0/../../../../aarch64-none-elf/lib/pic\libg.a(lib_a-memset.o)
                0x000000000000f040                memset
 .text.__malloc_lock
                0x000000000000f218        0xc c:/devkitpro/devkita64/bin/../lib/gcc/aarch64-none-elf/8.1.0/../../../../aarch64-none-elf/lib/pic\libg.a(lib_a-mlock.o)
                0x000000000000f218                __malloc_lock
 *fill*         0x000000000000f224        0x4 
 .text.__malloc_unlock
                0x000000000000f228        0xc c:/devkitpro/devkita64/bin/../lib/gcc/aarch64-none-elf/8.1.0/../../../../aarch64-none-elf/lib/pic\libg.a(lib_a-mlock.o)
                0x000000000000f228                __malloc_unlock
 *fill*         0x000000000000f234        0x4 
 .text.printf   0x000000000000f238       0x8c c:/devkitpro/devkita64/bin/../lib/gcc/aarch64-none-elf/8.1.0/../../../../aarch64-none-elf/lib/pic\libg.a(lib_a-printf.o)
                0x000000000000f238                printf
 *fill*         0x000000000000f2c4        0x4 
 .text.setvbuf  0x000000000000f2c8      0x25c c:/devkitpro/devkita64/bin/../lib/gcc/aarch64-none-elf/8.1.0/../../../../aarch64-none-elf/lib/pic\libg.a(lib_a-setvbuf.o)
                0x000000000000f2c8                setvbuf
 *fill*         0x000000000000f524        0x4 
 .text.sscanf   0x000000000000f528       0xbc c:/devkitpro/devkita64/bin/../lib/gcc/aarch64-none-elf/8.1.0/../../../../aarch64-none-elf/lib/pic\libg.a(lib_a-sscanf.o)
                0x000000000000f528                sscanf
 *fill*         0x000000000000f5e4        0x4 
 .text.__sread  0x000000000000f5e8       0x50 c:/devkitpro/devkita64/bin/../lib/gcc/aarch64-none-elf/8.1.0/../../../../aarch64-none-elf/lib/pic\libg.a(lib_a-stdio.o)
                0x000000000000f5e8                __sread
 .text.__seofread
                0x000000000000f638        0x8 c:/devkitpro/devkita64/bin/../lib/gcc/aarch64-none-elf/8.1.0/../../../../aarch64-none-elf/lib/pic\libg.a(lib_a-stdio.o)
                0x000000000000f638                __seofread
 .text.__swrite
                0x000000000000f640       0x6c c:/devkitpro/devkita64/bin/../lib/gcc/aarch64-none-elf/8.1.0/../../../../aarch64-none-elf/lib/pic\libg.a(lib_a-stdio.o)
                0x000000000000f640                __swrite
 *fill*         0x000000000000f6ac        0x4 
 .text.__sseek  0x000000000000f6b0       0x50 c:/devkitpro/devkita64/bin/../lib/gcc/aarch64-none-elf/8.1.0/../../../../aarch64-none-elf/lib/pic\libg.a(lib_a-stdio.o)
                0x000000000000f6b0                __sseek
 .text.__sclose
                0x000000000000f700        0x8 c:/devkitpro/devkita64/bin/../lib/gcc/aarch64-none-elf/8.1.0/../../../../aarch64-none-elf/lib/pic\libg.a(lib_a-stdio.o)
                0x000000000000f700                __sclose
 .text          0x000000000000f708       0xdc c:/devkitpro/devkita64/bin/../lib/gcc/aarch64-none-elf/8.1.0/../../../../aarch64-none-elf/lib/pic\libg.a(lib_a-strchr.o)
                0x000000000000f708                strchr
 *fill*         0x000000000000f7e4       0x1c 
 .text          0x000000000000f800       0xa4 c:/devkitpro/devkita64/bin/../lib/gcc/aarch64-none-elf/8.1.0/../../../../aarch64-none-elf/lib/pic\libg.a(lib_a-strcmp.o)
                0x000000000000f800                strcmp
 *fill*         0x000000000000f8a4       0x1c 
 .text          0x000000000000f8c0      0x140 c:/devkitpro/devkita64/bin/../lib/gcc/aarch64-none-elf/8.1.0/../../../../aarch64-none-elf/lib/pic\libg.a(lib_a-strlen.o)
                0x000000000000f8c0                strlen
 .text.strncat  0x000000000000fa00       0x84 c:/devkitpro/devkita64/bin/../lib/gcc/aarch64-none-elf/8.1.0/../../../../aarch64-none-elf/lib/pic\libg.a(lib_a-strncat.o)
                0x000000000000fa00                strncat
 *fill*         0x000000000000fa84       0x3c 
 .text          0x000000000000fac0      0x124 c:/devkitpro/devkita64/bin/../lib/gcc/aarch64-none-elf/8.1.0/../../../../aarch64-none-elf/lib/pic\libg.a(lib_a-strncmp.o)
                0x000000000000fadc                strncmp
 *fill*         0x000000000000fbe4        0x4 
 .text.strncpy  0x000000000000fbe8       0xa8 c:/devkitpro/devkita64/bin/../lib/gcc/aarch64-none-elf/8.1.0/../../../../aarch64-none-elf/lib/pic\libg.a(lib_a-strncpy.o)
                0x000000000000fbe8                strncpy
 *fill*         0x000000000000fc90       0x30 
 .text          0x000000000000fcc0       0xe0 c:/devkitpro/devkita64/bin/../lib/gcc/aarch64-none-elf/8.1.0/../../../../aarch64-none-elf/lib/pic\libg.a(lib_a-strnlen.o)
                0x000000000000fce4                strnlen
 .text._strtol_l.isra.0
                0x000000000000fda0      0x1d0 c:/devkitpro/devkita64/bin/../lib/gcc/aarch64-none-elf/8.1.0/../../../../aarch64-none-elf/lib/pic\libg.a(lib_a-strtol.o)
 .text._strtol_r
                0x000000000000ff70       0x48 c:/devkitpro/devkita64/bin/../lib/gcc/aarch64-none-elf/8.1.0/../../../../aarch64-none-elf/lib/pic\libg.a(lib_a-strtol.o)
                0x000000000000ff70                _strtol_r
 .text._strtoul_l.isra.0
                0x000000000000ffb8      0x1e0 c:/devkitpro/devkita64/bin/../lib/gcc/aarch64-none-elf/8.1.0/../../../../aarch64-none-elf/lib/pic\libg.a(lib_a-strtoul.o)
 .text._strtoul_r
                0x0000000000010198       0x48 c:/devkitpro/devkita64/bin/../lib/gcc/aarch64-none-elf/8.1.0/../../../../aarch64-none-elf/lib/pic\libg.a(lib_a-strtoul.o)
                0x0000000000010198                _strtoul_r
 .text.strtoul  0x00000000000101e0       0x5c c:/devkitpro/devkita64/bin/../lib/gcc/aarch64-none-elf/8.1.0/../../../../aarch64-none-elf/lib/pic\libg.a(lib_a-strtoul.o)
                0x00000000000101e0                strtoul
 .text.get_arg  0x000000000001023c       0x5c c:/devkitpro/devkita64/bin/../lib/gcc/aarch64-none-elf/8.1.0/../../../../aarch64-none-elf/lib/pic\libg.a(lib_a-svfscanf.o)
 .text.__ssvfscanf_r
                0x0000000000010298     0x2f48 c:/devkitpro/devkita64/bin/../lib/gcc/aarch64-none-elf/8.1.0/../../../../aarch64-none-elf/lib/pic\libg.a(lib_a-svfscanf.o)
                0x0000000000010298                __ssvfscanf_r
 .text.__sprint_r
                0x00000000000131e0       0x3c c:/devkitpro/devkita64/bin/../lib/gcc/aarch64-none-elf/8.1.0/../../../../aarch64-none-elf/lib/pic\libg.a(lib_a-vfiprintf.o)
                0x00000000000131e0                __sprint_r
 .text.get_arg  0x000000000001321c      0x76c c:/devkitpro/devkita64/bin/../lib/gcc/aarch64-none-elf/8.1.0/../../../../aarch64-none-elf/lib/pic\libg.a(lib_a-vfprintf.o)
 .text._vfprintf_r
                0x0000000000013988     0x3bfc c:/devkitpro/devkita64/bin/../lib/gcc/aarch64-none-elf/8.1.0/../../../../aarch64-none-elf/lib/pic\libg.a(lib_a-vfprintf.o)
                0x0000000000013988                _vfprintf_r
 .text.__sbprintf
                0x0000000000017584       0xec c:/devkitpro/devkita64/bin/../lib/gcc/aarch64-none-elf/8.1.0/../../../../aarch64-none-elf/lib/pic\libg.a(lib_a-vfprintf.o)
 .text._wcrtomb_r
                0x0000000000017670       0xd0 c:/devkitpro/devkita64/bin/../lib/gcc/aarch64-none-elf/8.1.0/../../../../aarch64-none-elf/lib/pic\libg.a(lib_a-wcrtomb.o)
                0x0000000000017670                _wcrtomb_r
 .text._wcsrtombs_r
                0x0000000000017740       0x10 c:/devkitpro/devkita64/bin/../lib/gcc/aarch64-none-elf/8.1.0/../../../../aarch64-none-elf/lib/pic\libg.a(lib_a-wcsrtombs.o)
                0x0000000000017740                _wcsrtombs_r
 .text.__utf8_wctomb
                0x0000000000017750       0xe4 c:/devkitpro/devkita64/bin/../lib/gcc/aarch64-none-elf/8.1.0/../../../../aarch64-none-elf/lib/pic\libg.a(lib_a-wctomb_r.o)
                0x0000000000017750                __utf8_wctomb
 *fill*         0x0000000000017834        0x4 
 .text.__swsetup_r
                0x0000000000017838      0x140 c:/devkitpro/devkita64/bin/../lib/gcc/aarch64-none-elf/8.1.0/../../../../aarch64-none-elf/lib/pic\libg.a(lib_a-wsetup.o)
                0x0000000000017838                __swsetup_r
 .text.quorem   0x0000000000017978      0x1a8 c:/devkitpro/devkita64/bin/../lib/gcc/aarch64-none-elf/8.1.0/../../../../aarch64-none-elf/lib/pic\libg.a(lib_a-dtoa.o)
 .text._dtoa_r  0x0000000000017b20     0x10dc c:/devkitpro/devkita64/bin/../lib/gcc/aarch64-none-elf/8.1.0/../../../../aarch64-none-elf/lib/pic\libg.a(lib_a-dtoa.o)
                0x0000000000017b20                _dtoa_r
 *fill*         0x0000000000018bfc        0x4 
 .text.__sflush_r
                0x0000000000018c00      0x214 c:/devkitpro/devkita64/bin/../lib/gcc/aarch64-none-elf/8.1.0/../../../../aarch64-none-elf/lib/pic\libg.a(lib_a-fflush.o)
                0x0000000000018c00                __sflush_r
 *fill*         0x0000000000018e14        0x4 
 .text._fflush_r
                0x0000000000018e18       0xb8 c:/devkitpro/devkita64/bin/../lib/gcc/aarch64-none-elf/8.1.0/../../../../aarch64-none-elf/lib/pic\libg.a(lib_a-fflush.o)
                0x0000000000018e18                _fflush_r
 .text.std      0x0000000000018ed0       0x78 c:/devkitpro/devkita64/bin/../lib/gcc/aarch64-none-elf/8.1.0/../../../../aarch64-none-elf/lib/pic\libg.a(lib_a-findfp.o)
 .text._cleanup_r
                0x0000000000018f48        0xc c:/devkitpro/devkita64/bin/../lib/gcc/aarch64-none-elf/8.1.0/../../../../aarch64-none-elf/lib/pic\libg.a(lib_a-findfp.o)
                0x0000000000018f48                _cleanup_r
 *fill*         0x0000000000018f54        0x4 
 .text.__sfp_lock_acquire
                0x0000000000018f58        0xc c:/devkitpro/devkita64/bin/../lib/gcc/aarch64-none-elf/8.1.0/../../../../aarch64-none-elf/lib/pic\libg.a(lib_a-findfp.o)
                0x0000000000018f58                __sfp_lock_acquire
 *fill*         0x0000000000018f64        0x4 
 .text.__sfp_lock_release
                0x0000000000018f68        0xc c:/devkitpro/devkita64/bin/../lib/gcc/aarch64-none-elf/8.1.0/../../../../aarch64-none-elf/lib/pic\libg.a(lib_a-findfp.o)
                0x0000000000018f68                __sfp_lock_release
 *fill*         0x0000000000018f74        0x4 
 .text.__sinit_lock_acquire
                0x0000000000018f78        0xc c:/devkitpro/devkita64/bin/../lib/gcc/aarch64-none-elf/8.1.0/../../../../aarch64-none-elf/lib/pic\libg.a(lib_a-findfp.o)
                0x0000000000018f78                __sinit_lock_acquire
 *fill*         0x0000000000018f84        0x4 
 .text.__sinit_lock_release
                0x0000000000018f88        0xc c:/devkitpro/devkita64/bin/../lib/gcc/aarch64-none-elf/8.1.0/../../../../aarch64-none-elf/lib/pic\libg.a(lib_a-findfp.o)
                0x0000000000018f88                __sinit_lock_release
 *fill*         0x0000000000018f94        0x4 
 .text.__sinit  0x0000000000018f98       0x80 c:/devkitpro/devkita64/bin/../lib/gcc/aarch64-none-elf/8.1.0/../../../../aarch64-none-elf/lib/pic\libg.a(lib_a-findfp.o)
                0x0000000000018f98                __sinit
 .text._malloc_trim_r
                0x0000000000019018      0x118 c:/devkitpro/devkita64/bin/../lib/gcc/aarch64-none-elf/8.1.0/../../../../aarch64-none-elf/lib/pic\libg.a(lib_a-freer.o)
                0x0000000000019018                _malloc_trim_r
 .text._free_r  0x0000000000019130      0x2f4 c:/devkitpro/devkita64/bin/../lib/gcc/aarch64-none-elf/8.1.0/../../../../aarch64-none-elf/lib/pic\libg.a(lib_a-freer.o)
                0x0000000000019130                _free_r
 *fill*         0x0000000000019424        0x4 
 .text.__sfvwrite_r
                0x0000000000019428      0x4b8 c:/devkitpro/devkita64/bin/../lib/gcc/aarch64-none-elf/8.1.0/../../../../aarch64-none-elf/lib/pic\libg.a(lib_a-fvwrite.o)
                0x0000000000019428                __sfvwrite_r
 .text._fwalk_reent
                0x00000000000198e0       0xbc c:/devkitpro/devkita64/bin/../lib/gcc/aarch64-none-elf/8.1.0/../../../../aarch64-none-elf/lib/pic\libg.a(lib_a-fwalk.o)
                0x00000000000198e0                _fwalk_reent
 *fill*         0x000000000001999c        0x4 
 .text.iswspace
                0x00000000000199a0       0x84 c:/devkitpro/devkita64/bin/../lib/gcc/aarch64-none-elf/8.1.0/../../../../aarch64-none-elf/lib/pic\libg.a(lib_a-iswspace.o)
                0x00000000000199a0                iswspace
 *fill*         0x0000000000019a24        0x4 
 .text.__jp2uc  0x0000000000019a28      0x244 c:/devkitpro/devkita64/bin/../lib/gcc/aarch64-none-elf/8.1.0/../../../../aarch64-none-elf/lib/pic\libg.a(lib_a-jp2uc.o)
 *fill*         0x0000000000019c6c        0x4 
 .text._jp2uc   0x0000000000019c70       0xd0 c:/devkitpro/devkita64/bin/../lib/gcc/aarch64-none-elf/8.1.0/../../../../aarch64-none-elf/lib/pic\libg.a(lib_a-jp2uc.o)
                0x0000000000019c70                _jp2uc
 .text.__localeconv_l
                0x0000000000019d40        0x8 c:/devkitpro/devkita64/bin/../lib/gcc/aarch64-none-elf/8.1.0/../../../../aarch64-none-elf/lib/pic\libg.a(lib_a-localeconv.o)
                0x0000000000019d40                __localeconv_l
 .text._localeconv_r
                0x0000000000019d48       0x28 c:/devkitpro/devkita64/bin/../lib/gcc/aarch64-none-elf/8.1.0/../../../../aarch64-none-elf/lib/pic\libg.a(lib_a-localeconv.o)
                0x0000000000019d48                _localeconv_r
 .text.__swhatbuf_r
                0x0000000000019d70       0xa4 c:/devkitpro/devkita64/bin/../lib/gcc/aarch64-none-elf/8.1.0/../../../../aarch64-none-elf/lib/pic\libg.a(lib_a-makebuf.o)
                0x0000000000019d70                __swhatbuf_r
 *fill*         0x0000000000019e14        0x4 
 .text.__smakebuf_r
                0x0000000000019e18      0x10c c:/devkitpro/devkita64/bin/../lib/gcc/aarch64-none-elf/8.1.0/../../../../aarch64-none-elf/lib/pic\libg.a(lib_a-makebuf.o)
                0x0000000000019e18                __smakebuf_r
 *fill*         0x0000000000019f24        0x4 
 .text._mbrtowc_r
                0x0000000000019f28       0xd8 c:/devkitpro/devkita64/bin/../lib/gcc/aarch64-none-elf/8.1.0/../../../../aarch64-none-elf/lib/pic\libg.a(lib_a-mbrtowc.o)
                0x0000000000019f28                _mbrtowc_r
 .text          0x000000000001a000       0xac c:/devkitpro/devkita64/bin/../lib/gcc/aarch64-none-elf/8.1.0/../../../../aarch64-none-elf/lib/pic\libg.a(lib_a-memmove.o)
                0x000000000001a000                memmove
 *fill*         0x000000000001a0ac        0x4 
 .text._Balloc  0x000000000001a0b0       0x90 c:/devkitpro/devkita64/bin/../lib/gcc/aarch64-none-elf/8.1.0/../../../../aarch64-none-elf/lib/pic\libg.a(lib_a-mprec.o)
                0x000000000001a0b0                _Balloc
 .text._Bfree   0x000000000001a140       0x1c c:/devkitpro/devkita64/bin/../lib/gcc/aarch64-none-elf/8.1.0/../../../../aarch64-none-elf/lib/pic\libg.a(lib_a-mprec.o)
                0x000000000001a140                _Bfree
 *fill*         0x000000000001a15c        0x4 
 .text.__multadd
                0x000000000001a160       0xe8 c:/devkitpro/devkita64/bin/../lib/gcc/aarch64-none-elf/8.1.0/../../../../aarch64-none-elf/lib/pic\libg.a(lib_a-mprec.o)
                0x000000000001a160                __multadd
 .text.__s2b    0x000000000001a248      0x120 c:/devkitpro/devkita64/bin/../lib/gcc/aarch64-none-elf/8.1.0/../../../../aarch64-none-elf/lib/pic\libg.a(lib_a-mprec.o)
                0x000000000001a248                __s2b
 .text.__hi0bits
                0x000000000001a368       0x5c c:/devkitpro/devkita64/bin/../lib/gcc/aarch64-none-elf/8.1.0/../../../../aarch64-none-elf/lib/pic\libg.a(lib_a-mprec.o)
                0x000000000001a368                __hi0bits
 *fill*         0x000000000001a3c4        0x4 
 .text.__lo0bits
                0x000000000001a3c8       0xa0 c:/devkitpro/devkita64/bin/../lib/gcc/aarch64-none-elf/8.1.0/../../../../aarch64-none-elf/lib/pic\libg.a(lib_a-mprec.o)
                0x000000000001a3c8                __lo0bits
 .text.__i2b    0x000000000001a468       0x2c c:/devkitpro/devkita64/bin/../lib/gcc/aarch64-none-elf/8.1.0/../../../../aarch64-none-elf/lib/pic\libg.a(lib_a-mprec.o)
                0x000000000001a468                __i2b
 *fill*         0x000000000001a494        0x4 
 .text.__multiply
                0x000000000001a498      0x1c8 c:/devkitpro/devkita64/bin/../lib/gcc/aarch64-none-elf/8.1.0/../../../../aarch64-none-elf/lib/pic\libg.a(lib_a-mprec.o)
                0x000000000001a498                __multiply
 .text.__pow5mult
                0x000000000001a660      0x104 c:/devkitpro/devkita64/bin/../lib/gcc/aarch64-none-elf/8.1.0/../../../../aarch64-none-elf/lib/pic\libg.a(lib_a-mprec.o)
                0x000000000001a660                __pow5mult
 *fill*         0x000000000001a764        0x4 
 .text.__lshift
                0x000000000001a768      0x134 c:/devkitpro/devkita64/bin/../lib/gcc/aarch64-none-elf/8.1.0/../../../../aarch64-none-elf/lib/pic\libg.a(lib_a-mprec.o)
                0x000000000001a768                __lshift
 *fill*         0x000000000001a89c        0x4 
 .text.__mcmp   0x000000000001a8a0       0x50 c:/devkitpro/devkita64/bin/../lib/gcc/aarch64-none-elf/8.1.0/../../../../aarch64-none-elf/lib/pic\libg.a(lib_a-mprec.o)
                0x000000000001a8a0                __mcmp
 .text.__mdiff  0x000000000001a8f0      0x14c c:/devkitpro/devkita64/bin/../lib/gcc/aarch64-none-elf/8.1.0/../../../../aarch64-none-elf/lib/pic\libg.a(lib_a-mprec.o)
                0x000000000001a8f0                __mdiff
 *fill*         0x000000000001aa3c        0x4 
 .text.__ulp    0x000000000001aa40       0x68 c:/devkitpro/devkita64/bin/../lib/gcc/aarch64-none-elf/8.1.0/../../../../aarch64-none-elf/lib/pic\libg.a(lib_a-mprec.o)
                0x000000000001aa40                __ulp
 .text.__b2d    0x000000000001aaa8      0x150 c:/devkitpro/devkita64/bin/../lib/gcc/aarch64-none-elf/8.1.0/../../../../aarch64-none-elf/lib/pic\libg.a(lib_a-mprec.o)
                0x000000000001aaa8                __b2d
 .text.__d2b    0x000000000001abf8      0x138 c:/devkitpro/devkita64/bin/../lib/gcc/aarch64-none-elf/8.1.0/../../../../aarch64-none-elf/lib/pic\libg.a(lib_a-mprec.o)
                0x000000000001abf8                __d2b
 .text.__ratio  0x000000000001ad30       0xa0 c:/devkitpro/devkita64/bin/../lib/gcc/aarch64-none-elf/8.1.0/../../../../aarch64-none-elf/lib/pic\libg.a(lib_a-mprec.o)
                0x000000000001ad30                __ratio
 .text.__copybits
                0x000000000001add0       0x68 c:/devkitpro/devkita64/bin/../lib/gcc/aarch64-none-elf/8.1.0/../../../../aarch64-none-elf/lib/pic\libg.a(lib_a-mprec.o)
                0x000000000001add0                __copybits
 .text.__any_on
                0x000000000001ae38       0x84 c:/devkitpro/devkita64/bin/../lib/gcc/aarch64-none-elf/8.1.0/../../../../aarch64-none-elf/lib/pic\libg.a(lib_a-mprec.o)
                0x000000000001ae38                __any_on
 *fill*         0x000000000001aebc        0x4 
 .text.realloc  0x000000000001aec0       0x30 c:/devkitpro/devkita64/bin/../lib/gcc/aarch64-none-elf/8.1.0/../../../../aarch64-none-elf/lib/pic\libg.a(lib_a-realloc.o)
                0x000000000001aec0                realloc
 .text._realloc_r
                0x000000000001aef0      0x56c c:/devkitpro/devkita64/bin/../lib/gcc/aarch64-none-elf/8.1.0/../../../../aarch64-none-elf/lib/pic\libg.a(lib_a-reallocr.o)
                0x000000000001aef0                _realloc_r
 *fill*         0x000000000001b45c        0x4 
 .text.__sccl   0x000000000001b460       0xbc c:/devkitpro/devkita64/bin/../lib/gcc/aarch64-none-elf/8.1.0/../../../../aarch64-none-elf/lib/pic\libg.a(lib_a-sccl.o)
                0x000000000001b460                __sccl
 *fill*         0x000000000001b51c        0x4 
 .text.nanf     0x000000000001b520        0xc c:/devkitpro/devkita64/bin/../lib/gcc/aarch64-none-elf/8.1.0/../../../../aarch64-none-elf/lib/pic\libg.a(lib_a-sf_nan.o)
                0x000000000001b520                nanf
 *fill*         0x000000000001b52c        0x4 
 .text.frexp    0x000000000001b530       0x7c c:/devkitpro/devkita64/bin/../lib/gcc/aarch64-none-elf/8.1.0/../../../../aarch64-none-elf/lib/pic\libg.a(lib_a-s_frexp.o)
                0x000000000001b530                frexp
 *fill*         0x000000000001b5ac        0x4 
 .text.sprintf  0x000000000001b5b0       0xa8 c:/devkitpro/devkita64/bin/../lib/gcc/aarch64-none-elf/8.1.0/../../../../aarch64-none-elf/lib/pic\libg.a(lib_a-sprintf.o)
                0x000000000001b5b0                sprintf
 .text.stpncpy  0x000000000001b658       0xc8 c:/devkitpro/devkita64/bin/../lib/gcc/aarch64-none-elf/8.1.0/../../../../aarch64-none-elf/lib/pic\libg.a(lib_a-stpncpy.o)
                0x000000000001b658                stpncpy
 .text.sulp     0x000000000001b720       0x54 c:/devkitpro/devkita64/bin/../lib/gcc/aarch64-none-elf/8.1.0/../../../../aarch64-none-elf/lib/pic\libg.a(lib_a-strtod.o)
 *fill*         0x000000000001b774        0x4 
 .text._strtod_l
                0x000000000001b778     0x10f0 c:/devkitpro/devkita64/bin/../lib/gcc/aarch64-none-elf/8.1.0/../../../../aarch64-none-elf/lib/pic\libg.a(lib_a-strtod.o)
                0x000000000001b778                _strtod_l
 .text._strtod_r
                0x000000000001c868       0x40 c:/devkitpro/devkita64/bin/../lib/gcc/aarch64-none-elf/8.1.0/../../../../aarch64-none-elf/lib/pic\libg.a(lib_a-strtod.o)
                0x000000000001c868                _strtod_r
 .text._strtoll_l.isra.0
                0x000000000001c8a8      0x1d0 c:/devkitpro/devkita64/bin/../lib/gcc/aarch64-none-elf/8.1.0/../../../../aarch64-none-elf/lib/pic\libg.a(lib_a-strtoll.o)
 .text._strtoll_r
                0x000000000001ca78       0x48 c:/devkitpro/devkita64/bin/../lib/gcc/aarch64-none-elf/8.1.0/../../../../aarch64-none-elf/lib/pic\libg.a(lib_a-strtoll.o)
                0x000000000001ca78                _strtoll_r
 .text._strtoull_l.isra.0
                0x000000000001cac0      0x1e0 c:/devkitpro/devkita64/bin/../lib/gcc/aarch64-none-elf/8.1.0/../../../../aarch64-none-elf/lib/pic\libg.a(lib_a-strtoull.o)
 .text._strtoull_r
                0x000000000001cca0       0x48 c:/devkitpro/devkita64/bin/../lib/gcc/aarch64-none-elf/8.1.0/../../../../aarch64-none-elf/lib/pic\libg.a(lib_a-strtoull.o)
                0x000000000001cca0                _strtoull_r
 .text.__ssprint_r
                0x000000000001cce8      0x1c0 c:/devkitpro/devkita64/bin/../lib/gcc/aarch64-none-elf/8.1.0/../../../../aarch64-none-elf/lib/pic\libg.a(lib_a-svfiprintf.o)
                0x000000000001cce8                __ssprint_r
 .text._sungetc_r
                0x000000000001cea8       0xf4 c:/devkitpro/devkita64/bin/../lib/gcc/aarch64-none-elf/8.1.0/../../../../aarch64-none-elf/lib/pic\libg.a(lib_a-svfiscanf.o)
                0x000000000001cea8                _sungetc_r
 .text.__ssrefill_r
                0x000000000001cf9c       0x70 c:/devkitpro/devkita64/bin/../lib/gcc/aarch64-none-elf/8.1.0/../../../../aarch64-none-elf/lib/pic\libg.a(lib_a-svfiscanf.o)
                0x000000000001cf9c                __ssrefill_r
 .text._sfread_r
                0x000000000001d00c       0xe0 c:/devkitpro/devkita64/bin/../lib/gcc/aarch64-none-elf/8.1.0/../../../../aarch64-none-elf/lib/pic\libg.a(lib_a-svfiscanf.o)
                0x000000000001d00c                _sfread_r
 .text.get_arg  0x000000000001d0ec      0x76c c:/devkitpro/devkita64/bin/../lib/gcc/aarch64-none-elf/8.1.0/../../../../aarch64-none-elf/lib/pic\libg.a(lib_a-svfprintf.o)
 .text._svfprintf_r
                0x000000000001d858     0x3b44 c:/devkitpro/devkita64/bin/../lib/gcc/aarch64-none-elf/8.1.0/../../../../aarch64-none-elf/lib/pic\libg.a(lib_a-svfprintf.o)
                0x000000000001d858                _svfprintf_r
 *fill*         0x000000000002139c        0x4 
 .text.__submore
                0x00000000000213a0       0xc8 c:/devkitpro/devkita64/bin/../lib/gcc/aarch64-none-elf/8.1.0/../../../../aarch64-none-elf/lib/pic\libg.a(lib_a-ungetc.o)
                0x00000000000213a0                __submore
 .text._wcsnrtombs_l
                0x0000000000021468      0x1dc c:/devkitpro/devkita64/bin/../lib/gcc/aarch64-none-elf/8.1.0/../../../../aarch64-none-elf/lib/pic\libg.a(lib_a-wcsnrtombs.o)
                0x0000000000021468                _wcsnrtombs_l
 *fill*         0x0000000000021644        0x4 
 .text._wcsnrtombs_r
                0x0000000000021648       0x54 c:/devkitpro/devkita64/bin/../lib/gcc/aarch64-none-elf/8.1.0/../../../../aarch64-none-elf/lib/pic\libg.a(lib_a-wcsnrtombs.o)
                0x0000000000021648                _wcsnrtombs_r
 *fill*         0x000000000002169c        0x4 
 .text._calloc_r
                0x00000000000216a0       0x94 c:/devkitpro/devkita64/bin/../lib/gcc/aarch64-none-elf/8.1.0/../../../../aarch64-none-elf/lib/pic\libg.a(lib_a-callocr.o)
                0x00000000000216a0                _calloc_r
 *fill*         0x0000000000021734        0x4 
 .text._fclose_r
                0x0000000000021738      0x15c c:/devkitpro/devkita64/bin/../lib/gcc/aarch64-none-elf/8.1.0/../../../../aarch64-none-elf/lib/pic\libg.a(lib_a-fclose.o)
                0x0000000000021738                _fclose_r
 *fill*         0x0000000000021894        0x4 
 .text.rshift   0x0000000000021898      0x114 c:/devkitpro/devkita64/bin/../lib/gcc/aarch64-none-elf/8.1.0/../../../../aarch64-none-elf/lib/pic\libg.a(lib_a-gdtoa-gethex.o)
 *fill*         0x00000000000219ac        0x4 
 .text.__gethex
                0x00000000000219b0      0x7e8 c:/devkitpro/devkita64/bin/../lib/gcc/aarch64-none-elf/8.1.0/../../../../aarch64-none-elf/lib/pic\libg.a(lib_a-gdtoa-gethex.o)
                0x00000000000219b0                __gethex
 .text.__match  0x0000000000022198       0x48 c:/devkitpro/devkita64/bin/../lib/gcc/aarch64-none-elf/8.1.0/../../../../aarch64-none-elf/lib/pic\libg.a(lib_a-gdtoa-hexnan.o)
                0x0000000000022198                __match
 .text.__hexnan
                0x00000000000221e0      0x22c c:/devkitpro/devkita64/bin/../lib/gcc/aarch64-none-elf/8.1.0/../../../../aarch64-none-elf/lib/pic\libg.a(lib_a-gdtoa-hexnan.o)
                0x00000000000221e0                __hexnan
 *fill*         0x000000000002240c        0x4 
 .text.null_write
                0x0000000000022410        0x8 c:/devkitpro/devkita64/bin/../lib/gcc/aarch64-none-elf/8.1.0/../../../../aarch64-none-elf/lib/pic\libsysbase.a(iosupport.o)
 .text.setDefaultDevice
                0x0000000000022418       0x18 c:/devkitpro/devkita64/bin/../lib/gcc/aarch64-none-elf/8.1.0/../../../../aarch64-none-elf/lib/pic\libsysbase.a(iosupport.o)
                0x0000000000022418                setDefaultDevice
 .text.FindDevice
                0x0000000000022430       0xf8 c:/devkitpro/devkita64/bin/../lib/gcc/aarch64-none-elf/8.1.0/../../../../aarch64-none-elf/lib/pic\libsysbase.a(iosupport.o)
                0x0000000000022430                FindDevice
 .text.RemoveDevice
                0x0000000000022528       0x34 c:/devkitpro/devkita64/bin/../lib/gcc/aarch64-none-elf/8.1.0/../../../../aarch64-none-elf/lib/pic\libsysbase.a(iosupport.o)
                0x0000000000022528                RemoveDevice
 *fill*         0x000000000002255c        0x4 
 .text.AddDevice
                0x0000000000022560       0xd8 c:/devkitpro/devkita64/bin/../lib/gcc/aarch64-none-elf/8.1.0/../../../../aarch64-none-elf/lib/pic\libsysbase.a(iosupport.o)
                0x0000000000022560                AddDevice
 .text._close_r
                0x0000000000022638       0xa8 c:/devkitpro/devkita64/bin/../lib/gcc/aarch64-none-elf/8.1.0/../../../../aarch64-none-elf/lib/pic\libsysbase.a(close.o)
                0x0000000000022638                _close_r
 .text._fstat_r
                0x00000000000226e0       0x80 c:/devkitpro/devkita64/bin/../lib/gcc/aarch64-none-elf/8.1.0/../../../../aarch64-none-elf/lib/pic\libsysbase.a(fstat.o)
                0x00000000000226e0                _fstat_r
 .text._isatty_r
                0x0000000000022760        0x8 c:/devkitpro/devkita64/bin/../lib/gcc/aarch64-none-elf/8.1.0/../../../../aarch64-none-elf/lib/pic\libsysbase.a(isatty.o)
                0x0000000000022760                _isatty_r
 .text._lseek_r
                0x0000000000022768       0x94 c:/devkitpro/devkita64/bin/../lib/gcc/aarch64-none-elf/8.1.0/../../../../aarch64-none-elf/lib/pic\libsysbase.a(lseek.o)
                0x0000000000022768                _lseek_r
 *fill*         0x00000000000227fc        0x4 
 .text._read_r  0x0000000000022800       0xa4 c:/devkitpro/devkita64/bin/../lib/gcc/aarch64-none-elf/8.1.0/../../../../aarch64-none-elf/lib/pic\libsysbase.a(read.o)
                0x0000000000022800                _read_r
 *fill*         0x00000000000228a4        0x4 
 .text._sbrk_r  0x00000000000228a8       0x78 c:/devkitpro/devkita64/bin/../lib/gcc/aarch64-none-elf/8.1.0/../../../../aarch64-none-elf/lib/pic\libsysbase.a(sbrk.o)
                0x00000000000228a8                _sbrk_r
 .text._write_r
                0x0000000000022920       0xa4 c:/devkitpro/devkita64/bin/../lib/gcc/aarch64-none-elf/8.1.0/../../../../aarch64-none-elf/lib/pic\libsysbase.a(write.o)
                0x0000000000022920                _write_r
 *fill*         0x00000000000229c4        0x4 
 .text._concatenate_path
                0x00000000000229c8      0x224 c:/devkitpro/devkita64/bin/../lib/gcc/aarch64-none-elf/8.1.0/../../../../aarch64-none-elf/lib/pic\libsysbase.a(chdir.o)
                0x00000000000229c8                _concatenate_path
 *fill*         0x0000000000022bec        0x4 
 .text.chdir    0x0000000000022bf0      0x178 c:/devkitpro/devkita64/bin/../lib/gcc/aarch64-none-elf/8.1.0/../../../../aarch64-none-elf/lib/pic\libsysbase.a(chdir.o)
                0x0000000000022bf0                chdir
 .text.__libc_lock_acquire
                0x0000000000022d68       0x18 c:/devkitpro/devkita64/bin/../lib/gcc/aarch64-none-elf/8.1.0/../../../../aarch64-none-elf/lib/pic\libsysbase.a(syscall_support.o)
                0x0000000000022d68                __libc_lock_acquire
 .text.__libc_lock_release
                0x0000000000022d80       0x18 c:/devkitpro/devkita64/bin/../lib/gcc/aarch64-none-elf/8.1.0/../../../../aarch64-none-elf/lib/pic\libsysbase.a(syscall_support.o)
                0x0000000000022d80                __libc_lock_release
 .text.__libc_lock_init_recursive
                0x0000000000022d98       0x18 c:/devkitpro/devkita64/bin/../lib/gcc/aarch64-none-elf/8.1.0/../../../../aarch64-none-elf/lib/pic\libsysbase.a(syscall_support.o)
                0x0000000000022d98                __libc_lock_init_recursive
 .text.__libc_lock_acquire_recursive
                0x0000000000022db0       0x18 c:/devkitpro/devkita64/bin/../lib/gcc/aarch64-none-elf/8.1.0/../../../../aarch64-none-elf/lib/pic\libsysbase.a(syscall_support.o)
                0x0000000000022db0                __libc_lock_acquire_recursive
 .text.__libc_lock_release_recursive
                0x0000000000022dc8       0x18 c:/devkitpro/devkita64/bin/../lib/gcc/aarch64-none-elf/8.1.0/../../../../aarch64-none-elf/lib/pic\libsysbase.a(syscall_support.o)
                0x0000000000022dc8                __libc_lock_release_recursive
 .text.__libc_lock_close_recursive
                0x0000000000022de0       0x18 c:/devkitpro/devkita64/bin/../lib/gcc/aarch64-none-elf/8.1.0/../../../../aarch64-none-elf/lib/pic\libsysbase.a(syscall_support.o)
                0x0000000000022de0                __libc_lock_close_recursive
 .text.__free_handle
                0x0000000000022df8       0x3c c:/devkitpro/devkita64/bin/../lib/gcc/aarch64-none-elf/8.1.0/../../../../aarch64-none-elf/lib/pic\libsysbase.a(handle_manager.o)
                0x0000000000022df8                __free_handle
 *fill*         0x0000000000022e34        0x4 
 .text.__release_handle
                0x0000000000022e38       0x58 c:/devkitpro/devkita64/bin/../lib/gcc/aarch64-none-elf/8.1.0/../../../../aarch64-none-elf/lib/pic\libsysbase.a(handle_manager.o)
                0x0000000000022e38                __release_handle
 .text.__get_handle
                0x0000000000022e90       0x20 c:/devkitpro/devkita64/bin/../lib/gcc/aarch64-none-elf/8.1.0/../../../../aarch64-none-elf/lib/pic\libsysbase.a(handle_manager.o)
                0x0000000000022e90                __get_handle
 .text.__getreent
                0x0000000000022eb0       0x24 c:/devkitpro/devkita64/bin/../lib/gcc/aarch64-none-elf/8.1.0/../../../../aarch64-none-elf/lib/pic\libsysbase.a(getreent.o)
                0x0000000000022eb0                __getreent
 *fill*         0x0000000000022ed4        0x4 
 .text.__extenddftf2
                0x0000000000022ed8      0x150 c:/devkitpro/devkita64/bin/../lib/gcc/aarch64-none-elf/8.1.0/pic\libgcc.a(extenddftf2.o)
                0x0000000000022ed8                __extenddftf2
 .text.__trunctfdf2
                0x0000000000023028      0x350 c:/devkitpro/devkita64/bin/../lib/gcc/aarch64-none-elf/8.1.0/pic\libgcc.a(trunctfdf2.o)
                0x0000000000023028                __trunctfdf2
 .text.__sfp_handle_exceptions
                0x0000000000023378       0x70 c:/devkitpro/devkita64/bin/../lib/gcc/aarch64-none-elf/8.1.0/pic\libgcc.a(sfp-exceptions.o)
                0x0000000000023378                __sfp_handle_exceptions
 .text          0x00000000000233e8      0x100 c:/devkitpro/devkita64/bin/../lib/gcc/aarch64-none-elf/8.1.0/../../../../aarch64-none-elf/lib/pic\libg.a(lib_a-strrchr.o)
                0x00000000000233e8                strrchr
                0x00000000000234e8                . = ALIGN (0x8)

.fini           0x00000000000234e8       0x38
 *(.fini)
 .fini          0x00000000000234e8       0x18 c:/devkitpro/devkita64/bin/../lib/gcc/aarch64-none-elf/8.1.0/pic/crti.o
                0x00000000000234e8                _fini
 .fini          0x0000000000023500       0x1c c:/devkitpro/devkita64/bin/../lib/gcc/aarch64-none-elf/8.1.0/pic/crtn.o
                0x0000000000023520                . = ALIGN (0x8)
 *fill*         0x000000000002351c        0x4 
                0x0000000000024000                . = ALIGN (0x1000)

.rodata         0x0000000000024000     0x61a8
 *(.rodata .rodata.* .gnu.linkonce.r.*)
 .rodata.str1.8
                0x0000000000024000        0xa main.o
 *fill*         0x000000000002400a        0x2 
 .rodata.con_write
                0x000000000002400c       0x64 C:/devkitPro/libnx/lib\libnx.a(console.o)
 .rodata.colorTable
                0x0000000000024070       0x60 C:/devkitPro/libnx/lib\libnx.a(console.o)
 .rodata.con_write.str1.8
                0x00000000000240d0       0x56 C:/devkitPro/libnx/lib\libnx.a(console.o)
 *fill*         0x0000000000024126        0x2 
 .rodata.str1.8
                0x0000000000024128       0x14 C:/devkitPro/libnx/lib\libnx.a(console.o)
 *fill*         0x000000000002413c        0x4 
 .rodata.CSWTCH.39
                0x0000000000024140       0x14 C:/devkitPro/libnx/lib\libnx.a(applet.o)
 *fill*         0x0000000000024154        0x4 
 .rodata.appletInitialize.str1.8
                0x0000000000024158       0x19 C:/devkitPro/libnx/lib\libnx.a(applet.o)
 *fill*         0x0000000000024171        0x7 
 .rodata.hidInitialize.str1.8